NATIVE-CATBOOST SWAP ANALYSIS
  C0 (current numeric path) OOF = 0.961054
  C2 (native categorical CTRs) OOF = 0.961121
  v3 (59-member blend)        OOF = 0.961509
  C2 - C0 = +6.64e-5 on the full OOF

  per-fold paired deltas (C2 - C0):
    fold 0: 0.961008 -> 0.961067     +5.87e-5
    fold 1: 0.961221 -> 0.961337    +11.58e-5
    fold 2: 0.961174 -> 0.961151     -2.37e-5
    fold 3: 0.960267 -> 0.960411    +14.44e-5
    fold 4: 0.961665 -> 0.961695     +3.02e-5
    mean +6.51e-5   paired SE 3.00e-5   t = 2.17   positive in 4/5 folds

  v3 contains 7 CatBoost members: ['z3_cat_f10', 'z3_cat_d10', 'z3_cat_d8_s2', 'z3_cat_d6', 'prod5_cat_full_primary', 'z3_cat_core3', 'z3_cat_ogs']

  cat member                          AUC  corr w/ C0  corr w/ C2   spear C2
  --------------------------------------------------------------------------
  z3_cat_f10                     0.961072     0.99821     0.99821    0.98697
  z3_cat_d10                     0.961056     0.99852     0.99844    0.98809
  z3_cat_d8_s2                   0.960954     0.99786     0.99782    0.98506
  z3_cat_d6                      0.960938     0.99811     0.99820    0.98738
  prod5_cat_full_primary         0.960909     0.99824     0.99828    0.98777
  z3_cat_core3                   0.960895     0.99755     0.99750    0.98218
  z3_cat_ogs                     0.960864     0.99727     0.99723    0.98014

  CatBoost members WEAKER than C2 (0.961121): 7 of 7
    z3_cat_f10                   0.961072  (C2 is +4.9e-5 better)
    z3_cat_d10                   0.961056  (C2 is +6.5e-5 better)
    z3_cat_d8_s2                 0.960954  (C2 is +16.7e-5 better)
    z3_cat_d6                    0.960938  (C2 is +18.2e-5 better)
    prod5_cat_full_primary       0.960909  (C2 is +21.1e-5 better)
    z3_cat_core3                 0.960895  (C2 is +22.6e-5 better)
    z3_cat_ogs                   0.960864  (C2 is +25.7e-5 better)

  reconstructing v3 from its 59 stored members: all loaded
    rebuilt equal-logit OOF = 0.961509 (stored v3 = 0.961509, logit corr 1.000000)

  SWAP COUNTERFACTUAL (CatBoost block's 0.119 weight given to C2):
    before 0.961509   after 0.961505   delta -0.39e-5
    per fold: +0.02 +0.32 -1.25 -0.38 -0.28   positive in 2/5

  MARGINAL ADMISSION of C2 as a new member (fixed small weights, no fitting):
    w=0.01  +0.00e-5
    w=0.02  -0.00e-5
    w=0.05  -0.07e-5
    w=0.1   -0.34e-5

VERDICT: NEITHER clears the +1.5e-5 gate: marginal add +0.00e-5, swap -0.39e-5. Native categorical CTRs improve the CatBoost FAMILY (+6.6e-5 on C0) but v3's existing seven CatBoost members already occupy that region, so the ensemble cannot capture it without retraining the block.
wrote C:\Users\James\airline_S6E10\reports\p10b_swap.json
