store has 115 entries; 98 single-model members at or above OOF 0.955 are used for the dispersion measure
loaded 98 member logit vectors over 699,635 rows
families: {'lgbm': 47, 'realmlp': 12, 'xgb': 10, 'cat': 9, 'lgbm_soft': 7, 'lgbm_soft_nested': 6, 'tabm': 3, 'blend': 2, 'xgb_residual': 2}
reference blend blend_v3_final OOF = 0.961509

================================================================================================================
ERROR CONCENTRATION BY DISAGREEMENT DECILE  (ref = blend_v3_final)
================================================================================================================

--- std_logit ---
   decile     rows      pos   mean p         pairs       AUC  err share      cum
        0   69,964   23,240   0.3320 1,085,865,760  0.740375     40.76%   40.76%
        1   69,963   24,031   0.3442 1,103,791,892  0.930521     11.09%   51.85%
        2   69,964   27,885   0.3971 1,173,372,915  0.949137      8.63%   60.48%
        3   69,963   29,188   0.4169 1,190,140,700  0.956991      7.40%   67.88%
        4   69,964   30,627   0.4363 1,204,774,299  0.959974      6.97%   74.85%
        5   69,963   31,733   0.4533 1,213,152,590  0.964296      6.26%   81.11%
        6   69,964   32,859   0.4696 1,219,233,195  0.966113      5.97%   87.08%
        7   69,963   33,878   0.4838 1,222,487,630  0.970404      5.23%   92.31%
        8   69,964   34,183   0.4883 1,223,101,923  0.974151      4.57%   96.89%
        9   69,963   42,715   0.6112 1,163,898,320  0.981492      3.11%  100.00%
  confident (deciles 0-2): AUC=0.875621  82.4% of errors
  disputed  (deciles 7-9): AUC=0.975249  17.6% of errors
  cross-bucket pairs: 109,013,912,120  AUC=0.036313  890.3% of within-bucket errors

--- mad_logit ---
   decile     rows      pos   mean p         pairs       AUC  err share      cum
        0   69,964   29,252   0.4159 1,190,907,424  0.956469     10.89%   10.89%
        1   69,963   29,106   0.4157 1,189,183,842  0.958936     10.26%   21.15%
        2   69,964   28,944   0.4136 1,187,282,880  0.961028      9.72%   30.87%
        3   69,963   28,859   0.4122 1,186,220,336  0.960000      9.97%   40.84%
        4   69,964   28,877   0.4114 1,186,469,299  0.960987      9.73%   50.57%
        5   69,963   29,217   0.4177 1,190,475,882  0.961817      9.55%   60.12%
        6   69,964   29,473   0.4201 1,193,391,243  0.961456      9.66%   69.79%
        7   69,963   30,481   0.4373 1,203,450,842  0.962834      9.40%   79.18%
        8   69,964   33,565   0.4780 1,221,732,435  0.959776     10.33%   89.51%
        9   69,963   42,565   0.6108 1,166,195,870  0.957184     10.49%  100.00%
  confident (deciles 0-2): AUC=0.958809  50.5% of errors
  disputed  (deciles 7-9): AUC=0.959959  49.5% of errors
  cross-bucket pairs: 108,898,421,291  AUC=0.038333  878.9% of within-bucket errors

--- range_logit ---
   decile     rows      pos   mean p         pairs       AUC  err share      cum
        0   69,964   25,295   0.3622 1,129,902,355  0.729602     42.44%   42.44%
        1   69,963   25,131   0.3617 1,126,672,992  0.926000     11.58%   54.03%
        2   69,964   27,678   0.3957 1,170,391,908  0.948848      8.32%   62.34%
        3   69,963   28,730   0.4090 1,184,624,090  0.956429      7.17%   69.51%
        4   69,964   29,710   0.4227 1,195,946,340  0.960931      6.49%   76.00%
        5   69,963   30,610   0.4365 1,204,595,330  0.963474      6.11%   82.12%
        6   69,964   32,052   0.4580 1,215,155,424  0.967902      5.42%   87.53%
        7   69,963   33,325   0.4754 1,220,961,350  0.970869      4.94%   92.48%
        8   69,964   34,060   0.4862 1,222,890,240  0.973856      4.44%   96.92%
        9   69,963   43,748   0.6254 1,146,853,820  0.980648      3.08%  100.00%
  confident (deciles 0-2): AUC=0.869049  83.3% of errors
  disputed  (deciles 7-9): AUC=0.975009  16.7% of errors
  cross-bucket pairs: 108,995,737,495  AUC=0.036061  889.0% of within-bucket errors

--- iqr_logit ---
   decile     rows      pos   mean p         pairs       AUC  err share      cum
        0   69,964   31,951   0.4561 1,214,553,363  0.962085      9.63%    9.63%
        1   69,963   30,511   0.4357 1,203,719,972  0.961803      9.62%   19.25%
        2   69,964   29,516   0.4203 1,193,863,168  0.961263      9.67%   28.93%
        3   69,963   28,763   0.4107 1,185,035,600  0.961122      9.64%   38.56%
        4   69,964   28,217   0.4031 1,177,975,099  0.960283      9.79%   48.35%
        5   69,963   28,201   0.4014 1,177,730,162  0.959964      9.86%   58.21%
        6   69,964   28,556   0.4075 1,182,446,848  0.960008      9.89%   68.11%
        7   69,963   29,525   0.4234 1,193,931,950  0.959468     10.12%   78.23%
        8   69,964   32,427   0.4629 1,217,212,299  0.959153     10.40%   88.63%
        9   69,963   42,672   0.6118 1,164,561,552  0.953325     11.37%  100.00%
  confident (deciles 0-2): AUC=0.961719  47.6% of errors
  disputed  (deciles 7-9): AUC=0.957360  52.4% of errors
  cross-bucket pairs: 108,902,701,331  AUC=0.038312  879.3% of within-bucket errors

--- family_std ---
   decile     rows      pos   mean p         pairs       AUC  err share      cum
        0   69,964   26,027   0.3735 1,143,548,299  0.740596     41.67%   41.67%
        1   69,963   25,984   0.3733 1,142,750,336  0.928335     11.50%   53.17%
        2   69,964   27,642   0.3949 1,169,864,724  0.949345      8.32%   61.50%
        3   69,963   28,642   0.4085 1,183,516,082  0.955635      7.38%   68.87%
        4   69,964   29,869   0.4247 1,197,597,555  0.960016      6.73%   75.60%
        5   69,963   30,895   0.4405 1,207,005,860  0.963268      6.23%   81.83%
        6   69,964   31,937   0.4557 1,214,468,299  0.966892      5.65%   87.47%
        7   69,963   33,133   0.4740 1,220,288,390  0.970625      5.04%   92.51%
        8   69,964   34,465   0.4913 1,223,473,035  0.973932      4.48%   96.99%
        9   69,963   41,745   0.5964 1,177,960,410  0.981808      3.01%  100.00%
  confident (deciles 0-2): AUC=0.873329  83.1% of errors
  disputed  (deciles 7-9): AUC=0.975379  16.9% of errors
  cross-bucket pairs: 108,933,258,354  AUC=0.036154  883.8% of within-bucket errors

--- rank_range ---
   decile     rows      pos   mean p         pairs       AUC  err share      cum
        0   69,964   29,218   0.4168 1,190,516,628  0.787750     37.21%   37.21%
        1   69,963   33,514   0.4791 1,221,551,786  0.939395     10.90%   48.11%
        2   69,964   42,666   0.6087 1,164,696,468  0.959848      6.89%   55.00%
        3   69,963   42,383   0.6052 1,168,923,140  0.961228      6.67%   61.67%
        4   69,964   38,596   0.5503 1,210,679,328  0.965107      6.22%   67.89%
        5   69,963   33,623   0.4816 1,221,859,820  0.966571      6.01%   73.91%
        6   69,964   29,225   0.4179 1,190,597,275  0.965584      6.03%   79.94%
        7   69,963   25,563   0.3655 1,134,997,200  0.964349      5.96%   85.90%
        8   69,964   22,100   0.3155 1,057,794,400  0.959624      6.29%   92.19%
        9   69,963   13,451   0.1925   760,142,912  0.930207      7.81%  100.00%
  confident (deciles 0-2): AUC=0.895581  73.3% of errors
  disputed  (deciles 7-9): AUC=0.953867  26.7% of errors
  cross-bucket pairs: 109,491,972,387  AUC=0.036269  932.0% of within-bucket errors

--- logit_std_vs_abs ---
   decile     rows      pos   mean p         pairs       AUC  err share      cum
        0   69,964    5,276   0.0757   341,293,888  0.801567     10.36%   10.36%
        1   69,963    8,103   0.1161   501,251,580  0.878349      9.33%   19.69%
        2   69,964   14,771   0.2111   815,255,803  0.937198      7.83%   27.52%
        3   69,963   24,708   0.3527 1,118,160,540  0.961823      6.53%   34.05%
        4   69,964   34,493   0.4904 1,223,501,203  0.963734      6.79%   40.83%
        5   69,963   40,760   0.5812 1,190,314,280  0.961993      6.92%   47.75%
        6   69,964   44,820   0.6412 1,126,954,080  0.955508      7.67%   55.42%
        7   69,963   46,712   0.6679 1,086,100,712  0.952864      7.83%   63.26%
        8   69,964   48,047   0.6861 1,053,046,099  0.945975      8.70%   71.96%
        9   69,963   42,649   0.6105 1,164,914,786  0.842622     28.04%  100.00%
  confident (deciles 0-2): AUC=0.891482  38.2% of errors
  disputed  (deciles 7-9): AUC=0.911800  61.8% of errors
  cross-bucket pairs: 111,192,938,373  AUC=0.035942  1114.2% of within-bucket errors

--- pairwise error rate vs mean member disagreement (4,000 pos x 4,000 neg = 0.02e9 pairs) ---
    band              disagree           pairs   err rate  lift vs all
       0[   0.1045,   0.3628)       1,600,000    0.08560        2.11x
       1[   0.3628,   0.4070)       1,600,000    0.05665        1.40x
       2[   0.4070,   0.4300)       1,600,000    0.04659        1.15x
       3[   0.4300,   0.4470)       1,600,000    0.04071        1.00x
       4[   0.4470,   0.4620)       1,600,000    0.03755        0.92x
       5[   0.4620,   0.4771)       1,600,000    0.03531        0.87x
       6[   0.4771,   0.4940)       1,600,000    0.03300        0.81x
       7[   0.4940,   0.5155)       1,600,000    0.03050        0.75x
       8[   0.5155,   0.5507)       1,600,000    0.02557        0.63x
       9[   0.5507,   1.1167)       1,600,000    0.01453        0.36x

================================================================================================================
HEADLINE (std_logit): 17.6% of pairwise ranking errors fall in the top 3 disagreement deciles,
which hold 209,890 rows (30% of the data).
Confident rows rank at AUC=0.875621; disputed rows at AUC=0.975249.

VERDICT: MISSING SIGNAL, NOT EXCESS VARIANCE -- most error sits where members AGREE, so averaging and stochastic construction cannot reach it; look for new information
wrote C:\Users\James\airline_S6E10\reports\error_concentration.json (430.6s)
