store has 115 entries; 98 single-model members at or above OOF 0.955 are used for the dispersion measure
loaded 98 member logit vectors over 699,635 rows
families: {'lgbm': 47, 'realmlp': 12, 'xgb': 10, 'cat': 9, 'lgbm_soft': 7, 'lgbm_soft_nested': 6, 'tabm': 3, 'blend': 2, 'xgb_residual': 2}
reference blend blend_v3_final OOF = 0.961509

================================================================================================================
ERROR CONCENTRATION BY DISAGREEMENT DECILE  (ref = blend_v3_final)
================================================================================================================
measures computed: ['abs_logit_gap', 'std_over_gap', 'rank_range', 'rank_iqr', 'rank_std', 'family_rank_std', 'rank_range_over_gap', 'NAIVE_std_logit', 'NAIVE_logit_range']
primary measure: rank_range  (others retained for robustness)


--- abs_logit_gap ---
   decile     rows      pos   mean p         pairs       AUC  err share      cum
        0   69,964   28,680   0.4118 1,184,025,120  0.726318     38.68%   38.68%
        1   69,963   38,888   0.5559 1,208,444,600  0.906836     13.44%   52.12%
        2   69,964   44,936   0.6412 1,124,658,208  0.927005      9.80%   61.92%
        3   69,963   42,824   0.6110 1,162,200,536  0.940562      8.25%   70.16%
        4   69,964   36,599   0.5226 1,221,125,635  0.955129      6.54%   76.70%
        5   69,963   30,578   0.4351 1,204,314,530  0.958799      5.92%   82.63%
        6   69,964   25,279   0.3607 1,129,592,115  0.961609      5.18%   87.80%
        7   69,963   20,921   0.2988 1,026,007,682  0.958708      5.06%   92.86%
        8   69,964   17,391   0.2485   914,297,043  0.957259      4.66%   97.52%
        9   69,963   24,243   0.3473 1,108,389,960  0.981290      2.48%  100.00%
  confident (deciles 0-2): AUC=0.852515  83.5% of errors
  disputed  (deciles 7-9): AUC=0.966483  16.5% of errors
  [diagnostic only, not an error rate] cross-bucket pairs: 109,530,675,915  apparent AUC=0.0348

--- std_over_gap ---
   decile     rows      pos   mean p         pairs       AUC  err share      cum
        0   69,964    4,380   0.0633   287,257,920  0.772944      9.58%    9.58%
        1   69,963    7,599   0.1089   473,904,036  0.877408      8.53%   18.12%
        2   69,964   14,573   0.2080   807,213,043  0.936673      7.51%   25.63%
        3   69,963   25,207   0.3597 1,128,164,492  0.962414      6.23%   31.86%
        4   69,964   35,543   0.5053 1,223,425,603  0.964670      6.35%   38.21%
        5   69,963   41,914   0.5982 1,175,645,786  0.961059      6.73%   44.93%
        6   69,964   45,782   0.6542 1,107,100,324  0.953264      7.60%   52.53%
        7   69,963   47,382   0.6774 1,069,932,942  0.950248      7.82%   60.35%
        8   69,964   47,399   0.6775 1,069,558,435  0.944088      8.79%   69.14%
        9   69,963   40,560   0.5803 1,192,585,680  0.823846     30.86%  100.00%
  confident (deciles 0-2): AUC=0.888777  35.1% of errors
  disputed  (deciles 7-9): AUC=0.903030  64.9% of errors
  [diagnostic only, not an error rate] cross-bucket pairs: 111,278,943,083  apparent AUC=0.0357

--- rank_range ---
   decile     rows      pos   mean p         pairs       AUC  err share      cum
        0   69,964   29,218   0.4168 1,190,516,628  0.787750     37.21%   37.21%
        1   69,963   33,514   0.4791 1,221,551,786  0.939395     10.90%   48.11%
        2   69,964   42,666   0.6087 1,164,696,468  0.959848      6.89%   55.00%
        3   69,963   42,383   0.6052 1,168,923,140  0.961228      6.67%   61.67%
        4   69,964   38,596   0.5503 1,210,679,328  0.965107      6.22%   67.89%
        5   69,963   33,623   0.4816 1,221,859,820  0.966571      6.01%   73.91%
        6   69,964   29,225   0.4179 1,190,597,275  0.965584      6.03%   79.94%
        7   69,963   25,563   0.3655 1,134,997,200  0.964349      5.96%   85.90%
        8   69,964   22,100   0.3155 1,057,794,400  0.959624      6.29%   92.19%
        9   69,963   13,451   0.1925   760,142,912  0.930207      7.81%  100.00%
  confident (deciles 0-2): AUC=0.895581  73.3% of errors
  disputed  (deciles 7-9): AUC=0.953867  26.7% of errors
  [diagnostic only, not an error rate] cross-bucket pairs: 109,491,972,387  apparent AUC=0.0363

--- rank_iqr ---
   decile     rows      pos   mean p         pairs       AUC  err share      cum
        0   69,964   35,351   0.5057 1,223,604,163  0.841660     29.13%   29.13%
        1   69,963   31,556   0.4517 1,211,971,292  0.916338     15.25%   44.38%
        2   69,964   38,514   0.5506 1,211,265,300  0.959316      7.41%   51.79%
        3   69,963   41,673   0.5945 1,178,929,170  0.961649      6.80%   58.59%
        4   69,964   40,390   0.5759 1,194,493,860  0.962302      6.77%   65.36%
        5   69,963   35,562   0.5090 1,223,368,362  0.964993      6.44%   71.80%
        6   69,964   30,259   0.4316 1,201,433,595  0.964453      6.42%   78.22%
        7   69,963   24,212   0.3453 1,107,723,212  0.960054      6.65%   84.87%
        8   69,964   19,127   0.2725   972,359,299  0.950726      7.20%   92.08%
        9   69,963   13,695   0.1961   770,590,260  0.931644      7.92%  100.00%
  confident (deciles 0-2): AUC=0.905556  70.4% of errors
  disputed  (deciles 7-9): AUC=0.949192  29.6% of errors
  [diagnostic only, not an error rate] cross-bucket pairs: 109,517,992,831  apparent AUC=0.0364

--- rank_std ---
   decile     rows      pos   mean p         pairs       AUC  err share      cum
        0   69,964   29,634   0.4230 1,195,139,220  0.787662     36.90%   36.90%
        1   69,963   32,482   0.4639 1,217,457,842  0.935262     11.46%   48.36%
        2   69,964   42,414   0.6058 1,168,505,700  0.959666      6.85%   55.22%
        3   69,963   44,012   0.6279 1,142,155,412  0.959829      6.67%   61.89%
        4   69,964   39,863   0.5684 1,199,916,163  0.963482      6.37%   68.26%
        5   69,963   33,486   0.4796 1,221,468,822  0.967527      5.77%   74.03%
        6   69,964   28,569   0.4083 1,182,613,755  0.964144      6.17%   80.19%
        7   69,963   23,984   0.3430 1,102,760,336  0.963380      5.87%   86.06%
        8   69,964   20,327   0.2891 1,008,971,299  0.953602      6.81%   92.87%
        9   69,963   15,568   0.2239   846,821,360  0.942108      7.13%  100.00%
  confident (deciles 0-2): AUC=0.893966  73.6% of errors
  disputed  (deciles 7-9): AUC=0.953957  26.4% of errors
  [diagnostic only, not an error rate] cross-bucket pairs: 109,527,921,435  apparent AUC=0.0362

--- family_rank_std ---
   decile     rows      pos   mean p         pairs       AUC  err share      cum
        0   69,964   30,263   0.4328 1,201,471,363  0.801807     35.95%   35.95%
        1   69,963   33,672   0.4813 1,221,990,552  0.935461     11.91%   47.85%
        2   69,964   40,672   0.5807 1,191,364,224  0.963942      6.48%   54.34%
        3   69,963   39,743   0.5671 1,201,033,460  0.963884      6.55%   60.89%
        4   69,964   37,268   0.5320 1,218,514,528  0.965772      6.30%   67.18%
        5   69,963   34,362   0.4907 1,223,321,562  0.965783      6.32%   73.50%
        6   69,964   30,536   0.4373 1,203,973,408  0.966752      6.04%   79.54%
        7   69,963   26,525   0.3772 1,152,192,950  0.962948      6.44%   85.99%
        8   69,964   21,705   0.3106 1,047,461,595  0.958737      6.52%   92.51%
        9   69,963   15,593   0.2232   847,791,410  0.941506      7.49%  100.00%
  confident (deciles 0-2): AUC=0.900425  72.7% of errors
  disputed  (deciles 7-9): AUC=0.955536  27.3% of errors
  [diagnostic only, not an error rate] cross-bucket pairs: 109,304,616,292  apparent AUC=0.0365

--- rank_range_over_gap ---
   decile     rows      pos   mean p         pairs       AUC  err share      cum
        0   69,964   31,768   0.4539 1,213,410,528  0.927355     17.00%   17.00%
        1   69,963   34,320   0.4887 1,223,267,760  0.948356     12.18%   29.18%
        2   69,964   36,946   0.5275 1,219,883,028  0.962156      8.90%   38.08%
        3   69,963   36,165   0.5161 1,222,304,670  0.963713      8.55%   46.63%
        4   69,964   34,121   0.4861 1,222,999,003  0.966443      7.91%   54.54%
        5   69,963   31,550   0.4522 1,211,930,150  0.964611      8.27%   62.81%
        6   69,964   29,296   0.4180 1,191,409,728  0.965704      7.88%   70.69%
        7   69,963   27,223   0.3885 1,163,511,020  0.961550      8.63%   79.31%
        8   69,964   25,023   0.3575 1,124,558,643  0.957704      9.17%   88.48%
        9   69,963   23,927   0.3445 1,101,503,372  0.945779     11.52%  100.00%
  confident (deciles 0-2): AUC=0.945991  56.5% of errors
  disputed  (deciles 7-9): AUC=0.955149  43.5% of errors
  [diagnostic only, not an error rate] cross-bucket pairs: 108,918,953,442  apparent AUC=0.0379

--- NAIVE_std_logit ---
   decile     rows      pos   mean p         pairs       AUC  err share      cum
        0   69,964   23,240   0.3320 1,085,865,760  0.740375     40.76%   40.76%
        1   69,963   24,031   0.3442 1,103,791,892  0.930521     11.09%   51.85%
        2   69,964   27,885   0.3971 1,173,372,915  0.949137      8.63%   60.48%
        3   69,963   29,188   0.4169 1,190,140,700  0.956991      7.40%   67.88%
        4   69,964   30,627   0.4363 1,204,774,299  0.959974      6.97%   74.85%
        5   69,963   31,733   0.4533 1,213,152,590  0.964296      6.26%   81.11%
        6   69,964   32,859   0.4696 1,219,233,195  0.966113      5.97%   87.08%
        7   69,963   33,878   0.4838 1,222,487,630  0.970404      5.23%   92.31%
        8   69,964   34,183   0.4883 1,223,101,923  0.974151      4.57%   96.89%
        9   69,963   42,715   0.6112 1,163,898,320  0.981492      3.11%  100.00%
  confident (deciles 0-2): AUC=0.875621  82.4% of errors
  disputed  (deciles 7-9): AUC=0.975249  17.6% of errors
  [diagnostic only, not an error rate] cross-bucket pairs: 109,013,912,120  apparent AUC=0.0363

--- NAIVE_logit_range ---
   decile     rows      pos   mean p         pairs       AUC  err share      cum
        0   69,964   25,295   0.3622 1,129,902,355  0.729602     42.44%   42.44%
        1   69,963   25,131   0.3617 1,126,672,992  0.926000     11.58%   54.03%
        2   69,964   27,678   0.3957 1,170,391,908  0.948848      8.32%   62.34%
        3   69,963   28,730   0.4090 1,184,624,090  0.956429      7.17%   69.51%
        4   69,964   29,710   0.4227 1,195,946,340  0.960931      6.49%   76.00%
        5   69,963   30,610   0.4365 1,204,595,330  0.963474      6.11%   82.12%
        6   69,964   32,052   0.4580 1,215,155,424  0.967902      5.42%   87.53%
        7   69,963   33,325   0.4754 1,220,961,350  0.970869      4.94%   92.48%
        8   69,964   34,060   0.4862 1,222,890,240  0.973856      4.44%   96.92%
        9   69,963   43,748   0.6254 1,146,853,820  0.980648      3.08%  100.00%
  confident (deciles 0-2): AUC=0.869049  83.3% of errors
  disputed  (deciles 7-9): AUC=0.975009  16.7% of errors
  [diagnostic only, not an error rate] cross-bucket pairs: 108,995,737,495  apparent AUC=0.0361

================================================================================================================
PAIRWISE ERROR RATE vs DISAGREEMENT  (4,000 pos x 4,000 neg = 0.02e9 pairs, overall error rate 0.04060)
================================================================================================================

--- abs_logit_gap ---
    band          disagree range           pairs   err rate     lift
       0[    0.0067,    2.0207)       1,600,000    0.08560    2.11x
       1[    2.0207,    2.4669)       1,600,000    0.04938    1.22x
       2[    2.4669,    2.7881)       1,600,000    0.05209    1.28x
       3[    2.7881,    2.9669)       1,600,000    0.04660    1.15x
       4[    2.9669,    3.0932)       1,600,000    0.03902    0.96x
       5[    3.0932,    3.1996)       1,600,000    0.03192    0.79x
       6[    3.1996,    3.3028)       1,600,000    0.02655    0.65x
       7[    3.3028,    3.4179)       1,600,000    0.02423    0.60x
       8[    3.4179,    3.5801)       1,600,000    0.02648    0.65x
       9[    3.5801,    5.0038)       1,600,000    0.02415    0.59x
  monotone increasing? NO   bottom band 0.08560 -> top band 0.02415  (0.28x)

--- std_over_gap ---
    band          disagree range           pairs   err rate     lift
       0[    0.0841,    0.1280)       1,600,000    0.07149    1.76x
       1[    0.1280,    0.1321)       1,600,000    0.03201    0.79x
       2[    0.1321,    0.1353)       1,600,000    0.02584    0.64x
       3[    0.1353,    0.1384)       1,600,000    0.02519    0.62x
       4[    0.1384,    0.1418)       1,600,000    0.02726    0.67x
       5[    0.1418,    0.1460)       1,600,000    0.03101    0.76x
       6[    0.1460,    0.1519)       1,600,000    0.03482    0.86x
       7[    0.1519,    0.1624)       1,600,000    0.04064    1.00x
       8[    0.1624,    0.1962)       1,600,000    0.05025    1.24x
       9[    0.1962,    1.8644)       1,600,000    0.06749    1.66x
  monotone increasing? NO   bottom band 0.07149 -> top band 0.06749  (0.94x)

--- rank_range ---
    band          disagree range           pairs   err rate     lift
       0[    0.0138,    0.1269)       1,599,998    0.07432    1.83x
       1[    0.1269,    0.1590)       1,599,995    0.04042    1.00x
       2[    0.1590,    0.1843)       1,600,003    0.04033    0.99x
       3[    0.1843,    0.2063)       1,600,002    0.03956    0.97x
       4[    0.2063,    0.2261)       1,599,999    0.03520    0.87x
       5[    0.2261,    0.2446)       1,600,001    0.03291    0.81x
       6[    0.2446,    0.2631)       1,599,991    0.03222    0.79x
       7[    0.2631,    0.2834)       1,600,003    0.03306    0.81x
       8[    0.2834,    0.3097)       1,600,000    0.03464    0.85x
       9[    0.3097,    0.5196)       1,600,008    0.04335    1.07x
  monotone increasing? NO   bottom band 0.07432 -> top band 0.04335  (0.58x)

--- rank_iqr ---
    band          disagree range           pairs   err rate     lift
       0[    0.0016,    0.0228)       1,600,000    0.07556    1.86x
       1[    0.0228,    0.0310)       1,599,995    0.03523    0.87x
       2[    0.0310,    0.0372)       1,600,001    0.03730    0.92x
       3[    0.0372,    0.0429)       1,600,004    0.03770    0.93x
       4[    0.0429,    0.0484)       1,599,997    0.03709    0.91x
       5[    0.0484,    0.0539)       1,600,003    0.03410    0.84x
       6[    0.0539,    0.0597)       1,599,997    0.03488    0.86x
       7[    0.0597,    0.0665)       1,600,001    0.03465    0.85x
       8[    0.0665,    0.0764)       1,600,001    0.03820    0.94x
       9[    0.0764,    0.1949)       1,600,001    0.04131    1.02x
  monotone increasing? NO   bottom band 0.07556 -> top band 0.04131  (0.55x)

--- rank_std ---
    band          disagree range           pairs   err rate     lift
       0[    0.0022,    0.0231)       1,600,000    0.07589    1.87x
       1[    0.0231,    0.0295)       1,600,000    0.03856    0.95x
       2[    0.0295,    0.0347)       1,600,000    0.04129    1.02x
       3[    0.0347,    0.0393)       1,600,000    0.03809    0.94x
       4[    0.0393,    0.0433)       1,600,000    0.03290    0.81x
       5[    0.0433,    0.0472)       1,600,000    0.03331    0.82x
       6[    0.0472,    0.0513)       1,600,000    0.03249    0.80x
       7[    0.0513,    0.0559)       1,600,000    0.03349    0.82x
       8[    0.0559,    0.0625)       1,600,000    0.03592    0.88x
       9[    0.0625,    0.1288)       1,600,000    0.04408    1.09x
  monotone increasing? NO   bottom band 0.07589 -> top band 0.04408  (0.58x)

--- family_rank_std ---
    band          disagree range           pairs   err rate     lift
       0[    0.0010,    0.0121)       1,600,000    0.07429    1.83x
       1[    0.0121,    0.0160)       1,600,000    0.03963    0.98x
       2[    0.0160,    0.0191)       1,600,000    0.03794    0.93x
       3[    0.0191,    0.0220)       1,600,000    0.04009    0.99x
       4[    0.0220,    0.0247)       1,600,000    0.03623    0.89x
       5[    0.0247,    0.0274)       1,600,000    0.03410    0.84x
       6[    0.0274,    0.0304)       1,600,000    0.03231    0.80x
       7[    0.0304,    0.0341)       1,600,000    0.03301    0.81x
       8[    0.0341,    0.0395)       1,600,000    0.03461    0.85x
       9[    0.0395,    0.1005)       1,600,000    0.04379    1.08x
  monotone increasing? NO   bottom band 0.07429 -> top band 0.04379  (0.59x)

--- rank_range_over_gap ---
    band          disagree range           pairs   err rate     lift
       0[    0.0046,    0.0446)       1,600,000    0.04904    1.21x
       1[    0.0446,    0.0524)       1,600,000    0.03888    0.96x
       2[    0.0524,    0.0583)       1,600,000    0.03797    0.94x
       3[    0.0583,    0.0633)       1,600,000    0.03731    0.92x
       4[    0.0633,    0.0680)       1,600,000    0.03723    0.92x
       5[    0.0680,    0.0727)       1,600,000    0.03770    0.93x
       6[    0.0727,    0.0777)       1,600,000    0.03827    0.94x
       7[    0.0777,    0.0836)       1,600,000    0.03931    0.97x
       8[    0.0836,    0.0920)       1,600,000    0.04145    1.02x
       9[    0.0920,    0.4274)       1,600,000    0.04886    1.20x
  monotone increasing? NO   bottom band 0.04904 -> top band 0.04886  (1.00x)

verdict by level-free measure: {'abs_logit_gap': 'missing_signal', 'family_rank_std': 'missing_signal', 'rank_iqr': 'missing_signal', 'rank_range': 'missing_signal', 'rank_range_over_gap': 'variance', 'rank_std': 'missing_signal', 'std_over_gap': 'variance'}  -> INCONSISTENT across measures
  [confounded, for reference only] NAIVE_std_logit: 17.6% of errors in the top 3 deciles
  [confounded, for reference only] NAIVE_logit_range: 16.7% of errors in the top 3 deciles

================================================================================================================
HEADLINE (rank_range): 26.7% of pairwise ranking errors fall in the top 3 disagreement deciles,
which hold 209,890 rows (30% of the data).
By contrast the BOTTOM 3 deciles hold 73.3% of errors on the same number of rows.
Confident rows rank at AUC=0.895581; disputed rows at AUC=0.953867.

VERDICT: MISSING SIGNAL, NOT EXCESS VARIANCE -- most error sits where members AGREE, so averaging and stochastic construction cannot reach it; look for new information [BUT the verdict FLIPS across dispersion measures, so this instrument does not settle the question on its own]
wrote C:\Users\James\airline_S6E10\reports\error_concentration.json (549.3s)
