PHASE 11R -- staged native-CatBoost tests
====================================================================================================
  ES budget 2500 rounds, patience 200; Plain only; Ordered banned
  timing anchor 400 rounds (NOT 40: per-round cost rises with rounds)
  budget 90 min per arm; an arm projecting above that is reported, not launched

    [cache] view full: (699635, 237)

----------------------------------------------------------------------------------------------------
C4: C2 + exact categorical Age twin; numeric Age retained
  view=full scheme=primary depth=8 lr=0.04 l2=3.0 seed=4
  added categorical cardinality: {'Age': 75}
----------------------------------------------------------------------------------------------------
  fold 0: 303 feat (18 cat)  anchor 400 rounds = 0.3557s/round
    fitted cost(R) = 0.1743*R + 4.54e-04*R^2   projected ES(2500) + refit ~ 69 min
    [cache] view full: (699635, 237)

----------------------------------------------------------------------------------------------------
C5: C2 + exact categorical Flight Distance twin; numeric FD retained
  view=full scheme=primary depth=8 lr=0.04 l2=3.0 seed=4
  added categorical cardinality: {'Flight Distance': 3474}
----------------------------------------------------------------------------------------------------
  fold 0: 303 feat (18 cat)  anchor 400 rounds = 0.3598s/round
    fitted cost(R) = 0.1743*R + 4.64e-04*R^2   projected ES(2500) + refit ~ 70 min
    [cache] view full: (699635, 237)

----------------------------------------------------------------------------------------------------
ctr2: C2 with max_ctr_complexity=2; nothing else changes
  view=full scheme=primary depth=8 lr=0.04 l2=3.0 seed=4
  added categorical cardinality: {}
----------------------------------------------------------------------------------------------------
  fold 0: 302 feat (17 cat)  anchor 400 rounds = 0.3268s/round
    fitted cost(R) = 0.1743*R + 3.81e-04*R^2   projected ES(2500) + refit ~ 60 min

wrote C:\Users\James\airline_S6E10\reports\p11r_runs.json
