    [cache] view full: (699635, 237)
====================================================================================================
PHASE 12 -- native categorical splits inside the winning LightGBM extra_trees family
====================================================================================================
  champion member xt_xt_d127_s1: view=full scheme=primary seed=1
  params: extra_trees=True lr=0.02 num_leaves=127 min_child_samples=40 colsample=0.8 subsample=0.8 reg_lambda=1.0 max_bin=255 ES_patience=300
  categorical params pinned: {'cat_smooth': 10, 'cat_l2': 10, 'max_cat_threshold': 32, 'max_cat_to_onehot': 4, 'min_data_per_group': 100}
  declared prior: cat_smooth=10 and cat_l2=10 make a categorical split a SHRUNK target
  statistic with a prior -- the same smoothing family the 48 te_ columns already supply,
  so the expected effect is SMALL rather than new information. Stated before running.
  arm   cat cols  feat         AUC     delta  iters cat splits    sec
  ------------------------------------------------------------------------------------
  L0           0   285    0.961317     +2.7e   1002          0     63
  L0           0   285    0.961127     +2.8e    917          0     41
  L1           4   285    0.961314     +2.4e    782       3900     46

  L1: SAFETY CHECK FAILED, not training:
    - te_ columns changed vs control
python.exe : STOP: safety checks failed.
Au caractère Ligne:1 : 32
+ ... NG='utf-8'; & .\.venv\Scripts\python.exe -u scripts\run_phase12.py -- ...
+                 ~~~~~~~~~~~~~~~~~~~~~~~~~~~~~~~~~~~~~~~~~~~~~~~~~~~~~~~~~
    + CategoryInfo          : NotSpecified: (STOP: safety checks failed.:String) [], RemoteException
    + FullyQualifiedErrorId : NativeCommandError
 
