{"path": "artifacts\\features\\static_full_ogm.npz", "allocated_before_bytes": 845418496, "allocated_after_bytes": 845418496}
{"path": "artifacts\\features\\static_full_ogsurf.npz", "allocated_before_bytes": 594468864, "allocated_after_bytes": 594468864}
{"path": "artifacts\\features\\static_full.npz", "allocated_before_bytes": 254869504, "allocated_after_bytes": 254869504}
{"path": "artifacts\\features\\static_core3.npz", "allocated_before_bytes": 240029696, "allocated_after_bytes": 240029696}
{"path": "artifacts\\features\\static_raw_trans.npz", "allocated_before_bytes": 153243648, "allocated_after_bytes": 153243648}
{"path": "artifacts\\aux_distribution\\7ad17c480b722e7625c3596c8618a46feca1e834cb557015dc1405c6f36be04d\\fit.npy", "allocated_before_bytes": 436572368, "allocated_after_bytes": 417980416}
{"path": "artifacts\\aux_distribution\\dfd6a84b6372aaed10ad50fb402dfe4014ea3e2048ae35d5ad533b32c3785ee9\\fit.npy", "allocated_before_bytes": 349257920, "allocated_after_bytes": 334458880}
{"path": "artifacts\\aux_distribution\\b6962eddf3a5a51743939604bc91d7e3f176999683f5044d337a02cd7b942860\\fit.npy", "allocated_before_bytes": 349257920, "allocated_after_bytes": 334471168}
{"path": "artifacts\\aux_distribution\\5454f223e84bed6bd45b58a614f3824d478172cf67a34b44b8b239dd5b323603\\fit.npy", "allocated_before_bytes": 349257920, "allocated_after_bytes": 334479360}
{"path": "artifacts\\aux_distribution\\23b2d6be24dde20ac0051fb2040bf2e5871a332fb03f12d91f40dda34c327c29\\fit.npy", "allocated_before_bytes": 349257920, "allocated_after_bytes": 334446592}
{"path": "artifacts\\aux_distribution\\42a61b7165c82daaf3804254c7d369d2f2a0f9f4f2e018fff59e07e9b895afab\\fit.npy", "allocated_before_bytes": 349257920, "allocated_after_bytes": 334467072}
{"path": "artifacts\\aux_distribution\\6a639c65b2275d1e69477ac3e8e64a566a6f0a092eb742c95b0ad5af7a154506\\fit.npy", "allocated_before_bytes": 349257920, "allocated_after_bytes": 334462976}
{"path": "artifacts\\aux_distribution\\135c7530d7ddd06550eee3f49253efb812d40ff8a6959e683e46891d067fb678\\fit.npy", "allocated_before_bytes": 349257920, "allocated_after_bytes": 334483456}
{"path": "artifacts\\features\\static_raw_ext.npz", "allocated_before_bytes": 299844194, "allocated_after_bytes": 51474432}
{"path": "artifacts\\aux_distribution\\7ad17c480b722e7625c3596c8618a46feca1e834cb557015dc1405c6f36be04d\\apply.npy", "allocated_before_bytes": 187102784, "allocated_after_bytes": 179064832}
{"path": "artifacts\\sol_ssl12\\embedding.npy", "allocated_before_bytes": 127933440, "allocated_after_bytes": 119107584}
{"path": "artifacts\\aux_distribution\\dfd6a84b6372aaed10ad50fb402dfe4014ea3e2048ae35d5ad533b32c3785ee9\\apply.npy", "allocated_before_bytes": 87314576, "allocated_after_bytes": 83578880}
{"path": "artifacts\\aux_distribution\\b6962eddf3a5a51743939604bc91d7e3f176999683f5044d337a02cd7b942860\\apply.npy", "allocated_before_bytes": 87314576, "allocated_after_bytes": 83582976}
{"path": "artifacts\\aux_distribution\\5454f223e84bed6bd45b58a614f3824d478172cf67a34b44b8b239dd5b323603\\apply.npy", "allocated_before_bytes": 87314576, "allocated_after_bytes": 83582976}
{"path": "artifacts\\aux_distribution\\23b2d6be24dde20ac0051fb2040bf2e5871a332fb03f12d91f40dda34c327c29\\apply.npy", "allocated_before_bytes": 87314576, "allocated_after_bytes": 83578880}
{"path": "artifacts\\aux_distribution\\42a61b7165c82daaf3804254c7d369d2f2a0f9f4f2e018fff59e07e9b895afab\\apply.npy", "allocated_before_bytes": 87314576, "allocated_after_bytes": 83578880}
{"path": "artifacts\\aux_distribution\\6a639c65b2275d1e69477ac3e8e64a566a6f0a092eb742c95b0ad5af7a154506\\apply.npy", "allocated_before_bytes": 87314576, "allocated_after_bytes": 83578880}
{"path": "artifacts\\aux_distribution\\135c7530d7ddd06550eee3f49253efb812d40ff8a6959e683e46891d067fb678\\apply.npy", "allocated_before_bytes": 87314576, "allocated_after_bytes": 83582976}
{"path": "artifacts\\features\\static_raw.npz", "allocated_before_bytes": 83956730, "allocated_after_bytes": 11890688}
{"path": "artifacts\\sol_ssl12\\summary.npy", "allocated_before_bytes": 75960532, "allocated_after_bytes": 67817472}
{"status": "PASS_ALL_LOGICAL_BYTES_IDENTICAL", "disk_after_gib": 33.598365783691406, "seconds": 125.10900000005495}
