  refitting 32 members from v3_final on 699,635 rows (100% of labels)

    [cache] view core3: (699635, 225)
  [view core3] fit (699635, 225)  test (299844, 225)  225 features
    iteration for core3 {"learning_rate": 0.02, "num_leaves": 127, "extra_trees": tr: [782, 1029, 973] at 664,655 rows -> median 973 used for 699,635 (no upward correction) (106s)
  [1/32] xt_xt_core3                iter=  973 spearman(member)=0.99475 (34s)
    [cache] view full: (699635, 237)
  [view full] fit (699635, 285)  test (299844, 285)  285 features
    iteration for full {"learning_rate": 0.02, "num_leaves": 127, "extra_trees": tr: [613, 846, 641] at 664,655 rows -> median 641 used for 699,635 (no upward correction) (113s)
  [2/32] z4_xt_f10_s4               iter=  641 spearman(member)=0.99606 (49s)
  [3/32] xt_xt_f10                  iter=  641 spearman(member)=0.99614 (27s)
  [4/32] z3_xt_f10                  iter=  641 spearman(member)=0.99614 (28s)
  [5/32] z4_xt_f10_s3               iter=  641 spearman(member)=0.99585 (28s)
  [6/32] xt_xt_d127_s2              iter=  641 spearman(member)=0.99507 (27s)
  [7/32] z4_xt_sh_f10               iter=  641 spearman(member)=0.99604 (27s)
  [8/32] zoo_lgbm_xt                iter=  641 spearman(member)=0.99559 (29s)
    iteration for full {"learning_rate": 0.015, "num_leaves": 63, "extra_trees": tr: [1610, 1738, 2798] at 664,655 rows -> median 1738 used for 699,635 (no upward correction) (193s)
  [9/32] xt_xt_d63_lr015            iter= 1738 spearman(member)=0.99636 (55s)
    iteration for full {"learning_rate": 0.02, "num_leaves": 127, "min_child_sample: [780, 717, 1038] at 664,655 rows -> median 780 used for 699,635 (no upward correction) (117s)
  [10/32] xt_xt_d127_mcs100          iter=  780 spearman(member)=0.99606 (32s)
  [11/32] z3_xt_f10_s2               iter=  641 spearman(member)=0.99566 (34s)
    iteration for full {"learning_rate": 0.02, "num_leaves": 127, "subsample": 0.6,: [1134, 658, 592] at 664,655 rows -> median 658 used for 699,635 (no upward correction) (95s)
  [12/32] xt_xt_d127_ss06            iter=  658 spearman(member)=0.99375 (30s)
  [13/32] z4_xt_sh_s1                iter=  641 spearman(member)=0.99551 (37s)
  [14/32] xt_xt_d127_s1              iter=  641 spearman(member)=0.99518 (28s)
  [15/32] z4_xt_sh_s5                iter=  641 spearman(member)=0.99555 (33s)
    iteration for full {"learning_rate": 0.02, "num_leaves": 255, "min_child_sample: [479, 434, 553] at 664,655 rows -> median 479 used for 699,635 (no upward correction) (133s)
  [16/32] xt_xt_d255                 iter=  479 spearman(member)=0.99546 (25s)
    iteration for full {"learning_rate": 0.02, "num_leaves": 127, "max_bin": 63, "e: [711, 903, 797] at 664,655 rows -> median 797 used for 699,635 (no upward correction) (118s)
  [17/32] xt_xt_d127_bin63           iter=  797 spearman(member)=0.99484 (31s)
    iteration for full {"learning_rate": 0.02, "num_leaves": 127, "colsample_bytree: [764, 881, 1024] at 664,655 rows -> median 881 used for 699,635 (no upward correction) (122s)
  [18/32] xt_xt_d127_cs05            iter=  881 spearman(member)=0.99515 (35s)
    iteration for full {"learning_rate": 0.03, "num_leaves": 63, "extra_trees": tru: [430, 567, 854] at 664,655 rows -> median 567 used for 699,635 (no upward correction) (86s)
  [19/32] xt_xt_d63                  iter=  567 spearman(member)=0.99396 (21s)
  [20/32] z4_xt_sh_s2                iter=  641 spearman(member)=0.99513 (27s)
  [21/32] z4_xt_sh_s3                iter=  641 spearman(member)=0.99581 (34s)
  [22/32] z4_xt_sh_s4                iter=  641 spearman(member)=0.99527 (27s)
    iteration for full {"learning_rate": 0.02, "num_leaves": 255, "min_child_sample: [725, 558, 444] at 664,655 rows -> median 558 used for 699,635 (no upward correction) (129s)
  [23/32] zoo_lgbm_d255              iter=  558 spearman(member)=0.99259 (33s)
    iteration for full {"learning_rate": 0.02, "num_leaves": 127, "colsample_bytree: [578, 398, 870] at 664,655 rows -> median 578 used for 699,635 (no upward correction) (76s)
  [24/32] zoo_lgbm_lowcs             iter=  578 spearman(member)=0.98949 (21s)
    iteration for full null: [1004, 867, 1020] at 664,655 rows -> median 1004 used for 699,635 (no upward correction) (126s)
  [25/32] prod5_lgbm_full_primary    iter= 1004 spearman(member)=0.98519 (39s)
    iteration for full {"learning_rate": 0.02, "num_leaves": 127, "max_bin": 63}: [616, 770, 393] at 664,655 rows -> median 616 used for 699,635 (no upward correction) (94s)
  [26/32] zoo_lgbm_bin63             iter=  616 spearman(member)=0.99072 (26s)
    iteration for full {"learning_rate": 0.02, "num_leaves": 127}: [1004, 867, 1020] at 664,655 rows -> median 1004 used for 699,635 (no upward correction) (125s)
  [27/32] z4_lgb_sh_s1               iter= 1004 spearman(member)=0.98581 (39s)
  [28/32] z4_lgb_sh_s2               iter= 1004 spearman(member)=0.98581 (38s)
  [29/32] zoo_lgbm_d127              iter= 1004 spearman(member)=0.98611 (40s)
    iteration for full {"learning_rate": 0.03, "num_leaves": 63, "min_child_samples: [908, 450, 603] at 664,655 rows -> median 603 used for 699,635 (no upward correction) (82s)
  [30/32] zoo_lgbm_d63               iter=  603 spearman(member)=0.98866 (21s)
    [cache] view full_ogm: (699635, 473)
  [view full_ogm] fit (699635, 473)  test (299844, 473)  473 features
    iteration for full_ogm null: [458, 437, 615] at 664,655 rows -> median 458 used for 699,635 (no upward correction) (137s)
  [31/32] ogm_lgbm_full_ogm_primary  iter=  458 spearman(member)=0.98855 (44s)
    [cache] view full_ogsurf: (699635, 405)
  [view full_ogsurf] fit (699635, 405)  test (299844, 405)  405 features
    iteration for full_ogsurf {"learning_rate": 0.02, "num_leaves": 127, "extra_trees": tr: [680, 593, 940] at 664,655 rows -> median 680 used for 699,635 (no upward correction) (172s)
  [32/32] xt_xt_ogs                  iter=  680 spearman(member)=0.99512 (42s)

  candidate: refit 32/59 members on 100% of labels
    spearman vs v3_final = 0.998672
    logit corr vs v3_final = 0.999922

wrote artifacts\fulldata\members_fulldata.json
