xt_xt_d127_ss06 fold0: worker43056
xt_xt_d127_ss06 fold1: worker54464
xt_xt_d127_ss06 fold2: worker19720
xt_xt_d127_s1 fold0: worker44192
xt_xt_d127_s1 fold1: worker39620
xt_xt_d127_s1 fold2: worker27760
xt_xt_d255 fold0: worker55768
xt_xt_d255 fold1: worker54884
xt_xt_d255 fold2: worker9704
xt_xt_d127_bin63 fold0: worker45220
xt_xt_d127_bin63 fold1: worker54324
xt_xt_d127_bin63 fold2: worker7412
xt_xt_d127_cs05 fold0: worker51588
xt_xt_d127_cs05 fold1: worker35904
xt_xt_d127_cs05 fold2: worker28460
xt_xt_d63 fold0: worker54856
xt_xt_d63 fold1: worker54200
xt_xt_d63 fold2: worker55112
z3_cat_d8_s2 fold0: worker54436
z3_cat_d8_s2 fold1: worker54568
z3_cat_d8_s2 fold2: worker39756
prod5_xgb_full_primary fold0: worker52304
prod5_xgb_full_primary fold1: worker52084
prod5_xgb_full_primary fold2: worker8440
xt_xgb_lossguide fold0: worker13872
xt_xgb_lossguide fold1: worker31436
xt_xgb_lossguide fold2: worker43224
zoo_xgb_d6 fold0: worker47728
zoo_xgb_d6 fold1: worker53220
zoo_xgb_d6 fold2: worker8544
