Traceback (most recent call last):
  File "C:\Users\James\airline_S6E10\scripts\run_sol_tabpfn_test.py", line 127, in <module>
    raise SystemExit(main())
                     ^^^^^^
  File "C:\Users\James\airline_S6E10\scripts\run_sol_tabpfn_test.py", line 92, in main
    model.fit(x, y)
  File "C:\Users\James\AppData\Local\Programs\Python\Python311\Lib\contextlib.py", line 81, in inner
    return func(*args, **kwds)
           ^^^^^^^^^^^^^^^^^^^
  File "C:\Users\James\airline_S6E10\.venv\Lib\site-packages\tabpfn\classifier.py", line 1011, in fit
    self.executor_ = create_inference_engine(
                     ^^^^^^^^^^^^^^^^^^^^^^^^
  File "C:\Users\James\airline_S6E10\.venv\Lib\site-packages\tabpfn\base.py", line 395, in create_inference_engine
    return InferenceEngineExplicitKVCache(
           ^^^^^^^^^^^^^^^^^^^^^^^^^^^^^^^
  File "C:\Users\James\airline_S6E10\.venv\Lib\site-packages\tabpfn\inference.py", line 1203, in __init__
    built_caches = list(timed_caches)
                   ^^^^^^^^^^^^^^^^^^
  File "C:\Users\James\airline_S6E10\.venv\Lib\site-packages\tabpfn\inference.py", line 72, in __next__
    value = next(self._inner)
            ^^^^^^^^^^^^^^^^^
  File "C:\Users\James\airline_S6E10\.venv\Lib\site-packages\tabpfn\parallel_execute.py", line 86, in parallel_execute
    yield from _execute_in_current_thread(devices[0], functions)
  File "C:\Users\James\airline_S6E10\.venv\Lib\site-packages\tabpfn\parallel_execute.py", line 97, in _execute_in_current_thread
    yield function(device=device)
          ^^^^^^^^^^^^^^^^^^^^^^^
  File "C:\Users\James\airline_S6E10\.venv\Lib\site-packages\tabpfn\inference.py", line 1308, in _build_cache
    parts = [build(members) for members in forwards]
            ^^^^^^^^^^^^^^^^^^^^^^^^^^^^^^^^^^^^^^^^
  File "C:\Users\James\airline_S6E10\.venv\Lib\site-packages\tabpfn\inference.py", line 1308, in <listcomp>
    parts = [build(members) for members in forwards]
             ^^^^^^^^^^^^^^
  File "C:\Users\James\airline_S6E10\.venv\Lib\site-packages\tabpfn\inference.py", line 1286, in build
    _, cache = model(
               ^^^^^^
  File "C:\Users\James\airline_S6E10\.venv\Lib\site-packages\torch\nn\modules\module.py", line 1779, in _wrapped_call_impl
    return self._call_impl(*args, **kwargs)
           ^^^^^^^^^^^^^^^^^^^^^^^^^^^^^^^^
  File "C:\Users\James\airline_S6E10\.venv\Lib\site-packages\torch\nn\modules\module.py", line 1790, in _call_impl
    return forward_call(*args, **kwargs)
           ^^^^^^^^^^^^^^^^^^^^^^^^^^^^^
  File "C:\Users\James\airline_S6E10\.venv\Lib\site-packages\tabpfn\architectures\tabpfn_v3_5.py", line 2406, in forward
    x_BRiD, kv_entry = block(
                       ^^^^^^
  File "C:\Users\James\airline_S6E10\.venv\Lib\site-packages\torch\nn\modules\module.py", line 1779, in _wrapped_call_impl
    return self._call_impl(*args, **kwargs)
           ^^^^^^^^^^^^^^^^^^^^^^^^^^^^^^^^
  File "C:\Users\James\airline_S6E10\.venv\Lib\site-packages\torch\nn\modules\module.py", line 1790, in _call_impl
    return forward_call(*args, **kwargs)
           ^^^^^^^^^^^^^^^^^^^^^^^^^^^^^
  File "C:\Users\James\airline_S6E10\.venv\Lib\site-packages\tabpfn\architectures\tabpfn_v3_5.py", line 1616, in forward
    attn_out, kv_entry = self.icl_attention(
                         ^^^^^^^^^^^^^^^^^^^
  File "C:\Users\James\airline_S6E10\.venv\Lib\site-packages\torch\nn\modules\module.py", line 1779, in _wrapped_call_impl
    return self._call_impl(*args, **kwargs)
           ^^^^^^^^^^^^^^^^^^^^^^^^^^^^^^^^
  File "C:\Users\James\airline_S6E10\.venv\Lib\site-packages\torch\nn\modules\module.py", line 1790, in _call_impl
    return forward_call(*args, **kwargs)
           ^^^^^^^^^^^^^^^^^^^^^^^^^^^^^
  File "C:\Users\James\airline_S6E10\.venv\Lib\site-packages\tabpfn\architectures\tabpfn_v3_5.py", line 1374, in forward
    out = _batched_scaled_dot_product_attention(
          ^^^^^^^^^^^^^^^^^^^^^^^^^^^^^^^^^^^^^^
  File "C:\Users\James\airline_S6E10\.venv\Lib\site-packages\tabpfn\architectures\tabpfn_v3_5.py", line 1083, in _batched_scaled_dot_product_attention
    q_BSHD = softmax_scaling_layer(q_BSHD, src_len)
             ^^^^^^^^^^^^^^^^^^^^^^^^^^^^^^^^^^^^^^
  File "C:\Users\James\airline_S6E10\.venv\Lib\site-packages\torch\nn\modules\module.py", line 1779, in _wrapped_call_impl
    return self._call_impl(*args, **kwargs)
           ^^^^^^^^^^^^^^^^^^^^^^^^^^^^^^^^
  File "C:\Users\James\airline_S6E10\.venv\Lib\site-packages\torch\nn\modules\module.py", line 1790, in _call_impl
    return forward_call(*args, **kwargs)
           ^^^^^^^^^^^^^^^^^^^^^^^^^^^^^
  File "C:\Users\James\airline_S6E10\.venv\Lib\site-packages\tabpfn\architectures\tabpfn_v3_5.py", line 1049, in forward
    return q_BSHD * scales
           ~~~~~~~^~~~~~~~
torch.OutOfMemoryError: CUDA out of memory. Tried to allocate 1.34 GiB. GPU 0 has a total capacity of 15.92 GiB of which 1.40 GiB is free. 13.53 GiB allowed; Of the allocated memory 12.53 GiB is allocated by PyTorch, and 27.05 MiB is reserved by PyTorch but unallocated. If reserved but unallocated memory is large try setting PYTORCH_CUDA_ALLOC_CONF=expandable_segments:True to avoid fragmentation.  See documentation for Memory Management  (https://docs.pytorch.org/docs/stable/notes/cuda.html#optimizing-memory-usage-with-pytorch-cuda-alloc-conf)
