xt_xt_d127_ss06 fold0: worker30052
xt_xt_d127_ss06 fold1: worker35876
xt_xt_d127_ss06 fold2: worker3200
xt_xt_d127_ss06 fold3: worker48152
xt_xt_d127_ss06 fold4: worker39512
xt_xt_d127_s1 fold0: worker14848
xt_xt_d127_s1 fold1: worker21432
xt_xt_d127_s1 fold2: worker41436
xt_xt_d127_s1 fold3: worker41524
xt_xt_d127_s1 fold4: worker53288
xt_xt_d255 fold0: worker20608
xt_xt_d255 fold1: worker18240
xt_xt_d255 fold2: worker12076
xt_xt_d255 fold3: worker9484
xt_xt_d255 fold4: worker20116
xt_xt_d127_bin63 fold0: worker52784
xt_xt_d127_bin63 fold1: worker13884
xt_xt_d127_bin63 fold2: worker45984
xt_xt_d127_bin63 fold3: worker52428
xt_xt_d127_bin63 fold4: worker55280
xt_xt_d127_cs05 fold0: worker32712
xt_xt_d127_cs05 fold1: worker7228
xt_xt_d127_cs05 fold2: worker42952
xt_xt_d127_cs05 fold3: worker29756
xt_xt_d127_cs05 fold4: worker45536
xt_xt_d63 fold0: worker38932
xt_xt_d63 fold1: worker51036
xt_xt_d63 fold2: worker3620
xt_xt_d63 fold3: worker50672
xt_xt_d63 fold4: worker28900
z3_cat_d8_s2 fold0: worker6780
z3_cat_d8_s2 fold1: worker49084
z3_cat_d8_s2 fold2: worker55164
z3_cat_d8_s2 fold3: worker49112
z3_cat_d8_s2 fold4: worker43252
prod5_xgb_full_primary fold0: worker7620
prod5_xgb_full_primary fold1: worker53764
prod5_xgb_full_primary fold2: worker36816
prod5_xgb_full_primary fold3: worker4192
prod5_xgb_full_primary fold4: worker55960
xt_xgb_lossguide fold0: worker21316
xt_xgb_lossguide fold1: worker51796
xt_xgb_lossguide fold2: worker44888
xt_xgb_lossguide fold3: worker52712
xt_xgb_lossguide fold4: worker47372
zoo_xgb_d6 fold0: worker55640
zoo_xgb_d6 fold1: worker48436
zoo_xgb_d6 fold2: worker36136
zoo_xgb_d6 fold3: worker28292
zoo_xgb_d6 fold4: worker52400
