Collecting tabpfn==9.1.0
  Using cached tabpfn-9.1.0-py3-none-any.whl.metadata (23 kB)
Requirement already satisfied: torch>=2.5 in .\.venv\Lib\site-packages (from tabpfn==9.1.0) (2.11.0+cu128)
Collecting safetensors>=0.4.0 (from tabpfn==9.1.0)
  Using cached safetensors-0.8.0-cp310-abi3-win_amd64.whl.metadata (4.2 kB)
Requirement already satisfied: numpy>=1.21.6 in .\.venv\Lib\site-packages (from tabpfn==9.1.0) (2.4.6)
Requirement already satisfied: scikit-learn>=1.2.0 in .\.venv\Lib\site-packages (from tabpfn==9.1.0) (1.9.1)
Requirement already satisfied: typing_extensions>=4.12.0 in .\.venv\Lib\site-packages (from tabpfn==9.1.0) (4.16.0)
Requirement already satisfied: scipy>=1.11.1 in .\.venv\Lib\site-packages (from tabpfn==9.1.0) (1.17.1)
Requirement already satisfied: pandas>=1.4.0 in .\.venv\Lib\site-packages (from tabpfn==9.1.0) (3.0.6)
Collecting einops>=0.4.0 (from tabpfn==9.1.0)
  Using cached einops-0.8.2-py3-none-any.whl.metadata (13 kB)
Collecting huggingface-hub>=0.23.0 (from tabpfn==9.1.0)
  Using cached huggingface_hub-2.1.1-py3-none-any.whl.metadata (16 kB)
Collecting pydantic>=2.8.0 (from tabpfn==9.1.0)
  Using cached pydantic-2.13.5-py3-none-any.whl.metadata (110 kB)
Collecting pydantic-settings>=2.10.1 (from tabpfn==9.1.0)
  Using cached pydantic_settings-2.15.0-py3-none-any.whl.metadata (3.9 kB)
Requirement already satisfied: joblib>=1.2.0 in .\.venv\Lib\site-packages (from tabpfn==9.1.0) (1.6.0)
Requirement already satisfied: tqdm>=4.66.0 in .\.venv\Lib\site-packages (from tabpfn==9.1.0) (4.70.1)
Requirement already satisfied: filelock>=3.11.0 in .\.venv\Lib\site-packages (from tabpfn==9.1.0) (3.32.3)
Requirement already satisfied: lightgbm>=4.4 in .\.venv\Lib\site-packages (from tabpfn==9.1.0) (4.7.0)
Collecting skrub<0.11,>=0.7 (from tabpfn==9.1.0)
  Using cached skrub-0.10.1-py3-none-any.whl.metadata (4.5 kB)
Requirement already satisfied: matplotlib>=3.6.1 in .\.venv\Lib\site-packages (from tabpfn==9.1.0) (3.11.2)
Requirement already satisfied: jinja2>=3.1.2 in .\.venv\Lib\site-packages (from skrub<0.11,>=0.7->tabpfn==9.1.0) (3.1.6)
Requirement already satisfied: requests>=2.27.1 in .\.venv\Lib\site-packages (from skrub<0.11,>=0.7->tabpfn==9.1.0) (2.34.2)
Collecting pydot (from skrub<0.11,>=0.7->tabpfn==9.1.0)
  Using cached pydot-4.0.1-py3-none-any.whl.metadata (11 kB)
Requirement already satisfied: cloudpickle>=3.0 in .\.venv\Lib\site-packages (from skrub<0.11,>=0.7->tabpfn==9.1.0) (3.1.2)
Requirement already satisfied: click<9.0.0,>=8.4.2 in .\.venv\Lib\site-packages (from huggingface-hub>=0.23.0->tabpfn==9.1.0) (8.5.0)
Requirement already satisfied: fsspec>=2023.5.0 in .\.venv\Lib\site-packages (from huggingface-hub>=0.23.0->tabpfn==9.1.0) (2026.7.0)
Collecting hf-xet<2.0.0,>=1.6.0 (from huggingface-hub>=0.23.0->tabpfn==9.1.0)
  Using cached hf_xet-1.7.0-cp38-abi3-win_amd64.whl.metadata (4.9 kB)
Collecting httpx2<3,>=2.0.0 (from huggingface-hub>=0.23.0->tabpfn==9.1.0)
  Using cached httpx2-2.13.1-py3-none-any.whl.metadata (9.8 kB)
Requirement already satisfied: packaging>=20.9 in .\.venv\Lib\site-packages (from huggingface-hub>=0.23.0->tabpfn==9.1.0) (26.3)
Requirement already satisfied: pyyaml>=5.1 in .\.venv\Lib\site-packages (from huggingface-hub>=0.23.0->tabpfn==9.1.0) (6.0.3)
Collecting anyio>=4.10 (from httpx2<3,>=2.0.0->huggingface-hub>=0.23.0->tabpfn==9.1.0)
  Using cached anyio-4.15.1-py3-none-any.whl.metadata (4.7 kB)
Collecting httpcore2==2.13.1 (from httpx2<3,>=2.0.0->huggingface-hub>=0.23.0->tabpfn==9.1.0)
  Using cached httpcore2-2.13.1-py3-none-any.whl.metadata (26 kB)
Requirement already satisfied: idna>=3.18 in .\.venv\Lib\site-packages (from httpx2<3,>=2.0.0->huggingface-hub>=0.23.0->tabpfn==9.1.0) (3.20)
Collecting truststore>=0.10 (from httpx2<3,>=2.0.0->huggingface-hub>=0.23.0->tabpfn==9.1.0)
  Using cached truststore-0.10.4-py3-none-any.whl.metadata (4.4 kB)
Collecting h11>=0.16 (from httpcore2==2.13.1->httpx2<3,>=2.0.0->huggingface-hub>=0.23.0->tabpfn==9.1.0)
  Using cached h11-0.16.0-py3-none-any.whl.metadata (8.3 kB)
Requirement already satisfied: MarkupSafe>=2.0 in .\.venv\Lib\site-packages (from jinja2>=3.1.2->skrub<0.11,>=0.7->tabpfn==9.1.0) (3.0.3)
Requirement already satisfied: narwhals>=1.15 in .\.venv\Lib\site-packages (from lightgbm>=4.4->tabpfn==9.1.0) (2.26.0)
Requirement already satisfied: contourpy>=1.0.1 in .\.venv\Lib\site-packages (from matplotlib>=3.6.1->tabpfn==9.1.0) (1.3.3)
Requirement already satisfied: cycler>=0.10 in .\.venv\Lib\site-packages (from matplotlib>=3.6.1->tabpfn==9.1.0) (0.12.1)
Requirement already satisfied: fonttools>=4.28.2 in .\.venv\Lib\site-packages (from matplotlib>=3.6.1->tabpfn==9.1.0) (4.66.1)
Requirement already satisfied: kiwisolver>=1.3.1 in .\.venv\Lib\site-packages (from matplotlib>=3.6.1->tabpfn==9.1.0) (1.5.1)
Requirement already satisfied: pillow>=9 in .\.venv\Lib\site-packages (from matplotlib>=3.6.1->tabpfn==9.1.0) (12.3.0)
Requirement already satisfied: pyparsing>=3 in .\.venv\Lib\site-packages (from matplotlib>=3.6.1->tabpfn==9.1.0) (3.3.3)
Requirement already satisfied: python-dateutil>=2.7 in .\.venv\Lib\site-packages (from matplotlib>=3.6.1->tabpfn==9.1.0) (2.9.0.post0)
Requirement already satisfied: tzdata in .\.venv\Lib\site-packages (from pandas>=1.4.0->tabpfn==9.1.0) (2026.4)
Collecting annotated-types>=0.6.0 (from pydantic>=2.8.0->tabpfn==9.1.0)
  Using cached annotated_types-0.8.0-py3-none-any.whl.metadata (15 kB)
Collecting pydantic-core==2.46.5 (from pydantic>=2.8.0->tabpfn==9.1.0)
  Using cached pydantic_core-2.46.5-cp311-cp311-win_amd64.whl.metadata (6.7 kB)
Collecting typing-inspection>=0.4.2 (from pydantic>=2.8.0->tabpfn==9.1.0)
  Using cached typing_inspection-0.4.4-py3-none-any.whl.metadata (2.6 kB)
Requirement already satisfied: python-dotenv>=0.21.0 in .\.venv\Lib\site-packages (from pydantic-settings>=2.10.1->tabpfn==9.1.0) (1.2.4)
Requirement already satisfied: six>=1.5 in .\.venv\Lib\site-packages (from python-dateutil>=2.7->matplotlib>=3.6.1->tabpfn==9.1.0) (1.17.0)
Requirement already satisfied: charset_normalizer<4,>=2 in .\.venv\Lib\site-packages (from requests>=2.27.1->skrub<0.11,>=0.7->tabpfn==9.1.0) (3.5.2)
Requirement already satisfied: urllib3<3,>=1.26 in .\.venv\Lib\site-packages (from requests>=2.27.1->skrub<0.11,>=0.7->tabpfn==9.1.0) (2.8.0)
Requirement already satisfied: certifi>=2023.5.7 in .\.venv\Lib\site-packages (from requests>=2.27.1->skrub<0.11,>=0.7->tabpfn==9.1.0) (2026.7.22)
Requirement already satisfied: threadpoolctl>=3.5.0 in .\.venv\Lib\site-packages (from scikit-learn>=1.2.0->tabpfn==9.1.0) (3.7.0)
Requirement already satisfied: setuptools<82 in .\.venv\Lib\site-packages (from torch>=2.5->tabpfn==9.1.0) (78.1.0)
Requirement already satisfied: sympy>=1.13.3 in .\.venv\Lib\site-packages (from torch>=2.5->tabpfn==9.1.0) (1.14.0)
Requirement already satisfied: networkx>=2.5.1 in .\.venv\Lib\site-packages (from torch>=2.5->tabpfn==9.1.0) (3.6.1)
Requirement already satisfied: mpmath<1.4,>=1.1.0 in .\.venv\Lib\site-packages (from sympy>=1.13.3->torch>=2.5->tabpfn==9.1.0) (1.3.0)
Requirement already satisfied: colorama in .\.venv\Lib\site-packages (from tqdm>=4.66.0->tabpfn==9.1.0) (0.4.6)
Downloading tabpfn-9.1.0-py3-none-any.whl (849 kB)
   ---------------------------------------- 849.3/849.3 kB 18.9 MB/s  0:00:00
Downloading skrub-0.10.1-py3-none-any.whl (595 kB)
   ---------------------------------------- 595.9/595.9 kB 22.3 MB/s  0:00:00
Downloading einops-0.8.2-py3-none-any.whl (65 kB)
Using cached huggingface_hub-2.1.1-py3-none-any.whl (838 kB)
Downloading hf_xet-1.7.0-cp38-abi3-win_amd64.whl (3.8 MB)
   ---------------------------------------- 3.8/3.8 MB 45.6 MB/s  0:00:00
Using cached httpx2-2.13.1-py3-none-any.whl (95 kB)
Using cached httpcore2-2.13.1-py3-none-any.whl (83 kB)
Using cached anyio-4.15.1-py3-none-any.whl (132 kB)
Using cached h11-0.16.0-py3-none-any.whl (37 kB)
Using cached pydantic-2.13.5-py3-none-any.whl (472 kB)
Using cached pydantic_core-2.46.5-cp311-cp311-win_amd64.whl (2.0 MB)
Using cached annotated_types-0.8.0-py3-none-any.whl (13 kB)
Downloading pydantic_settings-2.15.0-py3-none-any.whl (69 kB)
Using cached safetensors-0.8.0-cp310-abi3-win_amd64.whl (355 kB)
Using cached truststore-0.10.4-py3-none-any.whl (18 kB)
Using cached typing_inspection-0.4.4-py3-none-any.whl (14 kB)
Downloading pydot-4.0.1-py3-none-any.whl (37 kB)
Installing collected packages: typing-inspection, truststore, safetensors, pydot, pydantic-core, hf-xet, h11, einops, anyio, annotated-types, pydantic, httpcore2, skrub, pydantic-settings, httpx2, huggingface-hub, tabpfn

Successfully installed annotated-types-0.8.0 anyio-4.15.1 einops-0.8.2 h11-0.16.0 hf-xet-1.7.0 httpcore2-2.13.1 httpx2-2.13.1 huggingface-hub-2.1.1 pydantic-2.13.5 pydantic-core-2.46.5 pydantic-settings-2.15.0 pydot-4.0.1 safetensors-0.8.0 skrub-0.10.1 tabpfn-9.1.0 truststore-0.10.4 typing-inspection-0.4.4
