{"utc": "2026-10-07T23:46:44.370498+00:00", "status": "RUNNING", "member": "xt_xt_d127_ss06", "fold": 0, "completed": [], "command": ["C:\\Users\\James\\airline_S6E10\\.venv\\Scripts\\python.exe", "-u", "scripts/replay_sol_classical.py", "--members", "xt_xt_d127_ss06", "--folds", "0", "--tag", "sol_clean_aux10_isolated"]}
    [cache] view full: (699635, 237)
clean fold0: aux probability cache 5454f223e84b
xt_xt_d127_ss06_f0: AUC0.961170609; 718 trees; 54.4s
{"utc": "2026-10-07T23:47:53.458224+00:00", "status": "RUNNING", "member": "xt_xt_d127_ss06", "fold": 1, "completed": [{"member": "xt_xt_d127_ss06", "fold": 0}], "command": ["C:\\Users\\James\\airline_S6E10\\.venv\\Scripts\\python.exe", "-u", "scripts/replay_sol_classical.py", "--members", "xt_xt_d127_ss06", "--folds", "1", "--tag", "sol_clean_aux10_isolated"]}
    [cache] view full: (699635, 237)
clean fold1: aux probability cache b6962eddf3a5
xt_xt_d127_ss06_f1: AUC0.961320736; 658 trees; 48.2s
{"utc": "2026-10-07T23:48:54.632115+00:00", "status": "RUNNING", "member": "xt_xt_d127_s1", "fold": 0, "completed": [{"member": "xt_xt_d127_ss06", "fold": 0}, {"member": "xt_xt_d127_ss06", "fold": 1}], "command": ["C:\\Users\\James\\airline_S6E10\\.venv\\Scripts\\python.exe", "-u", "scripts/replay_sol_classical.py", "--members", "xt_xt_d127_s1", "--folds", "0", "--tag", "sol_clean_aux10_isolated"]}
    [cache] view full: (699635, 237)
clean fold0: aux probability cache 5454f223e84b
xt_xt_d127_s1_f0: AUC0.961307110; 629 trees; 53.1s
{"utc": "2026-10-07T23:50:00.595415+00:00", "status": "RUNNING", "member": "xt_xt_d127_s1", "fold": 1, "completed": [{"member": "xt_xt_d127_ss06", "fold": 0}, {"member": "xt_xt_d127_ss06", "fold": 1}, {"member": "xt_xt_d127_s1", "fold": 0}], "command": ["C:\\Users\\James\\airline_S6E10\\.venv\\Scripts\\python.exe", "-u", "scripts/replay_sol_classical.py", "--members", "xt_xt_d127_s1", "--folds", "1", "--tag", "sol_clean_aux10_isolated"]}
    [cache] view full: (699635, 237)
clean fold1: aux probability cache b6962eddf3a5
xt_xt_d127_s1_f1: AUC0.961469603; 780 trees; 61.9s
{"utc": "2026-10-07T23:51:15.290309+00:00", "status": "RUNNING", "member": "xt_xt_d255", "fold": 0, "completed": [{"member": "xt_xt_d127_ss06", "fold": 0}, {"member": "xt_xt_d127_ss06", "fold": 1}, {"member": "xt_xt_d127_s1", "fold": 0}, {"member": "xt_xt_d127_s1", "fold": 1}], "command": ["C:\\Users\\James\\airline_S6E10\\.venv\\Scripts\\python.exe", "-u", "scripts/replay_sol_classical.py", "--members", "xt_xt_d255", "--folds", "0", "--tag", "sol_clean_aux10_isolated"]}
    [cache] view full: (699635, 237)
clean fold0: aux probability cache 5454f223e84b
xt_xt_d255_f0: AUC0.961256002; 560 trees; 61.6s
{"utc": "2026-10-07T23:52:30.006582+00:00", "status": "RUNNING", "member": "xt_xt_d255", "fold": 1, "completed": [{"member": "xt_xt_d127_ss06", "fold": 0}, {"member": "xt_xt_d127_ss06", "fold": 1}, {"member": "xt_xt_d127_s1", "fold": 0}, {"member": "xt_xt_d127_s1", "fold": 1}, {"member": "xt_xt_d255", "fold": 0}], "command": ["C:\\Users\\James\\airline_S6E10\\.venv\\Scripts\\python.exe", "-u", "scripts/replay_sol_classical.py", "--members", "xt_xt_d255", "--folds", "1", "--tag", "sol_clean_aux10_isolated"]}
    [cache] view full: (699635, 237)
clean fold1: aux probability cache b6962eddf3a5
xt_xt_d255_f1: AUC0.961344132; 632 trees; 66.7s
{"utc": "2026-10-07T23:53:49.455164+00:00", "status": "RUNNING", "member": "xt_xt_d127_bin63", "fold": 0, "completed": [{"member": "xt_xt_d127_ss06", "fold": 0}, {"member": "xt_xt_d127_ss06", "fold": 1}, {"member": "xt_xt_d127_s1", "fold": 0}, {"member": "xt_xt_d127_s1", "fold": 1}, {"member": "xt_xt_d255", "fold": 0}, {"member": "xt_xt_d255", "fold": 1}], "command": ["C:\\Users\\James\\airline_S6E10\\.venv\\Scripts\\python.exe", "-u", "scripts/replay_sol_classical.py", "--members", "xt_xt_d127_bin63", "--folds", "0", "--tag", "sol_clean_aux10_isolated"]}
    [cache] view full: (699635, 237)
clean fold0: aux probability cache 5454f223e84b
xt_xt_d127_bin63_f0: AUC0.961161585; 1060 trees; 72.2s
{"utc": "2026-10-07T23:55:14.304263+00:00", "status": "RUNNING", "member": "xt_xt_d127_bin63", "fold": 1, "completed": [{"member": "xt_xt_d127_ss06", "fold": 0}, {"member": "xt_xt_d127_ss06", "fold": 1}, {"member": "xt_xt_d127_s1", "fold": 0}, {"member": "xt_xt_d127_s1", "fold": 1}, {"member": "xt_xt_d255", "fold": 0}, {"member": "xt_xt_d255", "fold": 1}, {"member": "xt_xt_d127_bin63", "fold": 0}], "command": ["C:\\Users\\James\\airline_S6E10\\.venv\\Scripts\\python.exe", "-u", "scripts/replay_sol_classical.py", "--members", "xt_xt_d127_bin63", "--folds", "1", "--tag", "sol_clean_aux10_isolated"]}
    [cache] view full: (699635, 237)
clean fold1: aux probability cache b6962eddf3a5
xt_xt_d127_bin63_f1: AUC0.961384168; 618 trees; 52.6s
{"utc": "2026-10-07T23:56:19.623823+00:00", "status": "RUNNING", "member": "xt_xt_d127_cs05", "fold": 0, "completed": [{"member": "xt_xt_d127_ss06", "fold": 0}, {"member": "xt_xt_d127_ss06", "fold": 1}, {"member": "xt_xt_d127_s1", "fold": 0}, {"member": "xt_xt_d127_s1", "fold": 1}, {"member": "xt_xt_d255", "fold": 0}, {"member": "xt_xt_d255", "fold": 1}, {"member": "xt_xt_d127_bin63", "fold": 0}, {"member": "xt_xt_d127_bin63", "fold": 1}], "command": ["C:\\Users\\James\\airline_S6E10\\.venv\\Scripts\\python.exe", "-u", "scripts/replay_sol_classical.py", "--members", "xt_xt_d127_cs05", "--folds", "0", "--tag", "sol_clean_aux10_isolated"]}
    [cache] view full: (699635, 237)
clean fold0: aux probability cache 5454f223e84b
xt_xt_d127_cs05_f0: AUC0.961278611; 1230 trees; 67.8s
{"utc": "2026-10-07T23:57:41.124095+00:00", "status": "RUNNING", "member": "xt_xt_d127_cs05", "fold": 1, "completed": [{"member": "xt_xt_d127_ss06", "fold": 0}, {"member": "xt_xt_d127_ss06", "fold": 1}, {"member": "xt_xt_d127_s1", "fold": 0}, {"member": "xt_xt_d127_s1", "fold": 1}, {"member": "xt_xt_d255", "fold": 0}, {"member": "xt_xt_d255", "fold": 1}, {"member": "xt_xt_d127_bin63", "fold": 0}, {"member": "xt_xt_d127_bin63", "fold": 1}, {"member": "xt_xt_d127_cs05", "fold": 0}], "command": ["C:\\Users\\James\\airline_S6E10\\.venv\\Scripts\\python.exe", "-u", "scripts/replay_sol_classical.py", "--members", "xt_xt_d127_cs05", "--folds", "1", "--tag", "sol_clean_aux10_isolated"]}
    [cache] view full: (699635, 237)
clean fold1: aux probability cache b6962eddf3a5
xt_xt_d127_cs05_f1: AUC0.961346794; 940 trees; 75.9s
{"utc": "2026-10-07T23:59:09.946425+00:00", "status": "RUNNING", "member": "xt_xt_d63", "fold": 0, "completed": [{"member": "xt_xt_d127_ss06", "fold": 0}, {"member": "xt_xt_d127_ss06", "fold": 1}, {"member": "xt_xt_d127_s1", "fold": 0}, {"member": "xt_xt_d127_s1", "fold": 1}, {"member": "xt_xt_d255", "fold": 0}, {"member": "xt_xt_d255", "fold": 1}, {"member": "xt_xt_d127_bin63", "fold": 0}, {"member": "xt_xt_d127_bin63", "fold": 1}, {"member": "xt_xt_d127_cs05", "fold": 0}, {"member": "xt_xt_d127_cs05", "fold": 1}], "command": ["C:\\Users\\James\\airline_S6E10\\.venv\\Scripts\\python.exe", "-u", "scripts/replay_sol_classical.py", "--members", "xt_xt_d63", "--folds", "0", "--tag", "sol_clean_aux10_isolated"]}
    [cache] view full: (699635, 237)
clean fold0: aux probability cache 5454f223e84b
xt_xt_d63_f0: AUC0.961186655; 1021 trees; 60.3s
{"utc": "2026-10-08T00:00:22.942559+00:00", "status": "RUNNING", "member": "xt_xt_d63", "fold": 1, "completed": [{"member": "xt_xt_d127_ss06", "fold": 0}, {"member": "xt_xt_d127_ss06", "fold": 1}, {"member": "xt_xt_d127_s1", "fold": 0}, {"member": "xt_xt_d127_s1", "fold": 1}, {"member": "xt_xt_d255", "fold": 0}, {"member": "xt_xt_d255", "fold": 1}, {"member": "xt_xt_d127_bin63", "fold": 0}, {"member": "xt_xt_d127_bin63", "fold": 1}, {"member": "xt_xt_d127_cs05", "fold": 0}, {"member": "xt_xt_d127_cs05", "fold": 1}, {"member": "xt_xt_d63", "fold": 0}], "command": ["C:\\Users\\James\\airline_S6E10\\.venv\\Scripts\\python.exe", "-u", "scripts/replay_sol_classical.py", "--members", "xt_xt_d63", "--folds", "1", "--tag", "sol_clean_aux10_isolated"]}
    [cache] view full: (699635, 237)
clean fold1: aux probability cache b6962eddf3a5
xt_xt_d63_f1: AUC0.961437424; 753 trees; 49.5s
{"utc": "2026-10-08T00:01:25.290972+00:00", "status": "RUNNING", "member": "z3_cat_d8_s2", "fold": 0, "completed": [{"member": "xt_xt_d127_ss06", "fold": 0}, {"member": "xt_xt_d127_ss06", "fold": 1}, {"member": "xt_xt_d127_s1", "fold": 0}, {"member": "xt_xt_d127_s1", "fold": 1}, {"member": "xt_xt_d255", "fold": 0}, {"member": "xt_xt_d255", "fold": 1}, {"member": "xt_xt_d127_bin63", "fold": 0}, {"member": "xt_xt_d127_bin63", "fold": 1}, {"member": "xt_xt_d127_cs05", "fold": 0}, {"member": "xt_xt_d127_cs05", "fold": 1}, {"member": "xt_xt_d63", "fold": 0}, {"member": "xt_xt_d63", "fold": 1}], "command": ["C:\\Users\\James\\airline_S6E10\\.venv\\Scripts\\python.exe", "-u", "scripts/replay_sol_classical.py", "--members", "z3_cat_d8_s2", "--folds", "0", "--tag", "sol_clean_aux10_isolated"]}
    [cache] view full: (699635, 237)
clean fold0: aux probability cache 5454f223e84b
z3_cat_d8_s2_f0: AUC0.961022854; 1043 trees; 576.0s
{"utc": "2026-10-08T00:11:14.272646+00:00", "status": "RUNNING", "member": "z3_cat_d8_s2", "fold": 1, "completed": [{"member": "xt_xt_d127_ss06", "fold": 0}, {"member": "xt_xt_d127_ss06", "fold": 1}, {"member": "xt_xt_d127_s1", "fold": 0}, {"member": "xt_xt_d127_s1", "fold": 1}, {"member": "xt_xt_d255", "fold": 0}, {"member": "xt_xt_d255", "fold": 1}, {"member": "xt_xt_d127_bin63", "fold": 0}, {"member": "xt_xt_d127_bin63", "fold": 1}, {"member": "xt_xt_d127_cs05", "fold": 0}, {"member": "xt_xt_d127_cs05", "fold": 1}, {"member": "xt_xt_d63", "fold": 0}, {"member": "xt_xt_d63", "fold": 1}, {"member": "z3_cat_d8_s2", "fold": 0}], "command": ["C:\\Users\\James\\airline_S6E10\\.venv\\Scripts\\python.exe", "-u", "scripts/replay_sol_classical.py", "--members", "z3_cat_d8_s2", "--folds", "1", "--tag", "sol_clean_aux10_isolated"]}
    [cache] view full: (699635, 237)
clean fold1: aux probability cache b6962eddf3a5
z3_cat_d8_s2_f1: AUC0.961350697; 1706 trees; 837.3s
{"utc": "2026-10-08T00:25:24.607947+00:00", "status": "RUNNING", "member": "prod5_xgb_full_primary", "fold": 0, "completed": [{"member": "xt_xt_d127_ss06", "fold": 0}, {"member": "xt_xt_d127_ss06", "fold": 1}, {"member": "xt_xt_d127_s1", "fold": 0}, {"member": "xt_xt_d127_s1", "fold": 1}, {"member": "xt_xt_d255", "fold": 0}, {"member": "xt_xt_d255", "fold": 1}, {"member": "xt_xt_d127_bin63", "fold": 0}, {"member": "xt_xt_d127_bin63", "fold": 1}, {"member": "xt_xt_d127_cs05", "fold": 0}, {"member": "xt_xt_d127_cs05", "fold": 1}, {"member": "xt_xt_d63", "fold": 0}, {"member": "xt_xt_d63", "fold": 1}, {"member": "z3_cat_d8_s2", "fold": 0}, {"member": "z3_cat_d8_s2", "fold": 1}], "command": ["C:\\Users\\James\\airline_S6E10\\.venv\\Scripts\\python.exe", "-u", "scripts/replay_sol_classical.py", "--members", "prod5_xgb_full_primary", "--folds", "0", "--tag", "sol_clean_aux10_isolated"]}
    [cache] view full: (699635, 237)
clean fold0: aux probability cache 5454f223e84b
prod5_xgb_full_primary_f0: AUC0.960864973; 509 trees; 10.8s
{"utc": "2026-10-08T00:25:48.826728+00:00", "status": "RUNNING", "member": "prod5_xgb_full_primary", "fold": 1, "completed": [{"member": "xt_xt_d127_ss06", "fold": 0}, {"member": "xt_xt_d127_ss06", "fold": 1}, {"member": "xt_xt_d127_s1", "fold": 0}, {"member": "xt_xt_d127_s1", "fold": 1}, {"member": "xt_xt_d255", "fold": 0}, {"member": "xt_xt_d255", "fold": 1}, {"member": "xt_xt_d127_bin63", "fold": 0}, {"member": "xt_xt_d127_bin63", "fold": 1}, {"member": "xt_xt_d127_cs05", "fold": 0}, {"member": "xt_xt_d127_cs05", "fold": 1}, {"member": "xt_xt_d63", "fold": 0}, {"member": "xt_xt_d63", "fold": 1}, {"member": "z3_cat_d8_s2", "fold": 0}, {"member": "z3_cat_d8_s2", "fold": 1}, {"member": "prod5_xgb_full_primary", "fold": 0}], "command": ["C:\\Users\\James\\airline_S6E10\\.venv\\Scripts\\python.exe", "-u", "scripts/replay_sol_classical.py", "--members", "prod5_xgb_full_primary", "--folds", "1", "--tag", "sol_clean_aux10_isolated"]}
    [cache] view full: (699635, 237)
clean fold1: aux probability cache b6962eddf3a5
prod5_xgb_full_primary_f1: AUC0.961141467; 588 trees; 11.2s
{"utc": "2026-10-08T00:26:12.720537+00:00", "status": "RUNNING", "member": "xt_xgb_lossguide", "fold": 0, "completed": [{"member": "xt_xt_d127_ss06", "fold": 0}, {"member": "xt_xt_d127_ss06", "fold": 1}, {"member": "xt_xt_d127_s1", "fold": 0}, {"member": "xt_xt_d127_s1", "fold": 1}, {"member": "xt_xt_d255", "fold": 0}, {"member": "xt_xt_d255", "fold": 1}, {"member": "xt_xt_d127_bin63", "fold": 0}, {"member": "xt_xt_d127_bin63", "fold": 1}, {"member": "xt_xt_d127_cs05", "fold": 0}, {"member": "xt_xt_d127_cs05", "fold": 1}, {"member": "xt_xt_d63", "fold": 0}, {"member": "xt_xt_d63", "fold": 1}, {"member": "z3_cat_d8_s2", "fold": 0}, {"member": "z3_cat_d8_s2", "fold": 1}, {"member": "prod5_xgb_full_primary", "fold": 0}, {"member": "prod5_xgb_full_primary", "fold": 1}], "command": ["C:\\Users\\James\\airline_S6E10\\.venv\\Scripts\\python.exe", "-u", "scripts/replay_sol_classical.py", "--members", "xt_xgb_lossguide", "--folds", "0", "--tag", "sol_clean_aux10_isolated"]}
    [cache] view full: (699635, 237)
clean fold0: aux probability cache 5454f223e84b
xt_xgb_lossguide_f0: AUC0.961088998; 395 trees; 27.2s
{"utc": "2026-10-08T00:26:52.632086+00:00", "status": "RUNNING", "member": "xt_xgb_lossguide", "fold": 1, "completed": [{"member": "xt_xt_d127_ss06", "fold": 0}, {"member": "xt_xt_d127_ss06", "fold": 1}, {"member": "xt_xt_d127_s1", "fold": 0}, {"member": "xt_xt_d127_s1", "fold": 1}, {"member": "xt_xt_d255", "fold": 0}, {"member": "xt_xt_d255", "fold": 1}, {"member": "xt_xt_d127_bin63", "fold": 0}, {"member": "xt_xt_d127_bin63", "fold": 1}, {"member": "xt_xt_d127_cs05", "fold": 0}, {"member": "xt_xt_d127_cs05", "fold": 1}, {"member": "xt_xt_d63", "fold": 0}, {"member": "xt_xt_d63", "fold": 1}, {"member": "z3_cat_d8_s2", "fold": 0}, {"member": "z3_cat_d8_s2", "fold": 1}, {"member": "prod5_xgb_full_primary", "fold": 0}, {"member": "prod5_xgb_full_primary", "fold": 1}, {"member": "xt_xgb_lossguide", "fold": 0}], "command": ["C:\\Users\\James\\airline_S6E10\\.venv\\Scripts\\python.exe", "-u", "scripts/replay_sol_classical.py", "--members", "xt_xgb_lossguide", "--folds", "1", "--tag", "sol_clean_aux10_isolated"]}
    [cache] view full: (699635, 237)
clean fold1: aux probability cache b6962eddf3a5
xt_xgb_lossguide_f1: AUC0.961131410; 390 trees; 27.1s
{"utc": "2026-10-08T00:27:32.504508+00:00", "status": "RUNNING", "member": "zoo_xgb_d6", "fold": 0, "completed": [{"member": "xt_xt_d127_ss06", "fold": 0}, {"member": "xt_xt_d127_ss06", "fold": 1}, {"member": "xt_xt_d127_s1", "fold": 0}, {"member": "xt_xt_d127_s1", "fold": 1}, {"member": "xt_xt_d255", "fold": 0}, {"member": "xt_xt_d255", "fold": 1}, {"member": "xt_xt_d127_bin63", "fold": 0}, {"member": "xt_xt_d127_bin63", "fold": 1}, {"member": "xt_xt_d127_cs05", "fold": 0}, {"member": "xt_xt_d127_cs05", "fold": 1}, {"member": "xt_xt_d63", "fold": 0}, {"member": "xt_xt_d63", "fold": 1}, {"member": "z3_cat_d8_s2", "fold": 0}, {"member": "z3_cat_d8_s2", "fold": 1}, {"member": "prod5_xgb_full_primary", "fold": 0}, {"member": "prod5_xgb_full_primary", "fold": 1}, {"member": "xt_xgb_lossguide", "fold": 0}, {"member": "xt_xgb_lossguide", "fold": 1}], "command": ["C:\\Users\\James\\airline_S6E10\\.venv\\Scripts\\python.exe", "-u", "scripts/replay_sol_classical.py", "--members", "zoo_xgb_d6", "--folds", "0", "--tag", "sol_clean_aux10_isolated"]}
    [cache] view full: (699635, 237)
clean fold0: aux probability cache 5454f223e84b
zoo_xgb_d6_f0: AUC0.960944790; 477 trees; 7.7s
{"utc": "2026-10-08T00:27:52.944274+00:00", "status": "RUNNING", "member": "zoo_xgb_d6", "fold": 1, "completed": [{"member": "xt_xt_d127_ss06", "fold": 0}, {"member": "xt_xt_d127_ss06", "fold": 1}, {"member": "xt_xt_d127_s1", "fold": 0}, {"member": "xt_xt_d127_s1", "fold": 1}, {"member": "xt_xt_d255", "fold": 0}, {"member": "xt_xt_d255", "fold": 1}, {"member": "xt_xt_d127_bin63", "fold": 0}, {"member": "xt_xt_d127_bin63", "fold": 1}, {"member": "xt_xt_d127_cs05", "fold": 0}, {"member": "xt_xt_d127_cs05", "fold": 1}, {"member": "xt_xt_d63", "fold": 0}, {"member": "xt_xt_d63", "fold": 1}, {"member": "z3_cat_d8_s2", "fold": 0}, {"member": "z3_cat_d8_s2", "fold": 1}, {"member": "prod5_xgb_full_primary", "fold": 0}, {"member": "prod5_xgb_full_primary", "fold": 1}, {"member": "xt_xgb_lossguide", "fold": 0}, {"member": "xt_xgb_lossguide", "fold": 1}, {"member": "zoo_xgb_d6", "fold": 0}], "command": ["C:\\Users\\James\\airline_S6E10\\.venv\\Scripts\\python.exe", "-u", "scripts/replay_sol_classical.py", "--members", "zoo_xgb_d6", "--folds", "1", "--tag", "sol_clean_aux10_isolated"]}
    [cache] view full: (699635, 237)
clean fold1: aux probability cache b6962eddf3a5
zoo_xgb_d6_f1: AUC0.961064352; 973 trees; 11.0s
