{"utc": "2026-10-08T08:19:02.086664+00:00", "status": "RUNNING", "member": "xt_xt_d127_ss06", "fold": 0, "completed": [], "command": ["C:\\Users\\James\\airline_S6E10\\.venv\\Scripts\\python.exe", "-u", "scripts/replay_sol_classical.py", "--members", "xt_xt_d127_ss06", "--folds", "0", "--tag", "sol_clean_aux10_shadow_recovery", "--confirmation-shadow"]}
    [cache] view full: (699635, 237)
clean fold0: aux probability cache 135c7530d7dd
xt_xt_d127_ss06_f0: AUC0.960774711; 795 trees; 48.9s
{"utc": "2026-10-08T08:20:04.710785+00:00", "status": "RUNNING", "member": "xt_xt_d127_ss06", "fold": 1, "completed": [{"member": "xt_xt_d127_ss06", "fold": 0}], "command": ["C:\\Users\\James\\airline_S6E10\\.venv\\Scripts\\python.exe", "-u", "scripts/replay_sol_classical.py", "--members", "xt_xt_d127_ss06", "--folds", "1", "--tag", "sol_clean_aux10_shadow_recovery", "--confirmation-shadow"]}
    [cache] view full: (699635, 237)
clean fold1: aux probability cache 6a639c65b227
xt_xt_d127_ss06_f1: AUC0.960645356; 526 trees; 40.6s
{"utc": "2026-10-08T08:20:57.846900+00:00", "status": "RUNNING", "member": "xt_xt_d127_s1", "fold": 0, "completed": [{"member": "xt_xt_d127_ss06", "fold": 0}, {"member": "xt_xt_d127_ss06", "fold": 1}], "command": ["C:\\Users\\James\\airline_S6E10\\.venv\\Scripts\\python.exe", "-u", "scripts/replay_sol_classical.py", "--members", "xt_xt_d127_s1", "--folds", "0", "--tag", "sol_clean_aux10_shadow_recovery", "--confirmation-shadow"]}
    [cache] view full: (699635, 237)
clean fold0: aux probability cache 135c7530d7dd
xt_xt_d127_s1_f0: AUC0.960819052; 642 trees; 52.1s
{"utc": "2026-10-08T08:22:02.509151+00:00", "status": "RUNNING", "member": "xt_xt_d127_s1", "fold": 1, "completed": [{"member": "xt_xt_d127_ss06", "fold": 0}, {"member": "xt_xt_d127_ss06", "fold": 1}, {"member": "xt_xt_d127_s1", "fold": 0}], "command": ["C:\\Users\\James\\airline_S6E10\\.venv\\Scripts\\python.exe", "-u", "scripts/replay_sol_classical.py", "--members", "xt_xt_d127_s1", "--folds", "1", "--tag", "sol_clean_aux10_shadow_recovery", "--confirmation-shadow"]}
    [cache] view full: (699635, 237)
clean fold1: aux probability cache 6a639c65b227
xt_xt_d127_s1_f1: AUC0.960694901; 881 trees; 61.2s
{"utc": "2026-10-08T08:23:16.109749+00:00", "status": "RUNNING", "member": "xt_xt_d255", "fold": 0, "completed": [{"member": "xt_xt_d127_ss06", "fold": 0}, {"member": "xt_xt_d127_ss06", "fold": 1}, {"member": "xt_xt_d127_s1", "fold": 0}, {"member": "xt_xt_d127_s1", "fold": 1}], "command": ["C:\\Users\\James\\airline_S6E10\\.venv\\Scripts\\python.exe", "-u", "scripts/replay_sol_classical.py", "--members", "xt_xt_d255", "--folds", "0", "--tag", "sol_clean_aux10_shadow_recovery", "--confirmation-shadow"]}
    [cache] view full: (699635, 237)
clean fold0: aux probability cache 135c7530d7dd
xt_xt_d255_f0: AUC0.960731322; 610 trees; 59.1s
{"utc": "2026-10-08T08:24:27.596359+00:00", "status": "RUNNING", "member": "xt_xt_d255", "fold": 1, "completed": [{"member": "xt_xt_d127_ss06", "fold": 0}, {"member": "xt_xt_d127_ss06", "fold": 1}, {"member": "xt_xt_d127_s1", "fold": 0}, {"member": "xt_xt_d127_s1", "fold": 1}, {"member": "xt_xt_d255", "fold": 0}], "command": ["C:\\Users\\James\\airline_S6E10\\.venv\\Scripts\\python.exe", "-u", "scripts/replay_sol_classical.py", "--members", "xt_xt_d255", "--folds", "1", "--tag", "sol_clean_aux10_shadow_recovery", "--confirmation-shadow"]}
    [cache] view full: (699635, 237)
clean fold1: aux probability cache 6a639c65b227
xt_xt_d255_f1: AUC0.960708956; 609 trees; 59.4s
{"utc": "2026-10-08T08:25:39.501216+00:00", "status": "RUNNING", "member": "xt_xt_d127_bin63", "fold": 0, "completed": [{"member": "xt_xt_d127_ss06", "fold": 0}, {"member": "xt_xt_d127_ss06", "fold": 1}, {"member": "xt_xt_d127_s1", "fold": 0}, {"member": "xt_xt_d127_s1", "fold": 1}, {"member": "xt_xt_d255", "fold": 0}, {"member": "xt_xt_d255", "fold": 1}], "command": ["C:\\Users\\James\\airline_S6E10\\.venv\\Scripts\\python.exe", "-u", "scripts/replay_sol_classical.py", "--members", "xt_xt_d127_bin63", "--folds", "0", "--tag", "sol_clean_aux10_shadow_recovery", "--confirmation-shadow"]}
    [cache] view full: (699635, 237)
clean fold0: aux probability cache 135c7530d7dd
xt_xt_d127_bin63_f0: AUC0.960700327; 459 trees; 43.8s
{"utc": "2026-10-08T08:26:35.636232+00:00", "status": "RUNNING", "member": "xt_xt_d127_bin63", "fold": 1, "completed": [{"member": "xt_xt_d127_ss06", "fold": 0}, {"member": "xt_xt_d127_ss06", "fold": 1}, {"member": "xt_xt_d127_s1", "fold": 0}, {"member": "xt_xt_d127_s1", "fold": 1}, {"member": "xt_xt_d255", "fold": 0}, {"member": "xt_xt_d255", "fold": 1}, {"member": "xt_xt_d127_bin63", "fold": 0}], "command": ["C:\\Users\\James\\airline_S6E10\\.venv\\Scripts\\python.exe", "-u", "scripts/replay_sol_classical.py", "--members", "xt_xt_d127_bin63", "--folds", "1", "--tag", "sol_clean_aux10_shadow_recovery", "--confirmation-shadow"]}
    [cache] view full: (699635, 237)
clean fold1: aux probability cache 6a639c65b227
xt_xt_d127_bin63_f1: AUC0.960732313; 971 trees; 63.7s
{"utc": "2026-10-08T08:27:51.801241+00:00", "status": "RUNNING", "member": "xt_xt_d127_cs05", "fold": 0, "completed": [{"member": "xt_xt_d127_ss06", "fold": 0}, {"member": "xt_xt_d127_ss06", "fold": 1}, {"member": "xt_xt_d127_s1", "fold": 0}, {"member": "xt_xt_d127_s1", "fold": 1}, {"member": "xt_xt_d255", "fold": 0}, {"member": "xt_xt_d255", "fold": 1}, {"member": "xt_xt_d127_bin63", "fold": 0}, {"member": "xt_xt_d127_bin63", "fold": 1}], "command": ["C:\\Users\\James\\airline_S6E10\\.venv\\Scripts\\python.exe", "-u", "scripts/replay_sol_classical.py", "--members", "xt_xt_d127_cs05", "--folds", "0", "--tag", "sol_clean_aux10_shadow_recovery", "--confirmation-shadow"]}
    [cache] view full: (699635, 237)
clean fold0: aux probability cache 135c7530d7dd
xt_xt_d127_cs05_f0: AUC0.960699024; 668 trees; 55.2s
{"utc": "2026-10-08T08:28:59.364335+00:00", "status": "RUNNING", "member": "xt_xt_d127_cs05", "fold": 1, "completed": [{"member": "xt_xt_d127_ss06", "fold": 0}, {"member": "xt_xt_d127_ss06", "fold": 1}, {"member": "xt_xt_d127_s1", "fold": 0}, {"member": "xt_xt_d127_s1", "fold": 1}, {"member": "xt_xt_d255", "fold": 0}, {"member": "xt_xt_d255", "fold": 1}, {"member": "xt_xt_d127_bin63", "fold": 0}, {"member": "xt_xt_d127_bin63", "fold": 1}, {"member": "xt_xt_d127_cs05", "fold": 0}], "command": ["C:\\Users\\James\\airline_S6E10\\.venv\\Scripts\\python.exe", "-u", "scripts/replay_sol_classical.py", "--members", "xt_xt_d127_cs05", "--folds", "1", "--tag", "sol_clean_aux10_shadow_recovery", "--confirmation-shadow"]}
    [cache] view full: (699635, 237)
clean fold1: aux probability cache 6a639c65b227
xt_xt_d127_cs05_f1: AUC0.960753313; 786 trees; 59.1s
{"utc": "2026-10-08T08:30:10.957100+00:00", "status": "RUNNING", "member": "xt_xt_d63", "fold": 0, "completed": [{"member": "xt_xt_d127_ss06", "fold": 0}, {"member": "xt_xt_d127_ss06", "fold": 1}, {"member": "xt_xt_d127_s1", "fold": 0}, {"member": "xt_xt_d127_s1", "fold": 1}, {"member": "xt_xt_d255", "fold": 0}, {"member": "xt_xt_d255", "fold": 1}, {"member": "xt_xt_d127_bin63", "fold": 0}, {"member": "xt_xt_d127_bin63", "fold": 1}, {"member": "xt_xt_d127_cs05", "fold": 0}, {"member": "xt_xt_d127_cs05", "fold": 1}], "command": ["C:\\Users\\James\\airline_S6E10\\.venv\\Scripts\\python.exe", "-u", "scripts/replay_sol_classical.py", "--members", "xt_xt_d63", "--folds", "0", "--tag", "sol_clean_aux10_shadow_recovery", "--confirmation-shadow"]}
    [cache] view full: (699635, 237)
clean fold0: aux probability cache 135c7530d7dd
xt_xt_d63_f0: AUC0.960768396; 694 trees; 39.9s
{"utc": "2026-10-08T08:31:03.191950+00:00", "status": "RUNNING", "member": "xt_xt_d63", "fold": 1, "completed": [{"member": "xt_xt_d127_ss06", "fold": 0}, {"member": "xt_xt_d127_ss06", "fold": 1}, {"member": "xt_xt_d127_s1", "fold": 0}, {"member": "xt_xt_d127_s1", "fold": 1}, {"member": "xt_xt_d255", "fold": 0}, {"member": "xt_xt_d255", "fold": 1}, {"member": "xt_xt_d127_bin63", "fold": 0}, {"member": "xt_xt_d127_bin63", "fold": 1}, {"member": "xt_xt_d127_cs05", "fold": 0}, {"member": "xt_xt_d127_cs05", "fold": 1}, {"member": "xt_xt_d63", "fold": 0}], "command": ["C:\\Users\\James\\airline_S6E10\\.venv\\Scripts\\python.exe", "-u", "scripts/replay_sol_classical.py", "--members", "xt_xt_d63", "--folds", "1", "--tag", "sol_clean_aux10_shadow_recovery", "--confirmation-shadow"]}
    [cache] view full: (699635, 237)
clean fold1: aux probability cache 6a639c65b227
xt_xt_d63_f1: AUC0.960831879; 812 trees; 44.3s
{"utc": "2026-10-08T08:31:59.776669+00:00", "status": "RUNNING", "member": "z3_cat_d8_s2", "fold": 0, "completed": [{"member": "xt_xt_d127_ss06", "fold": 0}, {"member": "xt_xt_d127_ss06", "fold": 1}, {"member": "xt_xt_d127_s1", "fold": 0}, {"member": "xt_xt_d127_s1", "fold": 1}, {"member": "xt_xt_d255", "fold": 0}, {"member": "xt_xt_d255", "fold": 1}, {"member": "xt_xt_d127_bin63", "fold": 0}, {"member": "xt_xt_d127_bin63", "fold": 1}, {"member": "xt_xt_d127_cs05", "fold": 0}, {"member": "xt_xt_d127_cs05", "fold": 1}, {"member": "xt_xt_d63", "fold": 0}, {"member": "xt_xt_d63", "fold": 1}], "command": ["C:\\Users\\James\\airline_S6E10\\.venv\\Scripts\\python.exe", "-u", "scripts/replay_sol_classical.py", "--members", "z3_cat_d8_s2", "--folds", "0", "--tag", "sol_clean_aux10_shadow_recovery", "--confirmation-shadow"]}
    [cache] view full: (699635, 237)
clean fold0: aux probability cache 135c7530d7dd
z3_cat_d8_s2_f0: AUC0.960546951; 881 trees; 458.7s
{"utc": "2026-10-08T08:39:51.107921+00:00", "status": "RUNNING", "member": "z3_cat_d8_s2", "fold": 1, "completed": [{"member": "xt_xt_d127_ss06", "fold": 0}, {"member": "xt_xt_d127_ss06", "fold": 1}, {"member": "xt_xt_d127_s1", "fold": 0}, {"member": "xt_xt_d127_s1", "fold": 1}, {"member": "xt_xt_d255", "fold": 0}, {"member": "xt_xt_d255", "fold": 1}, {"member": "xt_xt_d127_bin63", "fold": 0}, {"member": "xt_xt_d127_bin63", "fold": 1}, {"member": "xt_xt_d127_cs05", "fold": 0}, {"member": "xt_xt_d127_cs05", "fold": 1}, {"member": "xt_xt_d63", "fold": 0}, {"member": "xt_xt_d63", "fold": 1}, {"member": "z3_cat_d8_s2", "fold": 0}], "command": ["C:\\Users\\James\\airline_S6E10\\.venv\\Scripts\\python.exe", "-u", "scripts/replay_sol_classical.py", "--members", "z3_cat_d8_s2", "--folds", "1", "--tag", "sol_clean_aux10_shadow_recovery", "--confirmation-shadow"]}
    [cache] view full: (699635, 237)
clean fold1: aux probability cache 6a639c65b227
z3_cat_d8_s2_f1: AUC0.960517530; 830 trees; 424.8s
{"utc": "2026-10-08T08:47:08.377230+00:00", "status": "RUNNING", "member": "prod5_xgb_full_primary", "fold": 0, "completed": [{"member": "xt_xt_d127_ss06", "fold": 0}, {"member": "xt_xt_d127_ss06", "fold": 1}, {"member": "xt_xt_d127_s1", "fold": 0}, {"member": "xt_xt_d127_s1", "fold": 1}, {"member": "xt_xt_d255", "fold": 0}, {"member": "xt_xt_d255", "fold": 1}, {"member": "xt_xt_d127_bin63", "fold": 0}, {"member": "xt_xt_d127_bin63", "fold": 1}, {"member": "xt_xt_d127_cs05", "fold": 0}, {"member": "xt_xt_d127_cs05", "fold": 1}, {"member": "xt_xt_d63", "fold": 0}, {"member": "xt_xt_d63", "fold": 1}, {"member": "z3_cat_d8_s2", "fold": 0}, {"member": "z3_cat_d8_s2", "fold": 1}], "command": ["C:\\Users\\James\\airline_S6E10\\.venv\\Scripts\\python.exe", "-u", "scripts/replay_sol_classical.py", "--members", "prod5_xgb_full_primary", "--folds", "0", "--tag", "sol_clean_aux10_shadow_recovery", "--confirmation-shadow"]}
    [cache] view full: (699635, 237)
clean fold0: aux probability cache 135c7530d7dd
prod5_xgb_full_primary_f0: AUC0.960310517; 760 trees; 12.5s
{"utc": "2026-10-08T08:47:33.398112+00:00", "status": "RUNNING", "member": "prod5_xgb_full_primary", "fold": 1, "completed": [{"member": "xt_xt_d127_ss06", "fold": 0}, {"member": "xt_xt_d127_ss06", "fold": 1}, {"member": "xt_xt_d127_s1", "fold": 0}, {"member": "xt_xt_d127_s1", "fold": 1}, {"member": "xt_xt_d255", "fold": 0}, {"member": "xt_xt_d255", "fold": 1}, {"member": "xt_xt_d127_bin63", "fold": 0}, {"member": "xt_xt_d127_bin63", "fold": 1}, {"member": "xt_xt_d127_cs05", "fold": 0}, {"member": "xt_xt_d127_cs05", "fold": 1}, {"member": "xt_xt_d63", "fold": 0}, {"member": "xt_xt_d63", "fold": 1}, {"member": "z3_cat_d8_s2", "fold": 0}, {"member": "z3_cat_d8_s2", "fold": 1}, {"member": "prod5_xgb_full_primary", "fold": 0}], "command": ["C:\\Users\\James\\airline_S6E10\\.venv\\Scripts\\python.exe", "-u", "scripts/replay_sol_classical.py", "--members", "prod5_xgb_full_primary", "--folds", "1", "--tag", "sol_clean_aux10_shadow_recovery", "--confirmation-shadow"]}
    [cache] view full: (699635, 237)
clean fold1: aux probability cache 6a639c65b227
prod5_xgb_full_primary_f1: AUC0.960394711; 704 trees; 12.1s
{"utc": "2026-10-08T08:47:57.762694+00:00", "status": "RUNNING", "member": "xt_xgb_lossguide", "fold": 0, "completed": [{"member": "xt_xt_d127_ss06", "fold": 0}, {"member": "xt_xt_d127_ss06", "fold": 1}, {"member": "xt_xt_d127_s1", "fold": 0}, {"member": "xt_xt_d127_s1", "fold": 1}, {"member": "xt_xt_d255", "fold": 0}, {"member": "xt_xt_d255", "fold": 1}, {"member": "xt_xt_d127_bin63", "fold": 0}, {"member": "xt_xt_d127_bin63", "fold": 1}, {"member": "xt_xt_d127_cs05", "fold": 0}, {"member": "xt_xt_d127_cs05", "fold": 1}, {"member": "xt_xt_d63", "fold": 0}, {"member": "xt_xt_d63", "fold": 1}, {"member": "z3_cat_d8_s2", "fold": 0}, {"member": "z3_cat_d8_s2", "fold": 1}, {"member": "prod5_xgb_full_primary", "fold": 0}, {"member": "prod5_xgb_full_primary", "fold": 1}], "command": ["C:\\Users\\James\\airline_S6E10\\.venv\\Scripts\\python.exe", "-u", "scripts/replay_sol_classical.py", "--members", "xt_xgb_lossguide", "--folds", "0", "--tag", "sol_clean_aux10_shadow_recovery", "--confirmation-shadow"]}
    [cache] view full: (699635, 237)
clean fold0: aux probability cache 135c7530d7dd
xt_xgb_lossguide_f0: AUC0.960648224; 359 trees; 25.0s
{"utc": "2026-10-08T08:48:35.266134+00:00", "status": "RUNNING", "member": "xt_xgb_lossguide", "fold": 1, "completed": [{"member": "xt_xt_d127_ss06", "fold": 0}, {"member": "xt_xt_d127_ss06", "fold": 1}, {"member": "xt_xt_d127_s1", "fold": 0}, {"member": "xt_xt_d127_s1", "fold": 1}, {"member": "xt_xt_d255", "fold": 0}, {"member": "xt_xt_d255", "fold": 1}, {"member": "xt_xt_d127_bin63", "fold": 0}, {"member": "xt_xt_d127_bin63", "fold": 1}, {"member": "xt_xt_d127_cs05", "fold": 0}, {"member": "xt_xt_d127_cs05", "fold": 1}, {"member": "xt_xt_d63", "fold": 0}, {"member": "xt_xt_d63", "fold": 1}, {"member": "z3_cat_d8_s2", "fold": 0}, {"member": "z3_cat_d8_s2", "fold": 1}, {"member": "prod5_xgb_full_primary", "fold": 0}, {"member": "prod5_xgb_full_primary", "fold": 1}, {"member": "xt_xgb_lossguide", "fold": 0}], "command": ["C:\\Users\\James\\airline_S6E10\\.venv\\Scripts\\python.exe", "-u", "scripts/replay_sol_classical.py", "--members", "xt_xgb_lossguide", "--folds", "1", "--tag", "sol_clean_aux10_shadow_recovery", "--confirmation-shadow"]}
    [cache] view full: (699635, 237)
clean fold1: aux probability cache 6a639c65b227
xt_xgb_lossguide_f1: AUC0.960438385; 603 trees; 33.0s
{"utc": "2026-10-08T08:49:20.751971+00:00", "status": "RUNNING", "member": "zoo_xgb_d6", "fold": 0, "completed": [{"member": "xt_xt_d127_ss06", "fold": 0}, {"member": "xt_xt_d127_ss06", "fold": 1}, {"member": "xt_xt_d127_s1", "fold": 0}, {"member": "xt_xt_d127_s1", "fold": 1}, {"member": "xt_xt_d255", "fold": 0}, {"member": "xt_xt_d255", "fold": 1}, {"member": "xt_xt_d127_bin63", "fold": 0}, {"member": "xt_xt_d127_bin63", "fold": 1}, {"member": "xt_xt_d127_cs05", "fold": 0}, {"member": "xt_xt_d127_cs05", "fold": 1}, {"member": "xt_xt_d63", "fold": 0}, {"member": "xt_xt_d63", "fold": 1}, {"member": "z3_cat_d8_s2", "fold": 0}, {"member": "z3_cat_d8_s2", "fold": 1}, {"member": "prod5_xgb_full_primary", "fold": 0}, {"member": "prod5_xgb_full_primary", "fold": 1}, {"member": "xt_xgb_lossguide", "fold": 0}, {"member": "xt_xgb_lossguide", "fold": 1}], "command": ["C:\\Users\\James\\airline_S6E10\\.venv\\Scripts\\python.exe", "-u", "scripts/replay_sol_classical.py", "--members", "zoo_xgb_d6", "--folds", "0", "--tag", "sol_clean_aux10_shadow_recovery", "--confirmation-shadow"]}
    [cache] view full: (699635, 237)
clean fold0: aux probability cache 135c7530d7dd
zoo_xgb_d6_f0: AUC0.960461223; 985 trees; 10.4s
{"utc": "2026-10-08T08:49:43.733299+00:00", "status": "RUNNING", "member": "zoo_xgb_d6", "fold": 1, "completed": [{"member": "xt_xt_d127_ss06", "fold": 0}, {"member": "xt_xt_d127_ss06", "fold": 1}, {"member": "xt_xt_d127_s1", "fold": 0}, {"member": "xt_xt_d127_s1", "fold": 1}, {"member": "xt_xt_d255", "fold": 0}, {"member": "xt_xt_d255", "fold": 1}, {"member": "xt_xt_d127_bin63", "fold": 0}, {"member": "xt_xt_d127_bin63", "fold": 1}, {"member": "xt_xt_d127_cs05", "fold": 0}, {"member": "xt_xt_d127_cs05", "fold": 1}, {"member": "xt_xt_d63", "fold": 0}, {"member": "xt_xt_d63", "fold": 1}, {"member": "z3_cat_d8_s2", "fold": 0}, {"member": "z3_cat_d8_s2", "fold": 1}, {"member": "prod5_xgb_full_primary", "fold": 0}, {"member": "prod5_xgb_full_primary", "fold": 1}, {"member": "xt_xgb_lossguide", "fold": 0}, {"member": "xt_xgb_lossguide", "fold": 1}, {"member": "zoo_xgb_d6", "fold": 0}], "command": ["C:\\Users\\James\\airline_S6E10\\.venv\\Scripts\\python.exe", "-u", "scripts/replay_sol_classical.py", "--members", "zoo_xgb_d6", "--folds", "1", "--tag", "sol_clean_aux10_shadow_recovery", "--confirmation-shadow"]}
    [cache] view full: (699635, 237)
clean fold1: aux probability cache 6a639c65b227
zoo_xgb_d6_f1: AUC0.960420540; 913 trees; 10.2s
