PHASE 11R -- staged native-CatBoost tests
====================================================================================================
  ES budget 2500 rounds, patience 200; Plain only; Ordered banned
  timing anchor 400 rounds (NOT 40: per-round cost rises with rounds)
  budget 200 min per arm; an arm projecting above that is reported, not launched

    [cache] view full: (699635, 237)

----------------------------------------------------------------------------------------------------
C2REF: C2 reference retrained under THIS run's ES budget (budget-matched)
  view=full scheme=primary depth=8 lr=0.04 l2=3.0 seed=4
  added categorical cardinality: {}
----------------------------------------------------------------------------------------------------
  fold 0: 302 feat (17 cat)  anchor 400 rounds = 0.3319s/round
    fitted cost(R) = 0.1743*R + 3.94e-04*R^2   projected ES(2500) + refit ~ 61 min
    AUC=0.960939  iters=2499  (ES 840s, total 1662s)  *** ES HIT CAP: NOT CONVERGED ***
    CTR audit: {'ctr_type': 4, 'ctr_data': 0, 'ctr_leaf_count': 0, 'one_hot': 0, 'simple_ctr': 0, 'combinations_ctr': 0, 'Borders': 2, 'target_border_count': 0}
    [cache] view full: (699635, 237)

----------------------------------------------------------------------------------------------------
C4: C2 + exact categorical Age twin; numeric Age retained
  view=full scheme=primary depth=8 lr=0.04 l2=3.0 seed=4
  added categorical cardinality: {'Age': 75}
----------------------------------------------------------------------------------------------------
  fold 0: 303 feat (18 cat)  anchor 400 rounds = 0.3516s/round
    fitted cost(R) = 0.1743*R + 4.43e-04*R^2   projected ES(2500) + refit ~ 68 min
    AUC=0.960870  iters=2499  (ES 903s, total 1758s)  *** ES HIT CAP: NOT CONVERGED ***
    CTR audit: {'ctr_type': 4, 'ctr_data': 0, 'ctr_leaf_count': 0, 'one_hot': 0, 'simple_ctr': 0, 'combinations_ctr': 0, 'Borders': 2, 'target_border_count': 0}

wrote C:\Users\James\airline_S6E10\reports\p11r_runs.json
