{"utc": "2026-10-08T01:17:49.380608+00:00", "status": "RUNNING", "member": "xt_xt_d127_ss06", "fold": 0, "completed": [], "command": ["C:\\Users\\James\\airline_S6E10\\.venv\\Scripts\\python.exe", "-u", "scripts/replay_sol_classical.py", "--members", "xt_xt_d127_ss06", "--folds", "0", "--tag", "sol_clean_aux10_threefold", "--resume-from", "sol_clean_aux10_isolated"]}
    [cache] view full: (699635, 237)
clean fold0: aux probability cache 5454f223e84b
certified reuse xt_xt_d127_ss06_f0
{"utc": "2026-10-08T01:18:03.611649+00:00", "status": "RUNNING", "member": "xt_xt_d127_ss06", "fold": 1, "completed": [{"member": "xt_xt_d127_ss06", "fold": 0}], "command": ["C:\\Users\\James\\airline_S6E10\\.venv\\Scripts\\python.exe", "-u", "scripts/replay_sol_classical.py", "--members", "xt_xt_d127_ss06", "--folds", "1", "--tag", "sol_clean_aux10_threefold", "--resume-from", "sol_clean_aux10_isolated"]}
    [cache] view full: (699635, 237)
clean fold1: aux probability cache b6962eddf3a5
certified reuse xt_xt_d127_ss06_f1
{"utc": "2026-10-08T01:18:16.462226+00:00", "status": "RUNNING", "member": "xt_xt_d127_ss06", "fold": 2, "completed": [{"member": "xt_xt_d127_ss06", "fold": 0}, {"member": "xt_xt_d127_ss06", "fold": 1}], "command": ["C:\\Users\\James\\airline_S6E10\\.venv\\Scripts\\python.exe", "-u", "scripts/replay_sol_classical.py", "--members", "xt_xt_d127_ss06", "--folds", "2", "--tag", "sol_clean_aux10_threefold", "--resume-from", "sol_clean_aux10_isolated"]}
    [cache] view full: (699635, 237)
clean fold2: aux probability cache 42a61b7165c8
xt_xt_d127_ss06_f2: AUC0.961267145; 809 trees; 56.5s
{"utc": "2026-10-08T01:19:25.895541+00:00", "status": "RUNNING", "member": "xt_xt_d127_s1", "fold": 0, "completed": [{"member": "xt_xt_d127_ss06", "fold": 0}, {"member": "xt_xt_d127_ss06", "fold": 1}, {"member": "xt_xt_d127_ss06", "fold": 2}], "command": ["C:\\Users\\James\\airline_S6E10\\.venv\\Scripts\\python.exe", "-u", "scripts/replay_sol_classical.py", "--members", "xt_xt_d127_s1", "--folds", "0", "--tag", "sol_clean_aux10_threefold", "--resume-from", "sol_clean_aux10_isolated"]}
    [cache] view full: (699635, 237)
clean fold0: aux probability cache 5454f223e84b
certified reuse xt_xt_d127_s1_f0
{"utc": "2026-10-08T01:19:38.653370+00:00", "status": "RUNNING", "member": "xt_xt_d127_s1", "fold": 1, "completed": [{"member": "xt_xt_d127_ss06", "fold": 0}, {"member": "xt_xt_d127_ss06", "fold": 1}, {"member": "xt_xt_d127_ss06", "fold": 2}, {"member": "xt_xt_d127_s1", "fold": 0}], "command": ["C:\\Users\\James\\airline_S6E10\\.venv\\Scripts\\python.exe", "-u", "scripts/replay_sol_classical.py", "--members", "xt_xt_d127_s1", "--folds", "1", "--tag", "sol_clean_aux10_threefold", "--resume-from", "sol_clean_aux10_isolated"]}
    [cache] view full: (699635, 237)
clean fold1: aux probability cache b6962eddf3a5
certified reuse xt_xt_d127_s1_f1
{"utc": "2026-10-08T01:19:51.402369+00:00", "status": "RUNNING", "member": "xt_xt_d127_s1", "fold": 2, "completed": [{"member": "xt_xt_d127_ss06", "fold": 0}, {"member": "xt_xt_d127_ss06", "fold": 1}, {"member": "xt_xt_d127_ss06", "fold": 2}, {"member": "xt_xt_d127_s1", "fold": 0}, {"member": "xt_xt_d127_s1", "fold": 1}], "command": ["C:\\Users\\James\\airline_S6E10\\.venv\\Scripts\\python.exe", "-u", "scripts/replay_sol_classical.py", "--members", "xt_xt_d127_s1", "--folds", "2", "--tag", "sol_clean_aux10_threefold", "--resume-from", "sol_clean_aux10_isolated"]}
    [cache] view full: (699635, 237)
clean fold2: aux probability cache 42a61b7165c8
xt_xt_d127_s1_f2: AUC0.961231000; 602 trees; 52.8s
{"utc": "2026-10-08T01:20:56.858206+00:00", "status": "RUNNING", "member": "xt_xt_d255", "fold": 0, "completed": [{"member": "xt_xt_d127_ss06", "fold": 0}, {"member": "xt_xt_d127_ss06", "fold": 1}, {"member": "xt_xt_d127_ss06", "fold": 2}, {"member": "xt_xt_d127_s1", "fold": 0}, {"member": "xt_xt_d127_s1", "fold": 1}, {"member": "xt_xt_d127_s1", "fold": 2}], "command": ["C:\\Users\\James\\airline_S6E10\\.venv\\Scripts\\python.exe", "-u", "scripts/replay_sol_classical.py", "--members", "xt_xt_d255", "--folds", "0", "--tag", "sol_clean_aux10_threefold", "--resume-from", "sol_clean_aux10_isolated"]}
    [cache] view full: (699635, 237)
clean fold0: aux probability cache 5454f223e84b
certified reuse xt_xt_d255_f0
{"utc": "2026-10-08T01:21:09.706303+00:00", "status": "RUNNING", "member": "xt_xt_d255", "fold": 1, "completed": [{"member": "xt_xt_d127_ss06", "fold": 0}, {"member": "xt_xt_d127_ss06", "fold": 1}, {"member": "xt_xt_d127_ss06", "fold": 2}, {"member": "xt_xt_d127_s1", "fold": 0}, {"member": "xt_xt_d127_s1", "fold": 1}, {"member": "xt_xt_d127_s1", "fold": 2}, {"member": "xt_xt_d255", "fold": 0}], "command": ["C:\\Users\\James\\airline_S6E10\\.venv\\Scripts\\python.exe", "-u", "scripts/replay_sol_classical.py", "--members", "xt_xt_d255", "--folds", "1", "--tag", "sol_clean_aux10_threefold", "--resume-from", "sol_clean_aux10_isolated"]}
    [cache] view full: (699635, 237)
clean fold1: aux probability cache b6962eddf3a5
certified reuse xt_xt_d255_f1
{"utc": "2026-10-08T01:21:22.281681+00:00", "status": "RUNNING", "member": "xt_xt_d255", "fold": 2, "completed": [{"member": "xt_xt_d127_ss06", "fold": 0}, {"member": "xt_xt_d127_ss06", "fold": 1}, {"member": "xt_xt_d127_ss06", "fold": 2}, {"member": "xt_xt_d127_s1", "fold": 0}, {"member": "xt_xt_d127_s1", "fold": 1}, {"member": "xt_xt_d127_s1", "fold": 2}, {"member": "xt_xt_d255", "fold": 0}, {"member": "xt_xt_d255", "fold": 1}], "command": ["C:\\Users\\James\\airline_S6E10\\.venv\\Scripts\\python.exe", "-u", "scripts/replay_sol_classical.py", "--members", "xt_xt_d255", "--folds", "2", "--tag", "sol_clean_aux10_threefold", "--resume-from", "sol_clean_aux10_isolated"]}
    [cache] view full: (699635, 237)
clean fold2: aux probability cache 42a61b7165c8
xt_xt_d255_f2: AUC0.961225443; 577 trees; 63.4s
{"utc": "2026-10-08T01:22:38.462427+00:00", "status": "RUNNING", "member": "xt_xt_d127_bin63", "fold": 0, "completed": [{"member": "xt_xt_d127_ss06", "fold": 0}, {"member": "xt_xt_d127_ss06", "fold": 1}, {"member": "xt_xt_d127_ss06", "fold": 2}, {"member": "xt_xt_d127_s1", "fold": 0}, {"member": "xt_xt_d127_s1", "fold": 1}, {"member": "xt_xt_d127_s1", "fold": 2}, {"member": "xt_xt_d255", "fold": 0}, {"member": "xt_xt_d255", "fold": 1}, {"member": "xt_xt_d255", "fold": 2}], "command": ["C:\\Users\\James\\airline_S6E10\\.venv\\Scripts\\python.exe", "-u", "scripts/replay_sol_classical.py", "--members", "xt_xt_d127_bin63", "--folds", "0", "--tag", "sol_clean_aux10_threefold", "--resume-from", "sol_clean_aux10_isolated"]}
    [cache] view full: (699635, 237)
clean fold0: aux probability cache 5454f223e84b
certified reuse xt_xt_d127_bin63_f0
{"utc": "2026-10-08T01:22:51.159458+00:00", "status": "RUNNING", "member": "xt_xt_d127_bin63", "fold": 1, "completed": [{"member": "xt_xt_d127_ss06", "fold": 0}, {"member": "xt_xt_d127_ss06", "fold": 1}, {"member": "xt_xt_d127_ss06", "fold": 2}, {"member": "xt_xt_d127_s1", "fold": 0}, {"member": "xt_xt_d127_s1", "fold": 1}, {"member": "xt_xt_d127_s1", "fold": 2}, {"member": "xt_xt_d255", "fold": 0}, {"member": "xt_xt_d255", "fold": 1}, {"member": "xt_xt_d255", "fold": 2}, {"member": "xt_xt_d127_bin63", "fold": 0}], "command": ["C:\\Users\\James\\airline_S6E10\\.venv\\Scripts\\python.exe", "-u", "scripts/replay_sol_classical.py", "--members", "xt_xt_d127_bin63", "--folds", "1", "--tag", "sol_clean_aux10_threefold", "--resume-from", "sol_clean_aux10_isolated"]}
    [cache] view full: (699635, 237)
clean fold1: aux probability cache b6962eddf3a5
certified reuse xt_xt_d127_bin63_f1
{"utc": "2026-10-08T01:23:04.687220+00:00", "status": "RUNNING", "member": "xt_xt_d127_bin63", "fold": 2, "completed": [{"member": "xt_xt_d127_ss06", "fold": 0}, {"member": "xt_xt_d127_ss06", "fold": 1}, {"member": "xt_xt_d127_ss06", "fold": 2}, {"member": "xt_xt_d127_s1", "fold": 0}, {"member": "xt_xt_d127_s1", "fold": 1}, {"member": "xt_xt_d127_s1", "fold": 2}, {"member": "xt_xt_d255", "fold": 0}, {"member": "xt_xt_d255", "fold": 1}, {"member": "xt_xt_d255", "fold": 2}, {"member": "xt_xt_d127_bin63", "fold": 0}, {"member": "xt_xt_d127_bin63", "fold": 1}], "command": ["C:\\Users\\James\\airline_S6E10\\.venv\\Scripts\\python.exe", "-u", "scripts/replay_sol_classical.py", "--members", "xt_xt_d127_bin63", "--folds", "2", "--tag", "sol_clean_aux10_threefold", "--resume-from", "sol_clean_aux10_isolated"]}
    [cache] view full: (699635, 237)
clean fold2: aux probability cache 42a61b7165c8
xt_xt_d127_bin63_f2: AUC0.961213448; 838 trees; 64.8s
{"utc": "2026-10-08T01:24:22.479663+00:00", "status": "RUNNING", "member": "xt_xt_d127_cs05", "fold": 0, "completed": [{"member": "xt_xt_d127_ss06", "fold": 0}, {"member": "xt_xt_d127_ss06", "fold": 1}, {"member": "xt_xt_d127_ss06", "fold": 2}, {"member": "xt_xt_d127_s1", "fold": 0}, {"member": "xt_xt_d127_s1", "fold": 1}, {"member": "xt_xt_d127_s1", "fold": 2}, {"member": "xt_xt_d255", "fold": 0}, {"member": "xt_xt_d255", "fold": 1}, {"member": "xt_xt_d255", "fold": 2}, {"member": "xt_xt_d127_bin63", "fold": 0}, {"member": "xt_xt_d127_bin63", "fold": 1}, {"member": "xt_xt_d127_bin63", "fold": 2}], "command": ["C:\\Users\\James\\airline_S6E10\\.venv\\Scripts\\python.exe", "-u", "scripts/replay_sol_classical.py", "--members", "xt_xt_d127_cs05", "--folds", "0", "--tag", "sol_clean_aux10_threefold", "--resume-from", "sol_clean_aux10_isolated"]}
    [cache] view full: (699635, 237)
clean fold0: aux probability cache 5454f223e84b
certified reuse xt_xt_d127_cs05_f0
{"utc": "2026-10-08T01:24:35.142743+00:00", "status": "RUNNING", "member": "xt_xt_d127_cs05", "fold": 1, "completed": [{"member": "xt_xt_d127_ss06", "fold": 0}, {"member": "xt_xt_d127_ss06", "fold": 1}, {"member": "xt_xt_d127_ss06", "fold": 2}, {"member": "xt_xt_d127_s1", "fold": 0}, {"member": "xt_xt_d127_s1", "fold": 1}, {"member": "xt_xt_d127_s1", "fold": 2}, {"member": "xt_xt_d255", "fold": 0}, {"member": "xt_xt_d255", "fold": 1}, {"member": "xt_xt_d255", "fold": 2}, {"member": "xt_xt_d127_bin63", "fold": 0}, {"member": "xt_xt_d127_bin63", "fold": 1}, {"member": "xt_xt_d127_bin63", "fold": 2}, {"member": "xt_xt_d127_cs05", "fold": 0}], "command": ["C:\\Users\\James\\airline_S6E10\\.venv\\Scripts\\python.exe", "-u", "scripts/replay_sol_classical.py", "--members", "xt_xt_d127_cs05", "--folds", "1", "--tag", "sol_clean_aux10_threefold", "--resume-from", "sol_clean_aux10_isolated"]}
    [cache] view full: (699635, 237)
clean fold1: aux probability cache b6962eddf3a5
certified reuse xt_xt_d127_cs05_f1
{"utc": "2026-10-08T01:24:47.661350+00:00", "status": "RUNNING", "member": "xt_xt_d127_cs05", "fold": 2, "completed": [{"member": "xt_xt_d127_ss06", "fold": 0}, {"member": "xt_xt_d127_ss06", "fold": 1}, {"member": "xt_xt_d127_ss06", "fold": 2}, {"member": "xt_xt_d127_s1", "fold": 0}, {"member": "xt_xt_d127_s1", "fold": 1}, {"member": "xt_xt_d127_s1", "fold": 2}, {"member": "xt_xt_d255", "fold": 0}, {"member": "xt_xt_d255", "fold": 1}, {"member": "xt_xt_d255", "fold": 2}, {"member": "xt_xt_d127_bin63", "fold": 0}, {"member": "xt_xt_d127_bin63", "fold": 1}, {"member": "xt_xt_d127_bin63", "fold": 2}, {"member": "xt_xt_d127_cs05", "fold": 0}, {"member": "xt_xt_d127_cs05", "fold": 1}], "command": ["C:\\Users\\James\\airline_S6E10\\.venv\\Scripts\\python.exe", "-u", "scripts/replay_sol_classical.py", "--members", "xt_xt_d127_cs05", "--folds", "2", "--tag", "sol_clean_aux10_threefold", "--resume-from", "sol_clean_aux10_isolated"]}
    [cache] view full: (699635, 237)
clean fold2: aux probability cache 42a61b7165c8
xt_xt_d127_cs05_f2: AUC0.961189235; 731 trees; 64.3s
{"utc": "2026-10-08T01:26:04.538656+00:00", "status": "RUNNING", "member": "xt_xt_d63", "fold": 0, "completed": [{"member": "xt_xt_d127_ss06", "fold": 0}, {"member": "xt_xt_d127_ss06", "fold": 1}, {"member": "xt_xt_d127_ss06", "fold": 2}, {"member": "xt_xt_d127_s1", "fold": 0}, {"member": "xt_xt_d127_s1", "fold": 1}, {"member": "xt_xt_d127_s1", "fold": 2}, {"member": "xt_xt_d255", "fold": 0}, {"member": "xt_xt_d255", "fold": 1}, {"member": "xt_xt_d255", "fold": 2}, {"member": "xt_xt_d127_bin63", "fold": 0}, {"member": "xt_xt_d127_bin63", "fold": 1}, {"member": "xt_xt_d127_bin63", "fold": 2}, {"member": "xt_xt_d127_cs05", "fold": 0}, {"member": "xt_xt_d127_cs05", "fold": 1}, {"member": "xt_xt_d127_cs05", "fold": 2}], "command": ["C:\\Users\\James\\airline_S6E10\\.venv\\Scripts\\python.exe", "-u", "scripts/replay_sol_classical.py", "--members", "xt_xt_d63", "--folds", "0", "--tag", "sol_clean_aux10_threefold", "--resume-from", "sol_clean_aux10_isolated"]}
    [cache] view full: (699635, 237)
clean fold0: aux probability cache 5454f223e84b
certified reuse xt_xt_d63_f0
{"utc": "2026-10-08T01:26:17.393037+00:00", "status": "RUNNING", "member": "xt_xt_d63", "fold": 1, "completed": [{"member": "xt_xt_d127_ss06", "fold": 0}, {"member": "xt_xt_d127_ss06", "fold": 1}, {"member": "xt_xt_d127_ss06", "fold": 2}, {"member": "xt_xt_d127_s1", "fold": 0}, {"member": "xt_xt_d127_s1", "fold": 1}, {"member": "xt_xt_d127_s1", "fold": 2}, {"member": "xt_xt_d255", "fold": 0}, {"member": "xt_xt_d255", "fold": 1}, {"member": "xt_xt_d255", "fold": 2}, {"member": "xt_xt_d127_bin63", "fold": 0}, {"member": "xt_xt_d127_bin63", "fold": 1}, {"member": "xt_xt_d127_bin63", "fold": 2}, {"member": "xt_xt_d127_cs05", "fold": 0}, {"member": "xt_xt_d127_cs05", "fold": 1}, {"member": "xt_xt_d127_cs05", "fold": 2}, {"member": "xt_xt_d63", "fold": 0}], "command": ["C:\\Users\\James\\airline_S6E10\\.venv\\Scripts\\python.exe", "-u", "scripts/replay_sol_classical.py", "--members", "xt_xt_d63", "--folds", "1", "--tag", "sol_clean_aux10_threefold", "--resume-from", "sol_clean_aux10_isolated"]}
    [cache] view full: (699635, 237)
clean fold1: aux probability cache b6962eddf3a5
certified reuse xt_xt_d63_f1
{"utc": "2026-10-08T01:26:30.154294+00:00", "status": "RUNNING", "member": "xt_xt_d63", "fold": 2, "completed": [{"member": "xt_xt_d127_ss06", "fold": 0}, {"member": "xt_xt_d127_ss06", "fold": 1}, {"member": "xt_xt_d127_ss06", "fold": 2}, {"member": "xt_xt_d127_s1", "fold": 0}, {"member": "xt_xt_d127_s1", "fold": 1}, {"member": "xt_xt_d127_s1", "fold": 2}, {"member": "xt_xt_d255", "fold": 0}, {"member": "xt_xt_d255", "fold": 1}, {"member": "xt_xt_d255", "fold": 2}, {"member": "xt_xt_d127_bin63", "fold": 0}, {"member": "xt_xt_d127_bin63", "fold": 1}, {"member": "xt_xt_d127_bin63", "fold": 2}, {"member": "xt_xt_d127_cs05", "fold": 0}, {"member": "xt_xt_d127_cs05", "fold": 1}, {"member": "xt_xt_d127_cs05", "fold": 2}, {"member": "xt_xt_d63", "fold": 0}, {"member": "xt_xt_d63", "fold": 1}], "command": ["C:\\Users\\James\\airline_S6E10\\.venv\\Scripts\\python.exe", "-u", "scripts/replay_sol_classical.py", "--members", "xt_xt_d63", "--folds", "2", "--tag", "sol_clean_aux10_threefold", "--resume-from", "sol_clean_aux10_isolated"]}
    [cache] view full: (699635, 237)
clean fold2: aux probability cache 42a61b7165c8
xt_xt_d63_f2: AUC0.961174363; 914 trees; 57.1s
{"utc": "2026-10-08T01:27:40.402283+00:00", "status": "RUNNING", "member": "z3_cat_d8_s2", "fold": 0, "completed": [{"member": "xt_xt_d127_ss06", "fold": 0}, {"member": "xt_xt_d127_ss06", "fold": 1}, {"member": "xt_xt_d127_ss06", "fold": 2}, {"member": "xt_xt_d127_s1", "fold": 0}, {"member": "xt_xt_d127_s1", "fold": 1}, {"member": "xt_xt_d127_s1", "fold": 2}, {"member": "xt_xt_d255", "fold": 0}, {"member": "xt_xt_d255", "fold": 1}, {"member": "xt_xt_d255", "fold": 2}, {"member": "xt_xt_d127_bin63", "fold": 0}, {"member": "xt_xt_d127_bin63", "fold": 1}, {"member": "xt_xt_d127_bin63", "fold": 2}, {"member": "xt_xt_d127_cs05", "fold": 0}, {"member": "xt_xt_d127_cs05", "fold": 1}, {"member": "xt_xt_d127_cs05", "fold": 2}, {"member": "xt_xt_d63", "fold": 0}, {"member": "xt_xt_d63", "fold": 1}, {"member": "xt_xt_d63", "fold": 2}], "command": ["C:\\Users\\James\\airline_S6E10\\.venv\\Scripts\\python.exe", "-u", "scripts/replay_sol_classical.py", "--members", "z3_cat_d8_s2", "--folds", "0", "--tag", "sol_clean_aux10_threefold", "--resume-from", "sol_clean_aux10_isolated"]}
    [cache] view full: (699635, 237)
clean fold0: aux probability cache 5454f223e84b
certified reuse z3_cat_d8_s2_f0
{"utc": "2026-10-08T01:27:53.103381+00:00", "status": "RUNNING", "member": "z3_cat_d8_s2", "fold": 1, "completed": [{"member": "xt_xt_d127_ss06", "fold": 0}, {"member": "xt_xt_d127_ss06", "fold": 1}, {"member": "xt_xt_d127_ss06", "fold": 2}, {"member": "xt_xt_d127_s1", "fold": 0}, {"member": "xt_xt_d127_s1", "fold": 1}, {"member": "xt_xt_d127_s1", "fold": 2}, {"member": "xt_xt_d255", "fold": 0}, {"member": "xt_xt_d255", "fold": 1}, {"member": "xt_xt_d255", "fold": 2}, {"member": "xt_xt_d127_bin63", "fold": 0}, {"member": "xt_xt_d127_bin63", "fold": 1}, {"member": "xt_xt_d127_bin63", "fold": 2}, {"member": "xt_xt_d127_cs05", "fold": 0}, {"member": "xt_xt_d127_cs05", "fold": 1}, {"member": "xt_xt_d127_cs05", "fold": 2}, {"member": "xt_xt_d63", "fold": 0}, {"member": "xt_xt_d63", "fold": 1}, {"member": "xt_xt_d63", "fold": 2}, {"member": "z3_cat_d8_s2", "fold": 0}], "command": ["C:\\Users\\James\\airline_S6E10\\.venv\\Scripts\\python.exe", "-u", "scripts/replay_sol_classical.py", "--members", "z3_cat_d8_s2", "--folds", "1", "--tag", "sol_clean_aux10_threefold", "--resume-from", "sol_clean_aux10_isolated"]}
    [cache] view full: (699635, 237)
clean fold1: aux probability cache b6962eddf3a5
certified reuse z3_cat_d8_s2_f1
{"utc": "2026-10-08T01:28:05.845648+00:00", "status": "RUNNING", "member": "z3_cat_d8_s2", "fold": 2, "completed": [{"member": "xt_xt_d127_ss06", "fold": 0}, {"member": "xt_xt_d127_ss06", "fold": 1}, {"member": "xt_xt_d127_ss06", "fold": 2}, {"member": "xt_xt_d127_s1", "fold": 0}, {"member": "xt_xt_d127_s1", "fold": 1}, {"member": "xt_xt_d127_s1", "fold": 2}, {"member": "xt_xt_d255", "fold": 0}, {"member": "xt_xt_d255", "fold": 1}, {"member": "xt_xt_d255", "fold": 2}, {"member": "xt_xt_d127_bin63", "fold": 0}, {"member": "xt_xt_d127_bin63", "fold": 1}, {"member": "xt_xt_d127_bin63", "fold": 2}, {"member": "xt_xt_d127_cs05", "fold": 0}, {"member": "xt_xt_d127_cs05", "fold": 1}, {"member": "xt_xt_d127_cs05", "fold": 2}, {"member": "xt_xt_d63", "fold": 0}, {"member": "xt_xt_d63", "fold": 1}, {"member": "xt_xt_d63", "fold": 2}, {"member": "z3_cat_d8_s2", "fold": 0}, {"member": "z3_cat_d8_s2", "fold": 1}], "command": ["C:\\Users\\James\\airline_S6E10\\.venv\\Scripts\\python.exe", "-u", "scripts/replay_sol_classical.py", "--members", "z3_cat_d8_s2", "--folds", "2", "--tag", "sol_clean_aux10_threefold", "--resume-from", "sol_clean_aux10_isolated"]}
    [cache] view full: (699635, 237)
clean fold2: aux probability cache 42a61b7165c8
z3_cat_d8_s2_f2: AUC0.961269751; 1812 trees; 875.9s
{"utc": "2026-10-08T01:42:54.436623+00:00", "status": "RUNNING", "member": "prod5_xgb_full_primary", "fold": 0, "completed": [{"member": "xt_xt_d127_ss06", "fold": 0}, {"member": "xt_xt_d127_ss06", "fold": 1}, {"member": "xt_xt_d127_ss06", "fold": 2}, {"member": "xt_xt_d127_s1", "fold": 0}, {"member": "xt_xt_d127_s1", "fold": 1}, {"member": "xt_xt_d127_s1", "fold": 2}, {"member": "xt_xt_d255", "fold": 0}, {"member": "xt_xt_d255", "fold": 1}, {"member": "xt_xt_d255", "fold": 2}, {"member": "xt_xt_d127_bin63", "fold": 0}, {"member": "xt_xt_d127_bin63", "fold": 1}, {"member": "xt_xt_d127_bin63", "fold": 2}, {"member": "xt_xt_d127_cs05", "fold": 0}, {"member": "xt_xt_d127_cs05", "fold": 1}, {"member": "xt_xt_d127_cs05", "fold": 2}, {"member": "xt_xt_d63", "fold": 0}, {"member": "xt_xt_d63", "fold": 1}, {"member": "xt_xt_d63", "fold": 2}, {"member": "z3_cat_d8_s2", "fold": 0}, {"member": "z3_cat_d8_s2", "fold": 1}, {"member": "z3_cat_d8_s2", "fold": 2}], "command": ["C:\\Users\\James\\airline_S6E10\\.venv\\Scripts\\python.exe", "-u", "scripts/replay_sol_classical.py", "--members", "prod5_xgb_full_primary", "--folds", "0", "--tag", "sol_clean_aux10_threefold", "--resume-from", "sol_clean_aux10_isolated"]}
    [cache] view full: (699635, 237)
clean fold0: aux probability cache 5454f223e84b
certified reuse prod5_xgb_full_primary_f0
{"utc": "2026-10-08T01:43:07.360512+00:00", "status": "RUNNING", "member": "prod5_xgb_full_primary", "fold": 1, "completed": [{"member": "xt_xt_d127_ss06", "fold": 0}, {"member": "xt_xt_d127_ss06", "fold": 1}, {"member": "xt_xt_d127_ss06", "fold": 2}, {"member": "xt_xt_d127_s1", "fold": 0}, {"member": "xt_xt_d127_s1", "fold": 1}, {"member": "xt_xt_d127_s1", "fold": 2}, {"member": "xt_xt_d255", "fold": 0}, {"member": "xt_xt_d255", "fold": 1}, {"member": "xt_xt_d255", "fold": 2}, {"member": "xt_xt_d127_bin63", "fold": 0}, {"member": "xt_xt_d127_bin63", "fold": 1}, {"member": "xt_xt_d127_bin63", "fold": 2}, {"member": "xt_xt_d127_cs05", "fold": 0}, {"member": "xt_xt_d127_cs05", "fold": 1}, {"member": "xt_xt_d127_cs05", "fold": 2}, {"member": "xt_xt_d63", "fold": 0}, {"member": "xt_xt_d63", "fold": 1}, {"member": "xt_xt_d63", "fold": 2}, {"member": "z3_cat_d8_s2", "fold": 0}, {"member": "z3_cat_d8_s2", "fold": 1}, {"member": "z3_cat_d8_s2", "fold": 2}, {"member": "prod5_xgb_full_primary", "fold": 0}], "command": ["C:\\Users\\James\\airline_S6E10\\.venv\\Scripts\\python.exe", "-u", "scripts/replay_sol_classical.py", "--members", "prod5_xgb_full_primary", "--folds", "1", "--tag", "sol_clean_aux10_threefold", "--resume-from", "sol_clean_aux10_isolated"]}
    [cache] view full: (699635, 237)
clean fold1: aux probability cache b6962eddf3a5
certified reuse prod5_xgb_full_primary_f1
{"utc": "2026-10-08T01:43:19.937846+00:00", "status": "RUNNING", "member": "prod5_xgb_full_primary", "fold": 2, "completed": [{"member": "xt_xt_d127_ss06", "fold": 0}, {"member": "xt_xt_d127_ss06", "fold": 1}, {"member": "xt_xt_d127_ss06", "fold": 2}, {"member": "xt_xt_d127_s1", "fold": 0}, {"member": "xt_xt_d127_s1", "fold": 1}, {"member": "xt_xt_d127_s1", "fold": 2}, {"member": "xt_xt_d255", "fold": 0}, {"member": "xt_xt_d255", "fold": 1}, {"member": "xt_xt_d255", "fold": 2}, {"member": "xt_xt_d127_bin63", "fold": 0}, {"member": "xt_xt_d127_bin63", "fold": 1}, {"member": "xt_xt_d127_bin63", "fold": 2}, {"member": "xt_xt_d127_cs05", "fold": 0}, {"member": "xt_xt_d127_cs05", "fold": 1}, {"member": "xt_xt_d127_cs05", "fold": 2}, {"member": "xt_xt_d63", "fold": 0}, {"member": "xt_xt_d63", "fold": 1}, {"member": "xt_xt_d63", "fold": 2}, {"member": "z3_cat_d8_s2", "fold": 0}, {"member": "z3_cat_d8_s2", "fold": 1}, {"member": "z3_cat_d8_s2", "fold": 2}, {"member": "prod5_xgb_full_primary", "fold": 0}, {"member": "prod5_xgb_full_primary", "fold": 1}], "command": ["C:\\Users\\James\\airline_S6E10\\.venv\\Scripts\\python.exe", "-u", "scripts/replay_sol_classical.py", "--members", "prod5_xgb_full_primary", "--folds", "2", "--tag", "sol_clean_aux10_threefold", "--resume-from", "sol_clean_aux10_isolated"]}
    [cache] view full: (699635, 237)
clean fold2: aux probability cache 42a61b7165c8
prod5_xgb_full_primary_f2: AUC0.961030643; 413 trees; 9.7s
{"utc": "2026-10-08T01:43:42.282149+00:00", "status": "RUNNING", "member": "xt_xgb_lossguide", "fold": 0, "completed": [{"member": "xt_xt_d127_ss06", "fold": 0}, {"member": "xt_xt_d127_ss06", "fold": 1}, {"member": "xt_xt_d127_ss06", "fold": 2}, {"member": "xt_xt_d127_s1", "fold": 0}, {"member": "xt_xt_d127_s1", "fold": 1}, {"member": "xt_xt_d127_s1", "fold": 2}, {"member": "xt_xt_d255", "fold": 0}, {"member": "xt_xt_d255", "fold": 1}, {"member": "xt_xt_d255", "fold": 2}, {"member": "xt_xt_d127_bin63", "fold": 0}, {"member": "xt_xt_d127_bin63", "fold": 1}, {"member": "xt_xt_d127_bin63", "fold": 2}, {"member": "xt_xt_d127_cs05", "fold": 0}, {"member": "xt_xt_d127_cs05", "fold": 1}, {"member": "xt_xt_d127_cs05", "fold": 2}, {"member": "xt_xt_d63", "fold": 0}, {"member": "xt_xt_d63", "fold": 1}, {"member": "xt_xt_d63", "fold": 2}, {"member": "z3_cat_d8_s2", "fold": 0}, {"member": "z3_cat_d8_s2", "fold": 1}, {"member": "z3_cat_d8_s2", "fold": 2}, {"member": "prod5_xgb_full_primary", "fold": 0}, {"member": "prod5_xgb_full_primary", "fold": 1}, {"member": "prod5_xgb_full_primary", "fold": 2}], "command": ["C:\\Users\\James\\airline_S6E10\\.venv\\Scripts\\python.exe", "-u", "scripts/replay_sol_classical.py", "--members", "xt_xgb_lossguide", "--folds", "0", "--tag", "sol_clean_aux10_threefold", "--resume-from", "sol_clean_aux10_isolated"]}
    [cache] view full: (699635, 237)
clean fold0: aux probability cache 5454f223e84b
certified reuse xt_xgb_lossguide_f0
{"utc": "2026-10-08T01:43:54.879523+00:00", "status": "RUNNING", "member": "xt_xgb_lossguide", "fold": 1, "completed": [{"member": "xt_xt_d127_ss06", "fold": 0}, {"member": "xt_xt_d127_ss06", "fold": 1}, {"member": "xt_xt_d127_ss06", "fold": 2}, {"member": "xt_xt_d127_s1", "fold": 0}, {"member": "xt_xt_d127_s1", "fold": 1}, {"member": "xt_xt_d127_s1", "fold": 2}, {"member": "xt_xt_d255", "fold": 0}, {"member": "xt_xt_d255", "fold": 1}, {"member": "xt_xt_d255", "fold": 2}, {"member": "xt_xt_d127_bin63", "fold": 0}, {"member": "xt_xt_d127_bin63", "fold": 1}, {"member": "xt_xt_d127_bin63", "fold": 2}, {"member": "xt_xt_d127_cs05", "fold": 0}, {"member": "xt_xt_d127_cs05", "fold": 1}, {"member": "xt_xt_d127_cs05", "fold": 2}, {"member": "xt_xt_d63", "fold": 0}, {"member": "xt_xt_d63", "fold": 1}, {"member": "xt_xt_d63", "fold": 2}, {"member": "z3_cat_d8_s2", "fold": 0}, {"member": "z3_cat_d8_s2", "fold": 1}, {"member": "z3_cat_d8_s2", "fold": 2}, {"member": "prod5_xgb_full_primary", "fold": 0}, {"member": "prod5_xgb_full_primary", "fold": 1}, {"member": "prod5_xgb_full_primary", "fold": 2}, {"member": "xt_xgb_lossguide", "fold": 0}], "command": ["C:\\Users\\James\\airline_S6E10\\.venv\\Scripts\\python.exe", "-u", "scripts/replay_sol_classical.py", "--members", "xt_xgb_lossguide", "--folds", "1", "--tag", "sol_clean_aux10_threefold", "--resume-from", "sol_clean_aux10_isolated"]}
    [cache] view full: (699635, 237)
clean fold1: aux probability cache b6962eddf3a5
certified reuse xt_xgb_lossguide_f1
{"utc": "2026-10-08T01:44:07.617217+00:00", "status": "RUNNING", "member": "xt_xgb_lossguide", "fold": 2, "completed": [{"member": "xt_xt_d127_ss06", "fold": 0}, {"member": "xt_xt_d127_ss06", "fold": 1}, {"member": "xt_xt_d127_ss06", "fold": 2}, {"member": "xt_xt_d127_s1", "fold": 0}, {"member": "xt_xt_d127_s1", "fold": 1}, {"member": "xt_xt_d127_s1", "fold": 2}, {"member": "xt_xt_d255", "fold": 0}, {"member": "xt_xt_d255", "fold": 1}, {"member": "xt_xt_d255", "fold": 2}, {"member": "xt_xt_d127_bin63", "fold": 0}, {"member": "xt_xt_d127_bin63", "fold": 1}, {"member": "xt_xt_d127_bin63", "fold": 2}, {"member": "xt_xt_d127_cs05", "fold": 0}, {"member": "xt_xt_d127_cs05", "fold": 1}, {"member": "xt_xt_d127_cs05", "fold": 2}, {"member": "xt_xt_d63", "fold": 0}, {"member": "xt_xt_d63", "fold": 1}, {"member": "xt_xt_d63", "fold": 2}, {"member": "z3_cat_d8_s2", "fold": 0}, {"member": "z3_cat_d8_s2", "fold": 1}, {"member": "z3_cat_d8_s2", "fold": 2}, {"member": "prod5_xgb_full_primary", "fold": 0}, {"member": "prod5_xgb_full_primary", "fold": 1}, {"member": "prod5_xgb_full_primary", "fold": 2}, {"member": "xt_xgb_lossguide", "fold": 0}, {"member": "xt_xgb_lossguide", "fold": 1}], "command": ["C:\\Users\\James\\airline_S6E10\\.venv\\Scripts\\python.exe", "-u", "scripts/replay_sol_classical.py", "--members", "xt_xgb_lossguide", "--folds", "2", "--tag", "sol_clean_aux10_threefold", "--resume-from", "sol_clean_aux10_isolated"]}
    [cache] view full: (699635, 237)
clean fold2: aux probability cache 42a61b7165c8
xt_xgb_lossguide_f2: AUC0.961086610; 300 trees; 23.3s
{"utc": "2026-10-08T01:44:43.577604+00:00", "status": "RUNNING", "member": "zoo_xgb_d6", "fold": 0, "completed": [{"member": "xt_xt_d127_ss06", "fold": 0}, {"member": "xt_xt_d127_ss06", "fold": 1}, {"member": "xt_xt_d127_ss06", "fold": 2}, {"member": "xt_xt_d127_s1", "fold": 0}, {"member": "xt_xt_d127_s1", "fold": 1}, {"member": "xt_xt_d127_s1", "fold": 2}, {"member": "xt_xt_d255", "fold": 0}, {"member": "xt_xt_d255", "fold": 1}, {"member": "xt_xt_d255", "fold": 2}, {"member": "xt_xt_d127_bin63", "fold": 0}, {"member": "xt_xt_d127_bin63", "fold": 1}, {"member": "xt_xt_d127_bin63", "fold": 2}, {"member": "xt_xt_d127_cs05", "fold": 0}, {"member": "xt_xt_d127_cs05", "fold": 1}, {"member": "xt_xt_d127_cs05", "fold": 2}, {"member": "xt_xt_d63", "fold": 0}, {"member": "xt_xt_d63", "fold": 1}, {"member": "xt_xt_d63", "fold": 2}, {"member": "z3_cat_d8_s2", "fold": 0}, {"member": "z3_cat_d8_s2", "fold": 1}, {"member": "z3_cat_d8_s2", "fold": 2}, {"member": "prod5_xgb_full_primary", "fold": 0}, {"member": "prod5_xgb_full_primary", "fold": 1}, {"member": "prod5_xgb_full_primary", "fold": 2}, {"member": "xt_xgb_lossguide", "fold": 0}, {"member": "xt_xgb_lossguide", "fold": 1}, {"member": "xt_xgb_lossguide", "fold": 2}], "command": ["C:\\Users\\James\\airline_S6E10\\.venv\\Scripts\\python.exe", "-u", "scripts/replay_sol_classical.py", "--members", "zoo_xgb_d6", "--folds", "0", "--tag", "sol_clean_aux10_threefold", "--resume-from", "sol_clean_aux10_isolated"]}
    [cache] view full: (699635, 237)
clean fold0: aux probability cache 5454f223e84b
certified reuse zoo_xgb_d6_f0
{"utc": "2026-10-08T01:44:56.252147+00:00", "status": "RUNNING", "member": "zoo_xgb_d6", "fold": 1, "completed": [{"member": "xt_xt_d127_ss06", "fold": 0}, {"member": "xt_xt_d127_ss06", "fold": 1}, {"member": "xt_xt_d127_ss06", "fold": 2}, {"member": "xt_xt_d127_s1", "fold": 0}, {"member": "xt_xt_d127_s1", "fold": 1}, {"member": "xt_xt_d127_s1", "fold": 2}, {"member": "xt_xt_d255", "fold": 0}, {"member": "xt_xt_d255", "fold": 1}, {"member": "xt_xt_d255", "fold": 2}, {"member": "xt_xt_d127_bin63", "fold": 0}, {"member": "xt_xt_d127_bin63", "fold": 1}, {"member": "xt_xt_d127_bin63", "fold": 2}, {"member": "xt_xt_d127_cs05", "fold": 0}, {"member": "xt_xt_d127_cs05", "fold": 1}, {"member": "xt_xt_d127_cs05", "fold": 2}, {"member": "xt_xt_d63", "fold": 0}, {"member": "xt_xt_d63", "fold": 1}, {"member": "xt_xt_d63", "fold": 2}, {"member": "z3_cat_d8_s2", "fold": 0}, {"member": "z3_cat_d8_s2", "fold": 1}, {"member": "z3_cat_d8_s2", "fold": 2}, {"member": "prod5_xgb_full_primary", "fold": 0}, {"member": "prod5_xgb_full_primary", "fold": 1}, {"member": "prod5_xgb_full_primary", "fold": 2}, {"member": "xt_xgb_lossguide", "fold": 0}, {"member": "xt_xgb_lossguide", "fold": 1}, {"member": "xt_xgb_lossguide", "fold": 2}, {"member": "zoo_xgb_d6", "fold": 0}], "command": ["C:\\Users\\James\\airline_S6E10\\.venv\\Scripts\\python.exe", "-u", "scripts/replay_sol_classical.py", "--members", "zoo_xgb_d6", "--folds", "1", "--tag", "sol_clean_aux10_threefold", "--resume-from", "sol_clean_aux10_isolated"]}
    [cache] view full: (699635, 237)
clean fold1: aux probability cache b6962eddf3a5
certified reuse zoo_xgb_d6_f1
{"utc": "2026-10-08T01:45:08.871940+00:00", "status": "RUNNING", "member": "zoo_xgb_d6", "fold": 2, "completed": [{"member": "xt_xt_d127_ss06", "fold": 0}, {"member": "xt_xt_d127_ss06", "fold": 1}, {"member": "xt_xt_d127_ss06", "fold": 2}, {"member": "xt_xt_d127_s1", "fold": 0}, {"member": "xt_xt_d127_s1", "fold": 1}, {"member": "xt_xt_d127_s1", "fold": 2}, {"member": "xt_xt_d255", "fold": 0}, {"member": "xt_xt_d255", "fold": 1}, {"member": "xt_xt_d255", "fold": 2}, {"member": "xt_xt_d127_bin63", "fold": 0}, {"member": "xt_xt_d127_bin63", "fold": 1}, {"member": "xt_xt_d127_bin63", "fold": 2}, {"member": "xt_xt_d127_cs05", "fold": 0}, {"member": "xt_xt_d127_cs05", "fold": 1}, {"member": "xt_xt_d127_cs05", "fold": 2}, {"member": "xt_xt_d63", "fold": 0}, {"member": "xt_xt_d63", "fold": 1}, {"member": "xt_xt_d63", "fold": 2}, {"member": "z3_cat_d8_s2", "fold": 0}, {"member": "z3_cat_d8_s2", "fold": 1}, {"member": "z3_cat_d8_s2", "fold": 2}, {"member": "prod5_xgb_full_primary", "fold": 0}, {"member": "prod5_xgb_full_primary", "fold": 1}, {"member": "prod5_xgb_full_primary", "fold": 2}, {"member": "xt_xgb_lossguide", "fold": 0}, {"member": "xt_xgb_lossguide", "fold": 1}, {"member": "xt_xgb_lossguide", "fold": 2}, {"member": "zoo_xgb_d6", "fold": 0}, {"member": "zoo_xgb_d6", "fold": 1}], "command": ["C:\\Users\\James\\airline_S6E10\\.venv\\Scripts\\python.exe", "-u", "scripts/replay_sol_classical.py", "--members", "zoo_xgb_d6", "--folds", "2", "--tag", "sol_clean_aux10_threefold", "--resume-from", "sol_clean_aux10_isolated"]}
    [cache] view full: (699635, 237)
clean fold2: aux probability cache 42a61b7165c8
zoo_xgb_d6_f2: AUC0.960987548; 446 trees; 7.4s
