{"utc": "2026-10-08T06:34:03.454769+00:00", "status": "RUNNING", "member": "xt_xt_d127_ss06", "fold": 0, "completed": [], "command": ["C:\\Users\\James\\airline_S6E10\\.venv\\Scripts\\python.exe", "-u", "scripts/replay_sol_classical.py", "--members", "xt_xt_d127_ss06", "--folds", "0", "--tag", "sol_clean_aux10_primary", "--resume-from", "sol_clean_aux10_threefold"]}
    [cache] view full: (699635, 237)
clean fold0: aux probability cache 5454f223e84b
certified reuse xt_xt_d127_ss06_f0
{"utc": "2026-10-08T06:34:18.789749+00:00", "status": "RUNNING", "member": "xt_xt_d127_ss06", "fold": 1, "completed": [{"member": "xt_xt_d127_ss06", "fold": 0}], "command": ["C:\\Users\\James\\airline_S6E10\\.venv\\Scripts\\python.exe", "-u", "scripts/replay_sol_classical.py", "--members", "xt_xt_d127_ss06", "--folds", "1", "--tag", "sol_clean_aux10_primary", "--resume-from", "sol_clean_aux10_threefold"]}
    [cache] view full: (699635, 237)
clean fold1: aux probability cache b6962eddf3a5
certified reuse xt_xt_d127_ss06_f1
{"utc": "2026-10-08T06:34:32.183849+00:00", "status": "RUNNING", "member": "xt_xt_d127_ss06", "fold": 2, "completed": [{"member": "xt_xt_d127_ss06", "fold": 0}, {"member": "xt_xt_d127_ss06", "fold": 1}], "command": ["C:\\Users\\James\\airline_S6E10\\.venv\\Scripts\\python.exe", "-u", "scripts/replay_sol_classical.py", "--members", "xt_xt_d127_ss06", "--folds", "2", "--tag", "sol_clean_aux10_primary", "--resume-from", "sol_clean_aux10_threefold"]}
    [cache] view full: (699635, 237)
clean fold2: aux probability cache 42a61b7165c8
certified reuse xt_xt_d127_ss06_f2
{"utc": "2026-10-08T06:34:46.127748+00:00", "status": "RUNNING", "member": "xt_xt_d127_ss06", "fold": 3, "completed": [{"member": "xt_xt_d127_ss06", "fold": 0}, {"member": "xt_xt_d127_ss06", "fold": 1}, {"member": "xt_xt_d127_ss06", "fold": 2}], "command": ["C:\\Users\\James\\airline_S6E10\\.venv\\Scripts\\python.exe", "-u", "scripts/replay_sol_classical.py", "--members", "xt_xt_d127_ss06", "--folds", "3", "--tag", "sol_clean_aux10_primary", "--resume-from", "sol_clean_aux10_threefold"]}
    [cache] view full: (699635, 237)
clean fold3: aux probability cache dfd6a84b6372
xt_xt_d127_ss06_f3: AUC0.960461205; 691 trees; 47.9s
{"utc": "2026-10-08T06:35:47.262466+00:00", "status": "RUNNING", "member": "xt_xt_d127_ss06", "fold": 4, "completed": [{"member": "xt_xt_d127_ss06", "fold": 0}, {"member": "xt_xt_d127_ss06", "fold": 1}, {"member": "xt_xt_d127_ss06", "fold": 2}, {"member": "xt_xt_d127_ss06", "fold": 3}], "command": ["C:\\Users\\James\\airline_S6E10\\.venv\\Scripts\\python.exe", "-u", "scripts/replay_sol_classical.py", "--members", "xt_xt_d127_ss06", "--folds", "4", "--tag", "sol_clean_aux10_primary", "--resume-from", "sol_clean_aux10_threefold"]}
    [cache] view full: (699635, 237)
clean fold4: aux probability cache 23b2d6be24dd
xt_xt_d127_ss06_f4: AUC0.961794022; 805 trees; 50.3s
complete xt_xt_d127_ss06: OOF0.961193561; test=False
{"utc": "2026-10-08T06:36:50.449521+00:00", "status": "RUNNING", "member": "xt_xt_d127_s1", "fold": 0, "completed": [{"member": "xt_xt_d127_ss06", "fold": 0}, {"member": "xt_xt_d127_ss06", "fold": 1}, {"member": "xt_xt_d127_ss06", "fold": 2}, {"member": "xt_xt_d127_ss06", "fold": 3}, {"member": "xt_xt_d127_ss06", "fold": 4}], "command": ["C:\\Users\\James\\airline_S6E10\\.venv\\Scripts\\python.exe", "-u", "scripts/replay_sol_classical.py", "--members", "xt_xt_d127_s1", "--folds", "0", "--tag", "sol_clean_aux10_primary", "--resume-from", "sol_clean_aux10_threefold"]}
    [cache] view full: (699635, 237)
clean fold0: aux probability cache 5454f223e84b
certified reuse xt_xt_d127_s1_f0
{"utc": "2026-10-08T06:37:02.864975+00:00", "status": "RUNNING", "member": "xt_xt_d127_s1", "fold": 1, "completed": [{"member": "xt_xt_d127_ss06", "fold": 0}, {"member": "xt_xt_d127_ss06", "fold": 1}, {"member": "xt_xt_d127_ss06", "fold": 2}, {"member": "xt_xt_d127_ss06", "fold": 3}, {"member": "xt_xt_d127_ss06", "fold": 4}, {"member": "xt_xt_d127_s1", "fold": 0}], "command": ["C:\\Users\\James\\airline_S6E10\\.venv\\Scripts\\python.exe", "-u", "scripts/replay_sol_classical.py", "--members", "xt_xt_d127_s1", "--folds", "1", "--tag", "sol_clean_aux10_primary", "--resume-from", "sol_clean_aux10_threefold"]}
    [cache] view full: (699635, 237)
clean fold1: aux probability cache b6962eddf3a5
certified reuse xt_xt_d127_s1_f1
{"utc": "2026-10-08T06:37:15.655345+00:00", "status": "RUNNING", "member": "xt_xt_d127_s1", "fold": 2, "completed": [{"member": "xt_xt_d127_ss06", "fold": 0}, {"member": "xt_xt_d127_ss06", "fold": 1}, {"member": "xt_xt_d127_ss06", "fold": 2}, {"member": "xt_xt_d127_ss06", "fold": 3}, {"member": "xt_xt_d127_ss06", "fold": 4}, {"member": "xt_xt_d127_s1", "fold": 0}, {"member": "xt_xt_d127_s1", "fold": 1}], "command": ["C:\\Users\\James\\airline_S6E10\\.venv\\Scripts\\python.exe", "-u", "scripts/replay_sol_classical.py", "--members", "xt_xt_d127_s1", "--folds", "2", "--tag", "sol_clean_aux10_primary", "--resume-from", "sol_clean_aux10_threefold"]}
    [cache] view full: (699635, 237)
clean fold2: aux probability cache 42a61b7165c8
certified reuse xt_xt_d127_s1_f2
{"utc": "2026-10-08T06:37:29.252650+00:00", "status": "RUNNING", "member": "xt_xt_d127_s1", "fold": 3, "completed": [{"member": "xt_xt_d127_ss06", "fold": 0}, {"member": "xt_xt_d127_ss06", "fold": 1}, {"member": "xt_xt_d127_ss06", "fold": 2}, {"member": "xt_xt_d127_ss06", "fold": 3}, {"member": "xt_xt_d127_ss06", "fold": 4}, {"member": "xt_xt_d127_s1", "fold": 0}, {"member": "xt_xt_d127_s1", "fold": 1}, {"member": "xt_xt_d127_s1", "fold": 2}], "command": ["C:\\Users\\James\\airline_S6E10\\.venv\\Scripts\\python.exe", "-u", "scripts/replay_sol_classical.py", "--members", "xt_xt_d127_s1", "--folds", "3", "--tag", "sol_clean_aux10_primary", "--resume-from", "sol_clean_aux10_threefold"]}
    [cache] view full: (699635, 237)
clean fold3: aux probability cache dfd6a84b6372
xt_xt_d127_s1_f3: AUC0.960434036; 654 trees; 68.2s
{"utc": "2026-10-08T06:38:50.255867+00:00", "status": "RUNNING", "member": "xt_xt_d127_s1", "fold": 4, "completed": [{"member": "xt_xt_d127_ss06", "fold": 0}, {"member": "xt_xt_d127_ss06", "fold": 1}, {"member": "xt_xt_d127_ss06", "fold": 2}, {"member": "xt_xt_d127_ss06", "fold": 3}, {"member": "xt_xt_d127_ss06", "fold": 4}, {"member": "xt_xt_d127_s1", "fold": 0}, {"member": "xt_xt_d127_s1", "fold": 1}, {"member": "xt_xt_d127_s1", "fold": 2}, {"member": "xt_xt_d127_s1", "fold": 3}], "command": ["C:\\Users\\James\\airline_S6E10\\.venv\\Scripts\\python.exe", "-u", "scripts/replay_sol_classical.py", "--members", "xt_xt_d127_s1", "--folds", "4", "--tag", "sol_clean_aux10_primary", "--resume-from", "sol_clean_aux10_threefold"]}
    [cache] view full: (699635, 237)
clean fold4: aux probability cache 23b2d6be24dd
xt_xt_d127_s1_f4: AUC0.961856915; 680 trees; 71.5s
complete xt_xt_d127_s1: OOF0.961249610; test=False
{"utc": "2026-10-08T06:40:15.697514+00:00", "status": "RUNNING", "member": "xt_xt_d255", "fold": 0, "completed": [{"member": "xt_xt_d127_ss06", "fold": 0}, {"member": "xt_xt_d127_ss06", "fold": 1}, {"member": "xt_xt_d127_ss06", "fold": 2}, {"member": "xt_xt_d127_ss06", "fold": 3}, {"member": "xt_xt_d127_ss06", "fold": 4}, {"member": "xt_xt_d127_s1", "fold": 0}, {"member": "xt_xt_d127_s1", "fold": 1}, {"member": "xt_xt_d127_s1", "fold": 2}, {"member": "xt_xt_d127_s1", "fold": 3}, {"member": "xt_xt_d127_s1", "fold": 4}], "command": ["C:\\Users\\James\\airline_S6E10\\.venv\\Scripts\\python.exe", "-u", "scripts/replay_sol_classical.py", "--members", "xt_xt_d255", "--folds", "0", "--tag", "sol_clean_aux10_primary", "--resume-from", "sol_clean_aux10_threefold"]}
    [cache] view full: (699635, 237)
clean fold0: aux probability cache 5454f223e84b
certified reuse xt_xt_d255_f0
{"utc": "2026-10-08T06:40:31.858591+00:00", "status": "RUNNING", "member": "xt_xt_d255", "fold": 1, "completed": [{"member": "xt_xt_d127_ss06", "fold": 0}, {"member": "xt_xt_d127_ss06", "fold": 1}, {"member": "xt_xt_d127_ss06", "fold": 2}, {"member": "xt_xt_d127_ss06", "fold": 3}, {"member": "xt_xt_d127_ss06", "fold": 4}, {"member": "xt_xt_d127_s1", "fold": 0}, {"member": "xt_xt_d127_s1", "fold": 1}, {"member": "xt_xt_d127_s1", "fold": 2}, {"member": "xt_xt_d127_s1", "fold": 3}, {"member": "xt_xt_d127_s1", "fold": 4}, {"member": "xt_xt_d255", "fold": 0}], "command": ["C:\\Users\\James\\airline_S6E10\\.venv\\Scripts\\python.exe", "-u", "scripts/replay_sol_classical.py", "--members", "xt_xt_d255", "--folds", "1", "--tag", "sol_clean_aux10_primary", "--resume-from", "sol_clean_aux10_threefold"]}
    [cache] view full: (699635, 237)
clean fold1: aux probability cache b6962eddf3a5
certified reuse xt_xt_d255_f1
{"utc": "2026-10-08T06:40:46.314282+00:00", "status": "RUNNING", "member": "xt_xt_d255", "fold": 2, "completed": [{"member": "xt_xt_d127_ss06", "fold": 0}, {"member": "xt_xt_d127_ss06", "fold": 1}, {"member": "xt_xt_d127_ss06", "fold": 2}, {"member": "xt_xt_d127_ss06", "fold": 3}, {"member": "xt_xt_d127_ss06", "fold": 4}, {"member": "xt_xt_d127_s1", "fold": 0}, {"member": "xt_xt_d127_s1", "fold": 1}, {"member": "xt_xt_d127_s1", "fold": 2}, {"member": "xt_xt_d127_s1", "fold": 3}, {"member": "xt_xt_d127_s1", "fold": 4}, {"member": "xt_xt_d255", "fold": 0}, {"member": "xt_xt_d255", "fold": 1}], "command": ["C:\\Users\\James\\airline_S6E10\\.venv\\Scripts\\python.exe", "-u", "scripts/replay_sol_classical.py", "--members", "xt_xt_d255", "--folds", "2", "--tag", "sol_clean_aux10_primary", "--resume-from", "sol_clean_aux10_threefold"]}
    [cache] view full: (699635, 237)
clean fold2: aux probability cache 42a61b7165c8
certified reuse xt_xt_d255_f2
{"utc": "2026-10-08T06:41:00.701810+00:00", "status": "RUNNING", "member": "xt_xt_d255", "fold": 3, "completed": [{"member": "xt_xt_d127_ss06", "fold": 0}, {"member": "xt_xt_d127_ss06", "fold": 1}, {"member": "xt_xt_d127_ss06", "fold": 2}, {"member": "xt_xt_d127_ss06", "fold": 3}, {"member": "xt_xt_d127_ss06", "fold": 4}, {"member": "xt_xt_d127_s1", "fold": 0}, {"member": "xt_xt_d127_s1", "fold": 1}, {"member": "xt_xt_d127_s1", "fold": 2}, {"member": "xt_xt_d127_s1", "fold": 3}, {"member": "xt_xt_d127_s1", "fold": 4}, {"member": "xt_xt_d255", "fold": 0}, {"member": "xt_xt_d255", "fold": 1}, {"member": "xt_xt_d255", "fold": 2}], "command": ["C:\\Users\\James\\airline_S6E10\\.venv\\Scripts\\python.exe", "-u", "scripts/replay_sol_classical.py", "--members", "xt_xt_d255", "--folds", "3", "--tag", "sol_clean_aux10_primary", "--resume-from", "sol_clean_aux10_threefold"]}
    [cache] view full: (699635, 237)
clean fold3: aux probability cache dfd6a84b6372
xt_xt_d255_f3: AUC0.960391067; 478 trees; 61.9s
{"utc": "2026-10-08T06:42:16.205650+00:00", "status": "RUNNING", "member": "xt_xt_d255", "fold": 4, "completed": [{"member": "xt_xt_d127_ss06", "fold": 0}, {"member": "xt_xt_d127_ss06", "fold": 1}, {"member": "xt_xt_d127_ss06", "fold": 2}, {"member": "xt_xt_d127_ss06", "fold": 3}, {"member": "xt_xt_d127_ss06", "fold": 4}, {"member": "xt_xt_d127_s1", "fold": 0}, {"member": "xt_xt_d127_s1", "fold": 1}, {"member": "xt_xt_d127_s1", "fold": 2}, {"member": "xt_xt_d127_s1", "fold": 3}, {"member": "xt_xt_d127_s1", "fold": 4}, {"member": "xt_xt_d255", "fold": 0}, {"member": "xt_xt_d255", "fold": 1}, {"member": "xt_xt_d255", "fold": 2}, {"member": "xt_xt_d255", "fold": 3}], "command": ["C:\\Users\\James\\airline_S6E10\\.venv\\Scripts\\python.exe", "-u", "scripts/replay_sol_classical.py", "--members", "xt_xt_d255", "--folds", "4", "--tag", "sol_clean_aux10_primary", "--resume-from", "sol_clean_aux10_threefold"]}
    [cache] view full: (699635, 237)
clean fold4: aux probability cache 23b2d6be24dd
xt_xt_d255_f4: AUC0.961740095; 819 trees; 74.5s
complete xt_xt_d255: OOF0.961184531; test=False
{"utc": "2026-10-08T06:43:43.695587+00:00", "status": "RUNNING", "member": "xt_xt_d127_bin63", "fold": 0, "completed": [{"member": "xt_xt_d127_ss06", "fold": 0}, {"member": "xt_xt_d127_ss06", "fold": 1}, {"member": "xt_xt_d127_ss06", "fold": 2}, {"member": "xt_xt_d127_ss06", "fold": 3}, {"member": "xt_xt_d127_ss06", "fold": 4}, {"member": "xt_xt_d127_s1", "fold": 0}, {"member": "xt_xt_d127_s1", "fold": 1}, {"member": "xt_xt_d127_s1", "fold": 2}, {"member": "xt_xt_d127_s1", "fold": 3}, {"member": "xt_xt_d127_s1", "fold": 4}, {"member": "xt_xt_d255", "fold": 0}, {"member": "xt_xt_d255", "fold": 1}, {"member": "xt_xt_d255", "fold": 2}, {"member": "xt_xt_d255", "fold": 3}, {"member": "xt_xt_d255", "fold": 4}], "command": ["C:\\Users\\James\\airline_S6E10\\.venv\\Scripts\\python.exe", "-u", "scripts/replay_sol_classical.py", "--members", "xt_xt_d127_bin63", "--folds", "0", "--tag", "sol_clean_aux10_primary", "--resume-from", "sol_clean_aux10_threefold"]}
    [cache] view full: (699635, 237)
clean fold0: aux probability cache 5454f223e84b
certified reuse xt_xt_d127_bin63_f0
{"utc": "2026-10-08T06:43:56.665919+00:00", "status": "RUNNING", "member": "xt_xt_d127_bin63", "fold": 1, "completed": [{"member": "xt_xt_d127_ss06", "fold": 0}, {"member": "xt_xt_d127_ss06", "fold": 1}, {"member": "xt_xt_d127_ss06", "fold": 2}, {"member": "xt_xt_d127_ss06", "fold": 3}, {"member": "xt_xt_d127_ss06", "fold": 4}, {"member": "xt_xt_d127_s1", "fold": 0}, {"member": "xt_xt_d127_s1", "fold": 1}, {"member": "xt_xt_d127_s1", "fold": 2}, {"member": "xt_xt_d127_s1", "fold": 3}, {"member": "xt_xt_d127_s1", "fold": 4}, {"member": "xt_xt_d255", "fold": 0}, {"member": "xt_xt_d255", "fold": 1}, {"member": "xt_xt_d255", "fold": 2}, {"member": "xt_xt_d255", "fold": 3}, {"member": "xt_xt_d255", "fold": 4}, {"member": "xt_xt_d127_bin63", "fold": 0}], "command": ["C:\\Users\\James\\airline_S6E10\\.venv\\Scripts\\python.exe", "-u", "scripts/replay_sol_classical.py", "--members", "xt_xt_d127_bin63", "--folds", "1", "--tag", "sol_clean_aux10_primary", "--resume-from", "sol_clean_aux10_threefold"]}
    [cache] view full: (699635, 237)
clean fold1: aux probability cache b6962eddf3a5
certified reuse xt_xt_d127_bin63_f1
{"utc": "2026-10-08T06:44:09.600348+00:00", "status": "RUNNING", "member": "xt_xt_d127_bin63", "fold": 2, "completed": [{"member": "xt_xt_d127_ss06", "fold": 0}, {"member": "xt_xt_d127_ss06", "fold": 1}, {"member": "xt_xt_d127_ss06", "fold": 2}, {"member": "xt_xt_d127_ss06", "fold": 3}, {"member": "xt_xt_d127_ss06", "fold": 4}, {"member": "xt_xt_d127_s1", "fold": 0}, {"member": "xt_xt_d127_s1", "fold": 1}, {"member": "xt_xt_d127_s1", "fold": 2}, {"member": "xt_xt_d127_s1", "fold": 3}, {"member": "xt_xt_d127_s1", "fold": 4}, {"member": "xt_xt_d255", "fold": 0}, {"member": "xt_xt_d255", "fold": 1}, {"member": "xt_xt_d255", "fold": 2}, {"member": "xt_xt_d255", "fold": 3}, {"member": "xt_xt_d255", "fold": 4}, {"member": "xt_xt_d127_bin63", "fold": 0}, {"member": "xt_xt_d127_bin63", "fold": 1}], "command": ["C:\\Users\\James\\airline_S6E10\\.venv\\Scripts\\python.exe", "-u", "scripts/replay_sol_classical.py", "--members", "xt_xt_d127_bin63", "--folds", "2", "--tag", "sol_clean_aux10_primary", "--resume-from", "sol_clean_aux10_threefold"]}
    [cache] view full: (699635, 237)
clean fold2: aux probability cache 42a61b7165c8
certified reuse xt_xt_d127_bin63_f2
{"utc": "2026-10-08T06:44:22.655967+00:00", "status": "RUNNING", "member": "xt_xt_d127_bin63", "fold": 3, "completed": [{"member": "xt_xt_d127_ss06", "fold": 0}, {"member": "xt_xt_d127_ss06", "fold": 1}, {"member": "xt_xt_d127_ss06", "fold": 2}, {"member": "xt_xt_d127_ss06", "fold": 3}, {"member": "xt_xt_d127_ss06", "fold": 4}, {"member": "xt_xt_d127_s1", "fold": 0}, {"member": "xt_xt_d127_s1", "fold": 1}, {"member": "xt_xt_d127_s1", "fold": 2}, {"member": "xt_xt_d127_s1", "fold": 3}, {"member": "xt_xt_d127_s1", "fold": 4}, {"member": "xt_xt_d255", "fold": 0}, {"member": "xt_xt_d255", "fold": 1}, {"member": "xt_xt_d255", "fold": 2}, {"member": "xt_xt_d255", "fold": 3}, {"member": "xt_xt_d255", "fold": 4}, {"member": "xt_xt_d127_bin63", "fold": 0}, {"member": "xt_xt_d127_bin63", "fold": 1}, {"member": "xt_xt_d127_bin63", "fold": 2}], "command": ["C:\\Users\\James\\airline_S6E10\\.venv\\Scripts\\python.exe", "-u", "scripts/replay_sol_classical.py", "--members", "xt_xt_d127_bin63", "--folds", "3", "--tag", "sol_clean_aux10_primary", "--resume-from", "sol_clean_aux10_threefold"]}
    [cache] view full: (699635, 237)
clean fold3: aux probability cache dfd6a84b6372
xt_xt_d127_bin63_f3: AUC0.960349658; 626 trees; 49.9s
{"utc": "2026-10-08T06:45:25.422899+00:00", "status": "RUNNING", "member": "xt_xt_d127_bin63", "fold": 4, "completed": [{"member": "xt_xt_d127_ss06", "fold": 0}, {"member": "xt_xt_d127_ss06", "fold": 1}, {"member": "xt_xt_d127_ss06", "fold": 2}, {"member": "xt_xt_d127_ss06", "fold": 3}, {"member": "xt_xt_d127_ss06", "fold": 4}, {"member": "xt_xt_d127_s1", "fold": 0}, {"member": "xt_xt_d127_s1", "fold": 1}, {"member": "xt_xt_d127_s1", "fold": 2}, {"member": "xt_xt_d127_s1", "fold": 3}, {"member": "xt_xt_d127_s1", "fold": 4}, {"member": "xt_xt_d255", "fold": 0}, {"member": "xt_xt_d255", "fold": 1}, {"member": "xt_xt_d255", "fold": 2}, {"member": "xt_xt_d255", "fold": 3}, {"member": "xt_xt_d255", "fold": 4}, {"member": "xt_xt_d127_bin63", "fold": 0}, {"member": "xt_xt_d127_bin63", "fold": 1}, {"member": "xt_xt_d127_bin63", "fold": 2}, {"member": "xt_xt_d127_bin63", "fold": 3}], "command": ["C:\\Users\\James\\airline_S6E10\\.venv\\Scripts\\python.exe", "-u", "scripts/replay_sol_classical.py", "--members", "xt_xt_d127_bin63", "--folds", "4", "--tag", "sol_clean_aux10_primary", "--resume-from", "sol_clean_aux10_threefold"]}
    [cache] view full: (699635, 237)
clean fold4: aux probability cache 23b2d6be24dd
xt_xt_d127_bin63_f4: AUC0.961830798; 820 trees; 66.0s
complete xt_xt_d127_bin63: OOF0.961179079; test=False
{"utc": "2026-10-08T06:46:44.554528+00:00", "status": "RUNNING", "member": "xt_xt_d127_cs05", "fold": 0, "completed": [{"member": "xt_xt_d127_ss06", "fold": 0}, {"member": "xt_xt_d127_ss06", "fold": 1}, {"member": "xt_xt_d127_ss06", "fold": 2}, {"member": "xt_xt_d127_ss06", "fold": 3}, {"member": "xt_xt_d127_ss06", "fold": 4}, {"member": "xt_xt_d127_s1", "fold": 0}, {"member": "xt_xt_d127_s1", "fold": 1}, {"member": "xt_xt_d127_s1", "fold": 2}, {"member": "xt_xt_d127_s1", "fold": 3}, {"member": "xt_xt_d127_s1", "fold": 4}, {"member": "xt_xt_d255", "fold": 0}, {"member": "xt_xt_d255", "fold": 1}, {"member": "xt_xt_d255", "fold": 2}, {"member": "xt_xt_d255", "fold": 3}, {"member": "xt_xt_d255", "fold": 4}, {"member": "xt_xt_d127_bin63", "fold": 0}, {"member": "xt_xt_d127_bin63", "fold": 1}, {"member": "xt_xt_d127_bin63", "fold": 2}, {"member": "xt_xt_d127_bin63", "fold": 3}, {"member": "xt_xt_d127_bin63", "fold": 4}], "command": ["C:\\Users\\James\\airline_S6E10\\.venv\\Scripts\\python.exe", "-u", "scripts/replay_sol_classical.py", "--members", "xt_xt_d127_cs05", "--folds", "0", "--tag", "sol_clean_aux10_primary", "--resume-from", "sol_clean_aux10_threefold"]}
    [cache] view full: (699635, 237)
clean fold0: aux probability cache 5454f223e84b
certified reuse xt_xt_d127_cs05_f0
{"utc": "2026-10-08T06:46:57.949952+00:00", "status": "RUNNING", "member": "xt_xt_d127_cs05", "fold": 1, "completed": [{"member": "xt_xt_d127_ss06", "fold": 0}, {"member": "xt_xt_d127_ss06", "fold": 1}, {"member": "xt_xt_d127_ss06", "fold": 2}, {"member": "xt_xt_d127_ss06", "fold": 3}, {"member": "xt_xt_d127_ss06", "fold": 4}, {"member": "xt_xt_d127_s1", "fold": 0}, {"member": "xt_xt_d127_s1", "fold": 1}, {"member": "xt_xt_d127_s1", "fold": 2}, {"member": "xt_xt_d127_s1", "fold": 3}, {"member": "xt_xt_d127_s1", "fold": 4}, {"member": "xt_xt_d255", "fold": 0}, {"member": "xt_xt_d255", "fold": 1}, {"member": "xt_xt_d255", "fold": 2}, {"member": "xt_xt_d255", "fold": 3}, {"member": "xt_xt_d255", "fold": 4}, {"member": "xt_xt_d127_bin63", "fold": 0}, {"member": "xt_xt_d127_bin63", "fold": 1}, {"member": "xt_xt_d127_bin63", "fold": 2}, {"member": "xt_xt_d127_bin63", "fold": 3}, {"member": "xt_xt_d127_bin63", "fold": 4}, {"member": "xt_xt_d127_cs05", "fold": 0}], "command": ["C:\\Users\\James\\airline_S6E10\\.venv\\Scripts\\python.exe", "-u", "scripts/replay_sol_classical.py", "--members", "xt_xt_d127_cs05", "--folds", "1", "--tag", "sol_clean_aux10_primary", "--resume-from", "sol_clean_aux10_threefold"]}
    [cache] view full: (699635, 237)
clean fold1: aux probability cache b6962eddf3a5
certified reuse xt_xt_d127_cs05_f1
{"utc": "2026-10-08T06:47:11.035419+00:00", "status": "RUNNING", "member": "xt_xt_d127_cs05", "fold": 2, "completed": [{"member": "xt_xt_d127_ss06", "fold": 0}, {"member": "xt_xt_d127_ss06", "fold": 1}, {"member": "xt_xt_d127_ss06", "fold": 2}, {"member": "xt_xt_d127_ss06", "fold": 3}, {"member": "xt_xt_d127_ss06", "fold": 4}, {"member": "xt_xt_d127_s1", "fold": 0}, {"member": "xt_xt_d127_s1", "fold": 1}, {"member": "xt_xt_d127_s1", "fold": 2}, {"member": "xt_xt_d127_s1", "fold": 3}, {"member": "xt_xt_d127_s1", "fold": 4}, {"member": "xt_xt_d255", "fold": 0}, {"member": "xt_xt_d255", "fold": 1}, {"member": "xt_xt_d255", "fold": 2}, {"member": "xt_xt_d255", "fold": 3}, {"member": "xt_xt_d255", "fold": 4}, {"member": "xt_xt_d127_bin63", "fold": 0}, {"member": "xt_xt_d127_bin63", "fold": 1}, {"member": "xt_xt_d127_bin63", "fold": 2}, {"member": "xt_xt_d127_bin63", "fold": 3}, {"member": "xt_xt_d127_bin63", "fold": 4}, {"member": "xt_xt_d127_cs05", "fold": 0}, {"member": "xt_xt_d127_cs05", "fold": 1}], "command": ["C:\\Users\\James\\airline_S6E10\\.venv\\Scripts\\python.exe", "-u", "scripts/replay_sol_classical.py", "--members", "xt_xt_d127_cs05", "--folds", "2", "--tag", "sol_clean_aux10_primary", "--resume-from", "sol_clean_aux10_threefold"]}
    [cache] view full: (699635, 237)
clean fold2: aux probability cache 42a61b7165c8
certified reuse xt_xt_d127_cs05_f2
{"utc": "2026-10-08T06:47:24.290296+00:00", "status": "RUNNING", "member": "xt_xt_d127_cs05", "fold": 3, "completed": [{"member": "xt_xt_d127_ss06", "fold": 0}, {"member": "xt_xt_d127_ss06", "fold": 1}, {"member": "xt_xt_d127_ss06", "fold": 2}, {"member": "xt_xt_d127_ss06", "fold": 3}, {"member": "xt_xt_d127_ss06", "fold": 4}, {"member": "xt_xt_d127_s1", "fold": 0}, {"member": "xt_xt_d127_s1", "fold": 1}, {"member": "xt_xt_d127_s1", "fold": 2}, {"member": "xt_xt_d127_s1", "fold": 3}, {"member": "xt_xt_d127_s1", "fold": 4}, {"member": "xt_xt_d255", "fold": 0}, {"member": "xt_xt_d255", "fold": 1}, {"member": "xt_xt_d255", "fold": 2}, {"member": "xt_xt_d255", "fold": 3}, {"member": "xt_xt_d255", "fold": 4}, {"member": "xt_xt_d127_bin63", "fold": 0}, {"member": "xt_xt_d127_bin63", "fold": 1}, {"member": "xt_xt_d127_bin63", "fold": 2}, {"member": "xt_xt_d127_bin63", "fold": 3}, {"member": "xt_xt_d127_bin63", "fold": 4}, {"member": "xt_xt_d127_cs05", "fold": 0}, {"member": "xt_xt_d127_cs05", "fold": 1}, {"member": "xt_xt_d127_cs05", "fold": 2}], "command": ["C:\\Users\\James\\airline_S6E10\\.venv\\Scripts\\python.exe", "-u", "scripts/replay_sol_classical.py", "--members", "xt_xt_d127_cs05", "--folds", "3", "--tag", "sol_clean_aux10_primary", "--resume-from", "sol_clean_aux10_threefold"]}
    [cache] view full: (699635, 237)
clean fold3: aux probability cache dfd6a84b6372
xt_xt_d127_cs05_f3: AUC0.960401175; 762 trees; 65.3s
{"utc": "2026-10-08T06:48:42.786123+00:00", "status": "RUNNING", "member": "xt_xt_d127_cs05", "fold": 4, "completed": [{"member": "xt_xt_d127_ss06", "fold": 0}, {"member": "xt_xt_d127_ss06", "fold": 1}, {"member": "xt_xt_d127_ss06", "fold": 2}, {"member": "xt_xt_d127_ss06", "fold": 3}, {"member": "xt_xt_d127_ss06", "fold": 4}, {"member": "xt_xt_d127_s1", "fold": 0}, {"member": "xt_xt_d127_s1", "fold": 1}, {"member": "xt_xt_d127_s1", "fold": 2}, {"member": "xt_xt_d127_s1", "fold": 3}, {"member": "xt_xt_d127_s1", "fold": 4}, {"member": "xt_xt_d255", "fold": 0}, {"member": "xt_xt_d255", "fold": 1}, {"member": "xt_xt_d255", "fold": 2}, {"member": "xt_xt_d255", "fold": 3}, {"member": "xt_xt_d255", "fold": 4}, {"member": "xt_xt_d127_bin63", "fold": 0}, {"member": "xt_xt_d127_bin63", "fold": 1}, {"member": "xt_xt_d127_bin63", "fold": 2}, {"member": "xt_xt_d127_bin63", "fold": 3}, {"member": "xt_xt_d127_bin63", "fold": 4}, {"member": "xt_xt_d127_cs05", "fold": 0}, {"member": "xt_xt_d127_cs05", "fold": 1}, {"member": "xt_xt_d127_cs05", "fold": 2}, {"member": "xt_xt_d127_cs05", "fold": 3}], "command": ["C:\\Users\\James\\airline_S6E10\\.venv\\Scripts\\python.exe", "-u", "scripts/replay_sol_classical.py", "--members", "xt_xt_d127_cs05", "--folds", "4", "--tag", "sol_clean_aux10_primary", "--resume-from", "sol_clean_aux10_threefold"]}
    [cache] view full: (699635, 237)
clean fold4: aux probability cache 23b2d6be24dd
xt_xt_d127_cs05_f4: AUC0.961951338; 766 trees; 67.2s
complete xt_xt_d127_cs05: OOF0.961223161; test=False
{"utc": "2026-10-08T06:50:03.568599+00:00", "status": "RUNNING", "member": "xt_xt_d63", "fold": 0, "completed": [{"member": "xt_xt_d127_ss06", "fold": 0}, {"member": "xt_xt_d127_ss06", "fold": 1}, {"member": "xt_xt_d127_ss06", "fold": 2}, {"member": "xt_xt_d127_ss06", "fold": 3}, {"member": "xt_xt_d127_ss06", "fold": 4}, {"member": "xt_xt_d127_s1", "fold": 0}, {"member": "xt_xt_d127_s1", "fold": 1}, {"member": "xt_xt_d127_s1", "fold": 2}, {"member": "xt_xt_d127_s1", "fold": 3}, {"member": "xt_xt_d127_s1", "fold": 4}, {"member": "xt_xt_d255", "fold": 0}, {"member": "xt_xt_d255", "fold": 1}, {"member": "xt_xt_d255", "fold": 2}, {"member": "xt_xt_d255", "fold": 3}, {"member": "xt_xt_d255", "fold": 4}, {"member": "xt_xt_d127_bin63", "fold": 0}, {"member": "xt_xt_d127_bin63", "fold": 1}, {"member": "xt_xt_d127_bin63", "fold": 2}, {"member": "xt_xt_d127_bin63", "fold": 3}, {"member": "xt_xt_d127_bin63", "fold": 4}, {"member": "xt_xt_d127_cs05", "fold": 0}, {"member": "xt_xt_d127_cs05", "fold": 1}, {"member": "xt_xt_d127_cs05", "fold": 2}, {"member": "xt_xt_d127_cs05", "fold": 3}, {"member": "xt_xt_d127_cs05", "fold": 4}], "command": ["C:\\Users\\James\\airline_S6E10\\.venv\\Scripts\\python.exe", "-u", "scripts/replay_sol_classical.py", "--members", "xt_xt_d63", "--folds", "0", "--tag", "sol_clean_aux10_primary", "--resume-from", "sol_clean_aux10_threefold"]}
    [cache] view full: (699635, 237)
clean fold0: aux probability cache 5454f223e84b
certified reuse xt_xt_d63_f0
{"utc": "2026-10-08T06:50:16.513786+00:00", "status": "RUNNING", "member": "xt_xt_d63", "fold": 1, "completed": [{"member": "xt_xt_d127_ss06", "fold": 0}, {"member": "xt_xt_d127_ss06", "fold": 1}, {"member": "xt_xt_d127_ss06", "fold": 2}, {"member": "xt_xt_d127_ss06", "fold": 3}, {"member": "xt_xt_d127_ss06", "fold": 4}, {"member": "xt_xt_d127_s1", "fold": 0}, {"member": "xt_xt_d127_s1", "fold": 1}, {"member": "xt_xt_d127_s1", "fold": 2}, {"member": "xt_xt_d127_s1", "fold": 3}, {"member": "xt_xt_d127_s1", "fold": 4}, {"member": "xt_xt_d255", "fold": 0}, {"member": "xt_xt_d255", "fold": 1}, {"member": "xt_xt_d255", "fold": 2}, {"member": "xt_xt_d255", "fold": 3}, {"member": "xt_xt_d255", "fold": 4}, {"member": "xt_xt_d127_bin63", "fold": 0}, {"member": "xt_xt_d127_bin63", "fold": 1}, {"member": "xt_xt_d127_bin63", "fold": 2}, {"member": "xt_xt_d127_bin63", "fold": 3}, {"member": "xt_xt_d127_bin63", "fold": 4}, {"member": "xt_xt_d127_cs05", "fold": 0}, {"member": "xt_xt_d127_cs05", "fold": 1}, {"member": "xt_xt_d127_cs05", "fold": 2}, {"member": "xt_xt_d127_cs05", "fold": 3}, {"member": "xt_xt_d127_cs05", "fold": 4}, {"member": "xt_xt_d63", "fold": 0}], "command": ["C:\\Users\\James\\airline_S6E10\\.venv\\Scripts\\python.exe", "-u", "scripts/replay_sol_classical.py", "--members", "xt_xt_d63", "--folds", "1", "--tag", "sol_clean_aux10_primary", "--resume-from", "sol_clean_aux10_threefold"]}
    [cache] view full: (699635, 237)
clean fold1: aux probability cache b6962eddf3a5
certified reuse xt_xt_d63_f1
{"utc": "2026-10-08T06:50:29.446891+00:00", "status": "RUNNING", "member": "xt_xt_d63", "fold": 2, "completed": [{"member": "xt_xt_d127_ss06", "fold": 0}, {"member": "xt_xt_d127_ss06", "fold": 1}, {"member": "xt_xt_d127_ss06", "fold": 2}, {"member": "xt_xt_d127_ss06", "fold": 3}, {"member": "xt_xt_d127_ss06", "fold": 4}, {"member": "xt_xt_d127_s1", "fold": 0}, {"member": "xt_xt_d127_s1", "fold": 1}, {"member": "xt_xt_d127_s1", "fold": 2}, {"member": "xt_xt_d127_s1", "fold": 3}, {"member": "xt_xt_d127_s1", "fold": 4}, {"member": "xt_xt_d255", "fold": 0}, {"member": "xt_xt_d255", "fold": 1}, {"member": "xt_xt_d255", "fold": 2}, {"member": "xt_xt_d255", "fold": 3}, {"member": "xt_xt_d255", "fold": 4}, {"member": "xt_xt_d127_bin63", "fold": 0}, {"member": "xt_xt_d127_bin63", "fold": 1}, {"member": "xt_xt_d127_bin63", "fold": 2}, {"member": "xt_xt_d127_bin63", "fold": 3}, {"member": "xt_xt_d127_bin63", "fold": 4}, {"member": "xt_xt_d127_cs05", "fold": 0}, {"member": "xt_xt_d127_cs05", "fold": 1}, {"member": "xt_xt_d127_cs05", "fold": 2}, {"member": "xt_xt_d127_cs05", "fold": 3}, {"member": "xt_xt_d127_cs05", "fold": 4}, {"member": "xt_xt_d63", "fold": 0}, {"member": "xt_xt_d63", "fold": 1}], "command": ["C:\\Users\\James\\airline_S6E10\\.venv\\Scripts\\python.exe", "-u", "scripts/replay_sol_classical.py", "--members", "xt_xt_d63", "--folds", "2", "--tag", "sol_clean_aux10_primary", "--resume-from", "sol_clean_aux10_threefold"]}
    [cache] view full: (699635, 237)
clean fold2: aux probability cache 42a61b7165c8
certified reuse xt_xt_d63_f2
{"utc": "2026-10-08T06:50:42.427692+00:00", "status": "RUNNING", "member": "xt_xt_d63", "fold": 3, "completed": [{"member": "xt_xt_d127_ss06", "fold": 0}, {"member": "xt_xt_d127_ss06", "fold": 1}, {"member": "xt_xt_d127_ss06", "fold": 2}, {"member": "xt_xt_d127_ss06", "fold": 3}, {"member": "xt_xt_d127_ss06", "fold": 4}, {"member": "xt_xt_d127_s1", "fold": 0}, {"member": "xt_xt_d127_s1", "fold": 1}, {"member": "xt_xt_d127_s1", "fold": 2}, {"member": "xt_xt_d127_s1", "fold": 3}, {"member": "xt_xt_d127_s1", "fold": 4}, {"member": "xt_xt_d255", "fold": 0}, {"member": "xt_xt_d255", "fold": 1}, {"member": "xt_xt_d255", "fold": 2}, {"member": "xt_xt_d255", "fold": 3}, {"member": "xt_xt_d255", "fold": 4}, {"member": "xt_xt_d127_bin63", "fold": 0}, {"member": "xt_xt_d127_bin63", "fold": 1}, {"member": "xt_xt_d127_bin63", "fold": 2}, {"member": "xt_xt_d127_bin63", "fold": 3}, {"member": "xt_xt_d127_bin63", "fold": 4}, {"member": "xt_xt_d127_cs05", "fold": 0}, {"member": "xt_xt_d127_cs05", "fold": 1}, {"member": "xt_xt_d127_cs05", "fold": 2}, {"member": "xt_xt_d127_cs05", "fold": 3}, {"member": "xt_xt_d127_cs05", "fold": 4}, {"member": "xt_xt_d63", "fold": 0}, {"member": "xt_xt_d63", "fold": 1}, {"member": "xt_xt_d63", "fold": 2}], "command": ["C:\\Users\\James\\airline_S6E10\\.venv\\Scripts\\python.exe", "-u", "scripts/replay_sol_classical.py", "--members", "xt_xt_d63", "--folds", "3", "--tag", "sol_clean_aux10_primary", "--resume-from", "sol_clean_aux10_threefold"]}
    [cache] view full: (699635, 237)
clean fold3: aux probability cache dfd6a84b6372
xt_xt_d63_f3: AUC0.960397668; 597 trees; 43.5s
{"utc": "2026-10-08T06:51:38.805341+00:00", "status": "RUNNING", "member": "xt_xt_d63", "fold": 4, "completed": [{"member": "xt_xt_d127_ss06", "fold": 0}, {"member": "xt_xt_d127_ss06", "fold": 1}, {"member": "xt_xt_d127_ss06", "fold": 2}, {"member": "xt_xt_d127_ss06", "fold": 3}, {"member": "xt_xt_d127_ss06", "fold": 4}, {"member": "xt_xt_d127_s1", "fold": 0}, {"member": "xt_xt_d127_s1", "fold": 1}, {"member": "xt_xt_d127_s1", "fold": 2}, {"member": "xt_xt_d127_s1", "fold": 3}, {"member": "xt_xt_d127_s1", "fold": 4}, {"member": "xt_xt_d255", "fold": 0}, {"member": "xt_xt_d255", "fold": 1}, {"member": "xt_xt_d255", "fold": 2}, {"member": "xt_xt_d255", "fold": 3}, {"member": "xt_xt_d255", "fold": 4}, {"member": "xt_xt_d127_bin63", "fold": 0}, {"member": "xt_xt_d127_bin63", "fold": 1}, {"member": "xt_xt_d127_bin63", "fold": 2}, {"member": "xt_xt_d127_bin63", "fold": 3}, {"member": "xt_xt_d127_bin63", "fold": 4}, {"member": "xt_xt_d127_cs05", "fold": 0}, {"member": "xt_xt_d127_cs05", "fold": 1}, {"member": "xt_xt_d127_cs05", "fold": 2}, {"member": "xt_xt_d127_cs05", "fold": 3}, {"member": "xt_xt_d127_cs05", "fold": 4}, {"member": "xt_xt_d63", "fold": 0}, {"member": "xt_xt_d63", "fold": 1}, {"member": "xt_xt_d63", "fold": 2}, {"member": "xt_xt_d63", "fold": 3}], "command": ["C:\\Users\\James\\airline_S6E10\\.venv\\Scripts\\python.exe", "-u", "scripts/replay_sol_classical.py", "--members", "xt_xt_d63", "--folds", "4", "--tag", "sol_clean_aux10_primary", "--resume-from", "sol_clean_aux10_threefold"]}
    [cache] view full: (699635, 237)
clean fold4: aux probability cache 23b2d6be24dd
xt_xt_d63_f4: AUC0.961848128; 1170 trees; 68.9s
complete xt_xt_d63: OOF0.961200898; test=False
{"utc": "2026-10-08T06:53:00.984616+00:00", "status": "RUNNING", "member": "z3_cat_d8_s2", "fold": 0, "completed": [{"member": "xt_xt_d127_ss06", "fold": 0}, {"member": "xt_xt_d127_ss06", "fold": 1}, {"member": "xt_xt_d127_ss06", "fold": 2}, {"member": "xt_xt_d127_ss06", "fold": 3}, {"member": "xt_xt_d127_ss06", "fold": 4}, {"member": "xt_xt_d127_s1", "fold": 0}, {"member": "xt_xt_d127_s1", "fold": 1}, {"member": "xt_xt_d127_s1", "fold": 2}, {"member": "xt_xt_d127_s1", "fold": 3}, {"member": "xt_xt_d127_s1", "fold": 4}, {"member": "xt_xt_d255", "fold": 0}, {"member": "xt_xt_d255", "fold": 1}, {"member": "xt_xt_d255", "fold": 2}, {"member": "xt_xt_d255", "fold": 3}, {"member": "xt_xt_d255", "fold": 4}, {"member": "xt_xt_d127_bin63", "fold": 0}, {"member": "xt_xt_d127_bin63", "fold": 1}, {"member": "xt_xt_d127_bin63", "fold": 2}, {"member": "xt_xt_d127_bin63", "fold": 3}, {"member": "xt_xt_d127_bin63", "fold": 4}, {"member": "xt_xt_d127_cs05", "fold": 0}, {"member": "xt_xt_d127_cs05", "fold": 1}, {"member": "xt_xt_d127_cs05", "fold": 2}, {"member": "xt_xt_d127_cs05", "fold": 3}, {"member": "xt_xt_d127_cs05", "fold": 4}, {"member": "xt_xt_d63", "fold": 0}, {"member": "xt_xt_d63", "fold": 1}, {"member": "xt_xt_d63", "fold": 2}, {"member": "xt_xt_d63", "fold": 3}, {"member": "xt_xt_d63", "fold": 4}], "command": ["C:\\Users\\James\\airline_S6E10\\.venv\\Scripts\\python.exe", "-u", "scripts/replay_sol_classical.py", "--members", "z3_cat_d8_s2", "--folds", "0", "--tag", "sol_clean_aux10_primary", "--resume-from", "sol_clean_aux10_threefold"]}
    [cache] view full: (699635, 237)
clean fold0: aux probability cache 5454f223e84b
certified reuse z3_cat_d8_s2_f0
{"utc": "2026-10-08T06:53:14.006198+00:00", "status": "RUNNING", "member": "z3_cat_d8_s2", "fold": 1, "completed": [{"member": "xt_xt_d127_ss06", "fold": 0}, {"member": "xt_xt_d127_ss06", "fold": 1}, {"member": "xt_xt_d127_ss06", "fold": 2}, {"member": "xt_xt_d127_ss06", "fold": 3}, {"member": "xt_xt_d127_ss06", "fold": 4}, {"member": "xt_xt_d127_s1", "fold": 0}, {"member": "xt_xt_d127_s1", "fold": 1}, {"member": "xt_xt_d127_s1", "fold": 2}, {"member": "xt_xt_d127_s1", "fold": 3}, {"member": "xt_xt_d127_s1", "fold": 4}, {"member": "xt_xt_d255", "fold": 0}, {"member": "xt_xt_d255", "fold": 1}, {"member": "xt_xt_d255", "fold": 2}, {"member": "xt_xt_d255", "fold": 3}, {"member": "xt_xt_d255", "fold": 4}, {"member": "xt_xt_d127_bin63", "fold": 0}, {"member": "xt_xt_d127_bin63", "fold": 1}, {"member": "xt_xt_d127_bin63", "fold": 2}, {"member": "xt_xt_d127_bin63", "fold": 3}, {"member": "xt_xt_d127_bin63", "fold": 4}, {"member": "xt_xt_d127_cs05", "fold": 0}, {"member": "xt_xt_d127_cs05", "fold": 1}, {"member": "xt_xt_d127_cs05", "fold": 2}, {"member": "xt_xt_d127_cs05", "fold": 3}, {"member": "xt_xt_d127_cs05", "fold": 4}, {"member": "xt_xt_d63", "fold": 0}, {"member": "xt_xt_d63", "fold": 1}, {"member": "xt_xt_d63", "fold": 2}, {"member": "xt_xt_d63", "fold": 3}, {"member": "xt_xt_d63", "fold": 4}, {"member": "z3_cat_d8_s2", "fold": 0}], "command": ["C:\\Users\\James\\airline_S6E10\\.venv\\Scripts\\python.exe", "-u", "scripts/replay_sol_classical.py", "--members", "z3_cat_d8_s2", "--folds", "1", "--tag", "sol_clean_aux10_primary", "--resume-from", "sol_clean_aux10_threefold"]}
    [cache] view full: (699635, 237)
clean fold1: aux probability cache b6962eddf3a5
certified reuse z3_cat_d8_s2_f1
{"utc": "2026-10-08T06:53:26.686426+00:00", "status": "RUNNING", "member": "z3_cat_d8_s2", "fold": 2, "completed": [{"member": "xt_xt_d127_ss06", "fold": 0}, {"member": "xt_xt_d127_ss06", "fold": 1}, {"member": "xt_xt_d127_ss06", "fold": 2}, {"member": "xt_xt_d127_ss06", "fold": 3}, {"member": "xt_xt_d127_ss06", "fold": 4}, {"member": "xt_xt_d127_s1", "fold": 0}, {"member": "xt_xt_d127_s1", "fold": 1}, {"member": "xt_xt_d127_s1", "fold": 2}, {"member": "xt_xt_d127_s1", "fold": 3}, {"member": "xt_xt_d127_s1", "fold": 4}, {"member": "xt_xt_d255", "fold": 0}, {"member": "xt_xt_d255", "fold": 1}, {"member": "xt_xt_d255", "fold": 2}, {"member": "xt_xt_d255", "fold": 3}, {"member": "xt_xt_d255", "fold": 4}, {"member": "xt_xt_d127_bin63", "fold": 0}, {"member": "xt_xt_d127_bin63", "fold": 1}, {"member": "xt_xt_d127_bin63", "fold": 2}, {"member": "xt_xt_d127_bin63", "fold": 3}, {"member": "xt_xt_d127_bin63", "fold": 4}, {"member": "xt_xt_d127_cs05", "fold": 0}, {"member": "xt_xt_d127_cs05", "fold": 1}, {"member": "xt_xt_d127_cs05", "fold": 2}, {"member": "xt_xt_d127_cs05", "fold": 3}, {"member": "xt_xt_d127_cs05", "fold": 4}, {"member": "xt_xt_d63", "fold": 0}, {"member": "xt_xt_d63", "fold": 1}, {"member": "xt_xt_d63", "fold": 2}, {"member": "xt_xt_d63", "fold": 3}, {"member": "xt_xt_d63", "fold": 4}, {"member": "z3_cat_d8_s2", "fold": 0}, {"member": "z3_cat_d8_s2", "fold": 1}], "command": ["C:\\Users\\James\\airline_S6E10\\.venv\\Scripts\\python.exe", "-u", "scripts/replay_sol_classical.py", "--members", "z3_cat_d8_s2", "--folds", "2", "--tag", "sol_clean_aux10_primary", "--resume-from", "sol_clean_aux10_threefold"]}
    [cache] view full: (699635, 237)
clean fold2: aux probability cache 42a61b7165c8
certified reuse z3_cat_d8_s2_f2
{"utc": "2026-10-08T06:53:39.051006+00:00", "status": "RUNNING", "member": "z3_cat_d8_s2", "fold": 3, "completed": [{"member": "xt_xt_d127_ss06", "fold": 0}, {"member": "xt_xt_d127_ss06", "fold": 1}, {"member": "xt_xt_d127_ss06", "fold": 2}, {"member": "xt_xt_d127_ss06", "fold": 3}, {"member": "xt_xt_d127_ss06", "fold": 4}, {"member": "xt_xt_d127_s1", "fold": 0}, {"member": "xt_xt_d127_s1", "fold": 1}, {"member": "xt_xt_d127_s1", "fold": 2}, {"member": "xt_xt_d127_s1", "fold": 3}, {"member": "xt_xt_d127_s1", "fold": 4}, {"member": "xt_xt_d255", "fold": 0}, {"member": "xt_xt_d255", "fold": 1}, {"member": "xt_xt_d255", "fold": 2}, {"member": "xt_xt_d255", "fold": 3}, {"member": "xt_xt_d255", "fold": 4}, {"member": "xt_xt_d127_bin63", "fold": 0}, {"member": "xt_xt_d127_bin63", "fold": 1}, {"member": "xt_xt_d127_bin63", "fold": 2}, {"member": "xt_xt_d127_bin63", "fold": 3}, {"member": "xt_xt_d127_bin63", "fold": 4}, {"member": "xt_xt_d127_cs05", "fold": 0}, {"member": "xt_xt_d127_cs05", "fold": 1}, {"member": "xt_xt_d127_cs05", "fold": 2}, {"member": "xt_xt_d127_cs05", "fold": 3}, {"member": "xt_xt_d127_cs05", "fold": 4}, {"member": "xt_xt_d63", "fold": 0}, {"member": "xt_xt_d63", "fold": 1}, {"member": "xt_xt_d63", "fold": 2}, {"member": "xt_xt_d63", "fold": 3}, {"member": "xt_xt_d63", "fold": 4}, {"member": "z3_cat_d8_s2", "fold": 0}, {"member": "z3_cat_d8_s2", "fold": 1}, {"member": "z3_cat_d8_s2", "fold": 2}], "command": ["C:\\Users\\James\\airline_S6E10\\.venv\\Scripts\\python.exe", "-u", "scripts/replay_sol_classical.py", "--members", "z3_cat_d8_s2", "--folds", "3", "--tag", "sol_clean_aux10_primary", "--resume-from", "sol_clean_aux10_threefold"]}
    [cache] view full: (699635, 237)
clean fold3: aux probability cache dfd6a84b6372
z3_cat_d8_s2_f3: AUC0.960293284; 856 trees; 463.6s
{"utc": "2026-10-08T07:01:35.305037+00:00", "status": "RUNNING", "member": "z3_cat_d8_s2", "fold": 4, "completed": [{"member": "xt_xt_d127_ss06", "fold": 0}, {"member": "xt_xt_d127_ss06", "fold": 1}, {"member": "xt_xt_d127_ss06", "fold": 2}, {"member": "xt_xt_d127_ss06", "fold": 3}, {"member": "xt_xt_d127_ss06", "fold": 4}, {"member": "xt_xt_d127_s1", "fold": 0}, {"member": "xt_xt_d127_s1", "fold": 1}, {"member": "xt_xt_d127_s1", "fold": 2}, {"member": "xt_xt_d127_s1", "fold": 3}, {"member": "xt_xt_d127_s1", "fold": 4}, {"member": "xt_xt_d255", "fold": 0}, {"member": "xt_xt_d255", "fold": 1}, {"member": "xt_xt_d255", "fold": 2}, {"member": "xt_xt_d255", "fold": 3}, {"member": "xt_xt_d255", "fold": 4}, {"member": "xt_xt_d127_bin63", "fold": 0}, {"member": "xt_xt_d127_bin63", "fold": 1}, {"member": "xt_xt_d127_bin63", "fold": 2}, {"member": "xt_xt_d127_bin63", "fold": 3}, {"member": "xt_xt_d127_bin63", "fold": 4}, {"member": "xt_xt_d127_cs05", "fold": 0}, {"member": "xt_xt_d127_cs05", "fold": 1}, {"member": "xt_xt_d127_cs05", "fold": 2}, {"member": "xt_xt_d127_cs05", "fold": 3}, {"member": "xt_xt_d127_cs05", "fold": 4}, {"member": "xt_xt_d63", "fold": 0}, {"member": "xt_xt_d63", "fold": 1}, {"member": "xt_xt_d63", "fold": 2}, {"member": "xt_xt_d63", "fold": 3}, {"member": "xt_xt_d63", "fold": 4}, {"member": "z3_cat_d8_s2", "fold": 0}, {"member": "z3_cat_d8_s2", "fold": 1}, {"member": "z3_cat_d8_s2", "fold": 2}, {"member": "z3_cat_d8_s2", "fold": 3}], "command": ["C:\\Users\\James\\airline_S6E10\\.venv\\Scripts\\python.exe", "-u", "scripts/replay_sol_classical.py", "--members", "z3_cat_d8_s2", "--folds", "4", "--tag", "sol_clean_aux10_primary", "--resume-from", "sol_clean_aux10_threefold"]}
    [cache] view full: (699635, 237)
clean fold4: aux probability cache 23b2d6be24dd
z3_cat_d8_s2_f4: AUC0.961776048; 1343 trees; 624.7s
complete z3_cat_d8_s2: OOF0.961135069; test=False
{"utc": "2026-10-08T07:12:12.867115+00:00", "status": "RUNNING", "member": "prod5_xgb_full_primary", "fold": 0, "completed": [{"member": "xt_xt_d127_ss06", "fold": 0}, {"member": "xt_xt_d127_ss06", "fold": 1}, {"member": "xt_xt_d127_ss06", "fold": 2}, {"member": "xt_xt_d127_ss06", "fold": 3}, {"member": "xt_xt_d127_ss06", "fold": 4}, {"member": "xt_xt_d127_s1", "fold": 0}, {"member": "xt_xt_d127_s1", "fold": 1}, {"member": "xt_xt_d127_s1", "fold": 2}, {"member": "xt_xt_d127_s1", "fold": 3}, {"member": "xt_xt_d127_s1", "fold": 4}, {"member": "xt_xt_d255", "fold": 0}, {"member": "xt_xt_d255", "fold": 1}, {"member": "xt_xt_d255", "fold": 2}, {"member": "xt_xt_d255", "fold": 3}, {"member": "xt_xt_d255", "fold": 4}, {"member": "xt_xt_d127_bin63", "fold": 0}, {"member": "xt_xt_d127_bin63", "fold": 1}, {"member": "xt_xt_d127_bin63", "fold": 2}, {"member": "xt_xt_d127_bin63", "fold": 3}, {"member": "xt_xt_d127_bin63", "fold": 4}, {"member": "xt_xt_d127_cs05", "fold": 0}, {"member": "xt_xt_d127_cs05", "fold": 1}, {"member": "xt_xt_d127_cs05", "fold": 2}, {"member": "xt_xt_d127_cs05", "fold": 3}, {"member": "xt_xt_d127_cs05", "fold": 4}, {"member": "xt_xt_d63", "fold": 0}, {"member": "xt_xt_d63", "fold": 1}, {"member": "xt_xt_d63", "fold": 2}, {"member": "xt_xt_d63", "fold": 3}, {"member": "xt_xt_d63", "fold": 4}, {"member": "z3_cat_d8_s2", "fold": 0}, {"member": "z3_cat_d8_s2", "fold": 1}, {"member": "z3_cat_d8_s2", "fold": 2}, {"member": "z3_cat_d8_s2", "fold": 3}, {"member": "z3_cat_d8_s2", "fold": 4}], "command": ["C:\\Users\\James\\airline_S6E10\\.venv\\Scripts\\python.exe", "-u", "scripts/replay_sol_classical.py", "--members", "prod5_xgb_full_primary", "--folds", "0", "--tag", "sol_clean_aux10_primary", "--resume-from", "sol_clean_aux10_threefold"]}
    [cache] view full: (699635, 237)
clean fold0: aux probability cache 5454f223e84b
certified reuse prod5_xgb_full_primary_f0
{"utc": "2026-10-08T07:12:25.489989+00:00", "status": "RUNNING", "member": "prod5_xgb_full_primary", "fold": 1, "completed": [{"member": "xt_xt_d127_ss06", "fold": 0}, {"member": "xt_xt_d127_ss06", "fold": 1}, {"member": "xt_xt_d127_ss06", "fold": 2}, {"member": "xt_xt_d127_ss06", "fold": 3}, {"member": "xt_xt_d127_ss06", "fold": 4}, {"member": "xt_xt_d127_s1", "fold": 0}, {"member": "xt_xt_d127_s1", "fold": 1}, {"member": "xt_xt_d127_s1", "fold": 2}, {"member": "xt_xt_d127_s1", "fold": 3}, {"member": "xt_xt_d127_s1", "fold": 4}, {"member": "xt_xt_d255", "fold": 0}, {"member": "xt_xt_d255", "fold": 1}, {"member": "xt_xt_d255", "fold": 2}, {"member": "xt_xt_d255", "fold": 3}, {"member": "xt_xt_d255", "fold": 4}, {"member": "xt_xt_d127_bin63", "fold": 0}, {"member": "xt_xt_d127_bin63", "fold": 1}, {"member": "xt_xt_d127_bin63", "fold": 2}, {"member": "xt_xt_d127_bin63", "fold": 3}, {"member": "xt_xt_d127_bin63", "fold": 4}, {"member": "xt_xt_d127_cs05", "fold": 0}, {"member": "xt_xt_d127_cs05", "fold": 1}, {"member": "xt_xt_d127_cs05", "fold": 2}, {"member": "xt_xt_d127_cs05", "fold": 3}, {"member": "xt_xt_d127_cs05", "fold": 4}, {"member": "xt_xt_d63", "fold": 0}, {"member": "xt_xt_d63", "fold": 1}, {"member": "xt_xt_d63", "fold": 2}, {"member": "xt_xt_d63", "fold": 3}, {"member": "xt_xt_d63", "fold": 4}, {"member": "z3_cat_d8_s2", "fold": 0}, {"member": "z3_cat_d8_s2", "fold": 1}, {"member": "z3_cat_d8_s2", "fold": 2}, {"member": "z3_cat_d8_s2", "fold": 3}, {"member": "z3_cat_d8_s2", "fold": 4}, {"member": "prod5_xgb_full_primary", "fold": 0}], "command": ["C:\\Users\\James\\airline_S6E10\\.venv\\Scripts\\python.exe", "-u", "scripts/replay_sol_classical.py", "--members", "prod5_xgb_full_primary", "--folds", "1", "--tag", "sol_clean_aux10_primary", "--resume-from", "sol_clean_aux10_threefold"]}
    [cache] view full: (699635, 237)
clean fold1: aux probability cache b6962eddf3a5
certified reuse prod5_xgb_full_primary_f1
{"utc": "2026-10-08T07:12:38.027883+00:00", "status": "RUNNING", "member": "prod5_xgb_full_primary", "fold": 2, "completed": [{"member": "xt_xt_d127_ss06", "fold": 0}, {"member": "xt_xt_d127_ss06", "fold": 1}, {"member": "xt_xt_d127_ss06", "fold": 2}, {"member": "xt_xt_d127_ss06", "fold": 3}, {"member": "xt_xt_d127_ss06", "fold": 4}, {"member": "xt_xt_d127_s1", "fold": 0}, {"member": "xt_xt_d127_s1", "fold": 1}, {"member": "xt_xt_d127_s1", "fold": 2}, {"member": "xt_xt_d127_s1", "fold": 3}, {"member": "xt_xt_d127_s1", "fold": 4}, {"member": "xt_xt_d255", "fold": 0}, {"member": "xt_xt_d255", "fold": 1}, {"member": "xt_xt_d255", "fold": 2}, {"member": "xt_xt_d255", "fold": 3}, {"member": "xt_xt_d255", "fold": 4}, {"member": "xt_xt_d127_bin63", "fold": 0}, {"member": "xt_xt_d127_bin63", "fold": 1}, {"member": "xt_xt_d127_bin63", "fold": 2}, {"member": "xt_xt_d127_bin63", "fold": 3}, {"member": "xt_xt_d127_bin63", "fold": 4}, {"member": "xt_xt_d127_cs05", "fold": 0}, {"member": "xt_xt_d127_cs05", "fold": 1}, {"member": "xt_xt_d127_cs05", "fold": 2}, {"member": "xt_xt_d127_cs05", "fold": 3}, {"member": "xt_xt_d127_cs05", "fold": 4}, {"member": "xt_xt_d63", "fold": 0}, {"member": "xt_xt_d63", "fold": 1}, {"member": "xt_xt_d63", "fold": 2}, {"member": "xt_xt_d63", "fold": 3}, {"member": "xt_xt_d63", "fold": 4}, {"member": "z3_cat_d8_s2", "fold": 0}, {"member": "z3_cat_d8_s2", "fold": 1}, {"member": "z3_cat_d8_s2", "fold": 2}, {"member": "z3_cat_d8_s2", "fold": 3}, {"member": "z3_cat_d8_s2", "fold": 4}, {"member": "prod5_xgb_full_primary", "fold": 0}, {"member": "prod5_xgb_full_primary", "fold": 1}], "command": ["C:\\Users\\James\\airline_S6E10\\.venv\\Scripts\\python.exe", "-u", "scripts/replay_sol_classical.py", "--members", "prod5_xgb_full_primary", "--folds", "2", "--tag", "sol_clean_aux10_primary", "--resume-from", "sol_clean_aux10_threefold"]}
    [cache] view full: (699635, 237)
clean fold2: aux probability cache 42a61b7165c8
certified reuse prod5_xgb_full_primary_f2
{"utc": "2026-10-08T07:12:50.631199+00:00", "status": "RUNNING", "member": "prod5_xgb_full_primary", "fold": 3, "completed": [{"member": "xt_xt_d127_ss06", "fold": 0}, {"member": "xt_xt_d127_ss06", "fold": 1}, {"member": "xt_xt_d127_ss06", "fold": 2}, {"member": "xt_xt_d127_ss06", "fold": 3}, {"member": "xt_xt_d127_ss06", "fold": 4}, {"member": "xt_xt_d127_s1", "fold": 0}, {"member": "xt_xt_d127_s1", "fold": 1}, {"member": "xt_xt_d127_s1", "fold": 2}, {"member": "xt_xt_d127_s1", "fold": 3}, {"member": "xt_xt_d127_s1", "fold": 4}, {"member": "xt_xt_d255", "fold": 0}, {"member": "xt_xt_d255", "fold": 1}, {"member": "xt_xt_d255", "fold": 2}, {"member": "xt_xt_d255", "fold": 3}, {"member": "xt_xt_d255", "fold": 4}, {"member": "xt_xt_d127_bin63", "fold": 0}, {"member": "xt_xt_d127_bin63", "fold": 1}, {"member": "xt_xt_d127_bin63", "fold": 2}, {"member": "xt_xt_d127_bin63", "fold": 3}, {"member": "xt_xt_d127_bin63", "fold": 4}, {"member": "xt_xt_d127_cs05", "fold": 0}, {"member": "xt_xt_d127_cs05", "fold": 1}, {"member": "xt_xt_d127_cs05", "fold": 2}, {"member": "xt_xt_d127_cs05", "fold": 3}, {"member": "xt_xt_d127_cs05", "fold": 4}, {"member": "xt_xt_d63", "fold": 0}, {"member": "xt_xt_d63", "fold": 1}, {"member": "xt_xt_d63", "fold": 2}, {"member": "xt_xt_d63", "fold": 3}, {"member": "xt_xt_d63", "fold": 4}, {"member": "z3_cat_d8_s2", "fold": 0}, {"member": "z3_cat_d8_s2", "fold": 1}, {"member": "z3_cat_d8_s2", "fold": 2}, {"member": "z3_cat_d8_s2", "fold": 3}, {"member": "z3_cat_d8_s2", "fold": 4}, {"member": "prod5_xgb_full_primary", "fold": 0}, {"member": "prod5_xgb_full_primary", "fold": 1}, {"member": "prod5_xgb_full_primary", "fold": 2}], "command": ["C:\\Users\\James\\airline_S6E10\\.venv\\Scripts\\python.exe", "-u", "scripts/replay_sol_classical.py", "--members", "prod5_xgb_full_primary", "--folds", "3", "--tag", "sol_clean_aux10_primary", "--resume-from", "sol_clean_aux10_threefold"]}
    [cache] view full: (699635, 237)
clean fold3: aux probability cache dfd6a84b6372
prod5_xgb_full_primary_f3: AUC0.960254117; 424 trees; 9.9s
{"utc": "2026-10-08T07:13:13.062927+00:00", "status": "RUNNING", "member": "prod5_xgb_full_primary", "fold": 4, "completed": [{"member": "xt_xt_d127_ss06", "fold": 0}, {"member": "xt_xt_d127_ss06", "fold": 1}, {"member": "xt_xt_d127_ss06", "fold": 2}, {"member": "xt_xt_d127_ss06", "fold": 3}, {"member": "xt_xt_d127_ss06", "fold": 4}, {"member": "xt_xt_d127_s1", "fold": 0}, {"member": "xt_xt_d127_s1", "fold": 1}, {"member": "xt_xt_d127_s1", "fold": 2}, {"member": "xt_xt_d127_s1", "fold": 3}, {"member": "xt_xt_d127_s1", "fold": 4}, {"member": "xt_xt_d255", "fold": 0}, {"member": "xt_xt_d255", "fold": 1}, {"member": "xt_xt_d255", "fold": 2}, {"member": "xt_xt_d255", "fold": 3}, {"member": "xt_xt_d255", "fold": 4}, {"member": "xt_xt_d127_bin63", "fold": 0}, {"member": "xt_xt_d127_bin63", "fold": 1}, {"member": "xt_xt_d127_bin63", "fold": 2}, {"member": "xt_xt_d127_bin63", "fold": 3}, {"member": "xt_xt_d127_bin63", "fold": 4}, {"member": "xt_xt_d127_cs05", "fold": 0}, {"member": "xt_xt_d127_cs05", "fold": 1}, {"member": "xt_xt_d127_cs05", "fold": 2}, {"member": "xt_xt_d127_cs05", "fold": 3}, {"member": "xt_xt_d127_cs05", "fold": 4}, {"member": "xt_xt_d63", "fold": 0}, {"member": "xt_xt_d63", "fold": 1}, {"member": "xt_xt_d63", "fold": 2}, {"member": "xt_xt_d63", "fold": 3}, {"member": "xt_xt_d63", "fold": 4}, {"member": "z3_cat_d8_s2", "fold": 0}, {"member": "z3_cat_d8_s2", "fold": 1}, {"member": "z3_cat_d8_s2", "fold": 2}, {"member": "z3_cat_d8_s2", "fold": 3}, {"member": "z3_cat_d8_s2", "fold": 4}, {"member": "prod5_xgb_full_primary", "fold": 0}, {"member": "prod5_xgb_full_primary", "fold": 1}, {"member": "prod5_xgb_full_primary", "fold": 2}, {"member": "prod5_xgb_full_primary", "fold": 3}], "command": ["C:\\Users\\James\\airline_S6E10\\.venv\\Scripts\\python.exe", "-u", "scripts/replay_sol_classical.py", "--members", "prod5_xgb_full_primary", "--folds", "4", "--tag", "sol_clean_aux10_primary", "--resume-from", "sol_clean_aux10_threefold"]}
    [cache] view full: (699635, 237)
clean fold4: aux probability cache 23b2d6be24dd
prod5_xgb_full_primary_f4: AUC0.961675081; 729 trees; 12.1s
complete prod5_xgb_full_primary: OOF0.960984736; test=False
{"utc": "2026-10-08T07:13:37.824980+00:00", "status": "RUNNING", "member": "xt_xgb_lossguide", "fold": 0, "completed": [{"member": "xt_xt_d127_ss06", "fold": 0}, {"member": "xt_xt_d127_ss06", "fold": 1}, {"member": "xt_xt_d127_ss06", "fold": 2}, {"member": "xt_xt_d127_ss06", "fold": 3}, {"member": "xt_xt_d127_ss06", "fold": 4}, {"member": "xt_xt_d127_s1", "fold": 0}, {"member": "xt_xt_d127_s1", "fold": 1}, {"member": "xt_xt_d127_s1", "fold": 2}, {"member": "xt_xt_d127_s1", "fold": 3}, {"member": "xt_xt_d127_s1", "fold": 4}, {"member": "xt_xt_d255", "fold": 0}, {"member": "xt_xt_d255", "fold": 1}, {"member": "xt_xt_d255", "fold": 2}, {"member": "xt_xt_d255", "fold": 3}, {"member": "xt_xt_d255", "fold": 4}, {"member": "xt_xt_d127_bin63", "fold": 0}, {"member": "xt_xt_d127_bin63", "fold": 1}, {"member": "xt_xt_d127_bin63", "fold": 2}, {"member": "xt_xt_d127_bin63", "fold": 3}, {"member": "xt_xt_d127_bin63", "fold": 4}, {"member": "xt_xt_d127_cs05", "fold": 0}, {"member": "xt_xt_d127_cs05", "fold": 1}, {"member": "xt_xt_d127_cs05", "fold": 2}, {"member": "xt_xt_d127_cs05", "fold": 3}, {"member": "xt_xt_d127_cs05", "fold": 4}, {"member": "xt_xt_d63", "fold": 0}, {"member": "xt_xt_d63", "fold": 1}, {"member": "xt_xt_d63", "fold": 2}, {"member": "xt_xt_d63", "fold": 3}, {"member": "xt_xt_d63", "fold": 4}, {"member": "z3_cat_d8_s2", "fold": 0}, {"member": "z3_cat_d8_s2", "fold": 1}, {"member": "z3_cat_d8_s2", "fold": 2}, {"member": "z3_cat_d8_s2", "fold": 3}, {"member": "z3_cat_d8_s2", "fold": 4}, {"member": "prod5_xgb_full_primary", "fold": 0}, {"member": "prod5_xgb_full_primary", "fold": 1}, {"member": "prod5_xgb_full_primary", "fold": 2}, {"member": "prod5_xgb_full_primary", "fold": 3}, {"member": "prod5_xgb_full_primary", "fold": 4}], "command": ["C:\\Users\\James\\airline_S6E10\\.venv\\Scripts\\python.exe", "-u", "scripts/replay_sol_classical.py", "--members", "xt_xgb_lossguide", "--folds", "0", "--tag", "sol_clean_aux10_primary", "--resume-from", "sol_clean_aux10_threefold"]}
    [cache] view full: (699635, 237)
clean fold0: aux probability cache 5454f223e84b
certified reuse xt_xgb_lossguide_f0
{"utc": "2026-10-08T07:13:50.217582+00:00", "status": "RUNNING", "member": "xt_xgb_lossguide", "fold": 1, "completed": [{"member": "xt_xt_d127_ss06", "fold": 0}, {"member": "xt_xt_d127_ss06", "fold": 1}, {"member": "xt_xt_d127_ss06", "fold": 2}, {"member": "xt_xt_d127_ss06", "fold": 3}, {"member": "xt_xt_d127_ss06", "fold": 4}, {"member": "xt_xt_d127_s1", "fold": 0}, {"member": "xt_xt_d127_s1", "fold": 1}, {"member": "xt_xt_d127_s1", "fold": 2}, {"member": "xt_xt_d127_s1", "fold": 3}, {"member": "xt_xt_d127_s1", "fold": 4}, {"member": "xt_xt_d255", "fold": 0}, {"member": "xt_xt_d255", "fold": 1}, {"member": "xt_xt_d255", "fold": 2}, {"member": "xt_xt_d255", "fold": 3}, {"member": "xt_xt_d255", "fold": 4}, {"member": "xt_xt_d127_bin63", "fold": 0}, {"member": "xt_xt_d127_bin63", "fold": 1}, {"member": "xt_xt_d127_bin63", "fold": 2}, {"member": "xt_xt_d127_bin63", "fold": 3}, {"member": "xt_xt_d127_bin63", "fold": 4}, {"member": "xt_xt_d127_cs05", "fold": 0}, {"member": "xt_xt_d127_cs05", "fold": 1}, {"member": "xt_xt_d127_cs05", "fold": 2}, {"member": "xt_xt_d127_cs05", "fold": 3}, {"member": "xt_xt_d127_cs05", "fold": 4}, {"member": "xt_xt_d63", "fold": 0}, {"member": "xt_xt_d63", "fold": 1}, {"member": "xt_xt_d63", "fold": 2}, {"member": "xt_xt_d63", "fold": 3}, {"member": "xt_xt_d63", "fold": 4}, {"member": "z3_cat_d8_s2", "fold": 0}, {"member": "z3_cat_d8_s2", "fold": 1}, {"member": "z3_cat_d8_s2", "fold": 2}, {"member": "z3_cat_d8_s2", "fold": 3}, {"member": "z3_cat_d8_s2", "fold": 4}, {"member": "prod5_xgb_full_primary", "fold": 0}, {"member": "prod5_xgb_full_primary", "fold": 1}, {"member": "prod5_xgb_full_primary", "fold": 2}, {"member": "prod5_xgb_full_primary", "fold": 3}, {"member": "prod5_xgb_full_primary", "fold": 4}, {"member": "xt_xgb_lossguide", "fold": 0}], "command": ["C:\\Users\\James\\airline_S6E10\\.venv\\Scripts\\python.exe", "-u", "scripts/replay_sol_classical.py", "--members", "xt_xgb_lossguide", "--folds", "1", "--tag", "sol_clean_aux10_primary", "--resume-from", "sol_clean_aux10_threefold"]}
    [cache] view full: (699635, 237)
clean fold1: aux probability cache b6962eddf3a5
certified reuse xt_xgb_lossguide_f1
{"utc": "2026-10-08T07:14:02.602090+00:00", "status": "RUNNING", "member": "xt_xgb_lossguide", "fold": 2, "completed": [{"member": "xt_xt_d127_ss06", "fold": 0}, {"member": "xt_xt_d127_ss06", "fold": 1}, {"member": "xt_xt_d127_ss06", "fold": 2}, {"member": "xt_xt_d127_ss06", "fold": 3}, {"member": "xt_xt_d127_ss06", "fold": 4}, {"member": "xt_xt_d127_s1", "fold": 0}, {"member": "xt_xt_d127_s1", "fold": 1}, {"member": "xt_xt_d127_s1", "fold": 2}, {"member": "xt_xt_d127_s1", "fold": 3}, {"member": "xt_xt_d127_s1", "fold": 4}, {"member": "xt_xt_d255", "fold": 0}, {"member": "xt_xt_d255", "fold": 1}, {"member": "xt_xt_d255", "fold": 2}, {"member": "xt_xt_d255", "fold": 3}, {"member": "xt_xt_d255", "fold": 4}, {"member": "xt_xt_d127_bin63", "fold": 0}, {"member": "xt_xt_d127_bin63", "fold": 1}, {"member": "xt_xt_d127_bin63", "fold": 2}, {"member": "xt_xt_d127_bin63", "fold": 3}, {"member": "xt_xt_d127_bin63", "fold": 4}, {"member": "xt_xt_d127_cs05", "fold": 0}, {"member": "xt_xt_d127_cs05", "fold": 1}, {"member": "xt_xt_d127_cs05", "fold": 2}, {"member": "xt_xt_d127_cs05", "fold": 3}, {"member": "xt_xt_d127_cs05", "fold": 4}, {"member": "xt_xt_d63", "fold": 0}, {"member": "xt_xt_d63", "fold": 1}, {"member": "xt_xt_d63", "fold": 2}, {"member": "xt_xt_d63", "fold": 3}, {"member": "xt_xt_d63", "fold": 4}, {"member": "z3_cat_d8_s2", "fold": 0}, {"member": "z3_cat_d8_s2", "fold": 1}, {"member": "z3_cat_d8_s2", "fold": 2}, {"member": "z3_cat_d8_s2", "fold": 3}, {"member": "z3_cat_d8_s2", "fold": 4}, {"member": "prod5_xgb_full_primary", "fold": 0}, {"member": "prod5_xgb_full_primary", "fold": 1}, {"member": "prod5_xgb_full_primary", "fold": 2}, {"member": "prod5_xgb_full_primary", "fold": 3}, {"member": "prod5_xgb_full_primary", "fold": 4}, {"member": "xt_xgb_lossguide", "fold": 0}, {"member": "xt_xgb_lossguide", "fold": 1}], "command": ["C:\\Users\\James\\airline_S6E10\\.venv\\Scripts\\python.exe", "-u", "scripts/replay_sol_classical.py", "--members", "xt_xgb_lossguide", "--folds", "2", "--tag", "sol_clean_aux10_primary", "--resume-from", "sol_clean_aux10_threefold"]}
    [cache] view full: (699635, 237)
clean fold2: aux probability cache 42a61b7165c8
certified reuse xt_xgb_lossguide_f2
{"utc": "2026-10-08T07:14:15.007339+00:00", "status": "RUNNING", "member": "xt_xgb_lossguide", "fold": 3, "completed": [{"member": "xt_xt_d127_ss06", "fold": 0}, {"member": "xt_xt_d127_ss06", "fold": 1}, {"member": "xt_xt_d127_ss06", "fold": 2}, {"member": "xt_xt_d127_ss06", "fold": 3}, {"member": "xt_xt_d127_ss06", "fold": 4}, {"member": "xt_xt_d127_s1", "fold": 0}, {"member": "xt_xt_d127_s1", "fold": 1}, {"member": "xt_xt_d127_s1", "fold": 2}, {"member": "xt_xt_d127_s1", "fold": 3}, {"member": "xt_xt_d127_s1", "fold": 4}, {"member": "xt_xt_d255", "fold": 0}, {"member": "xt_xt_d255", "fold": 1}, {"member": "xt_xt_d255", "fold": 2}, {"member": "xt_xt_d255", "fold": 3}, {"member": "xt_xt_d255", "fold": 4}, {"member": "xt_xt_d127_bin63", "fold": 0}, {"member": "xt_xt_d127_bin63", "fold": 1}, {"member": "xt_xt_d127_bin63", "fold": 2}, {"member": "xt_xt_d127_bin63", "fold": 3}, {"member": "xt_xt_d127_bin63", "fold": 4}, {"member": "xt_xt_d127_cs05", "fold": 0}, {"member": "xt_xt_d127_cs05", "fold": 1}, {"member": "xt_xt_d127_cs05", "fold": 2}, {"member": "xt_xt_d127_cs05", "fold": 3}, {"member": "xt_xt_d127_cs05", "fold": 4}, {"member": "xt_xt_d63", "fold": 0}, {"member": "xt_xt_d63", "fold": 1}, {"member": "xt_xt_d63", "fold": 2}, {"member": "xt_xt_d63", "fold": 3}, {"member": "xt_xt_d63", "fold": 4}, {"member": "z3_cat_d8_s2", "fold": 0}, {"member": "z3_cat_d8_s2", "fold": 1}, {"member": "z3_cat_d8_s2", "fold": 2}, {"member": "z3_cat_d8_s2", "fold": 3}, {"member": "z3_cat_d8_s2", "fold": 4}, {"member": "prod5_xgb_full_primary", "fold": 0}, {"member": "prod5_xgb_full_primary", "fold": 1}, {"member": "prod5_xgb_full_primary", "fold": 2}, {"member": "prod5_xgb_full_primary", "fold": 3}, {"member": "prod5_xgb_full_primary", "fold": 4}, {"member": "xt_xgb_lossguide", "fold": 0}, {"member": "xt_xgb_lossguide", "fold": 1}, {"member": "xt_xgb_lossguide", "fold": 2}], "command": ["C:\\Users\\James\\airline_S6E10\\.venv\\Scripts\\python.exe", "-u", "scripts/replay_sol_classical.py", "--members", "xt_xgb_lossguide", "--folds", "3", "--tag", "sol_clean_aux10_primary", "--resume-from", "sol_clean_aux10_threefold"]}
    [cache] view full: (699635, 237)
clean fold3: aux probability cache dfd6a84b6372
xt_xgb_lossguide_f3: AUC0.960305144; 305 trees; 22.8s
{"utc": "2026-10-08T07:14:50.321320+00:00", "status": "RUNNING", "member": "xt_xgb_lossguide", "fold": 4, "completed": [{"member": "xt_xt_d127_ss06", "fold": 0}, {"member": "xt_xt_d127_ss06", "fold": 1}, {"member": "xt_xt_d127_ss06", "fold": 2}, {"member": "xt_xt_d127_ss06", "fold": 3}, {"member": "xt_xt_d127_ss06", "fold": 4}, {"member": "xt_xt_d127_s1", "fold": 0}, {"member": "xt_xt_d127_s1", "fold": 1}, {"member": "xt_xt_d127_s1", "fold": 2}, {"member": "xt_xt_d127_s1", "fold": 3}, {"member": "xt_xt_d127_s1", "fold": 4}, {"member": "xt_xt_d255", "fold": 0}, {"member": "xt_xt_d255", "fold": 1}, {"member": "xt_xt_d255", "fold": 2}, {"member": "xt_xt_d255", "fold": 3}, {"member": "xt_xt_d255", "fold": 4}, {"member": "xt_xt_d127_bin63", "fold": 0}, {"member": "xt_xt_d127_bin63", "fold": 1}, {"member": "xt_xt_d127_bin63", "fold": 2}, {"member": "xt_xt_d127_bin63", "fold": 3}, {"member": "xt_xt_d127_bin63", "fold": 4}, {"member": "xt_xt_d127_cs05", "fold": 0}, {"member": "xt_xt_d127_cs05", "fold": 1}, {"member": "xt_xt_d127_cs05", "fold": 2}, {"member": "xt_xt_d127_cs05", "fold": 3}, {"member": "xt_xt_d127_cs05", "fold": 4}, {"member": "xt_xt_d63", "fold": 0}, {"member": "xt_xt_d63", "fold": 1}, {"member": "xt_xt_d63", "fold": 2}, {"member": "xt_xt_d63", "fold": 3}, {"member": "xt_xt_d63", "fold": 4}, {"member": "z3_cat_d8_s2", "fold": 0}, {"member": "z3_cat_d8_s2", "fold": 1}, {"member": "z3_cat_d8_s2", "fold": 2}, {"member": "z3_cat_d8_s2", "fold": 3}, {"member": "z3_cat_d8_s2", "fold": 4}, {"member": "prod5_xgb_full_primary", "fold": 0}, {"member": "prod5_xgb_full_primary", "fold": 1}, {"member": "prod5_xgb_full_primary", "fold": 2}, {"member": "prod5_xgb_full_primary", "fold": 3}, {"member": "prod5_xgb_full_primary", "fold": 4}, {"member": "xt_xgb_lossguide", "fold": 0}, {"member": "xt_xgb_lossguide", "fold": 1}, {"member": "xt_xgb_lossguide", "fold": 2}, {"member": "xt_xgb_lossguide", "fold": 3}], "command": ["C:\\Users\\James\\airline_S6E10\\.venv\\Scripts\\python.exe", "-u", "scripts/replay_sol_classical.py", "--members", "xt_xgb_lossguide", "--folds", "4", "--tag", "sol_clean_aux10_primary", "--resume-from", "sol_clean_aux10_threefold"]}
    [cache] view full: (699635, 237)
clean fold4: aux probability cache 23b2d6be24dd
xt_xgb_lossguide_f4: AUC0.961770871; 512 trees; 30.4s
complete xt_xgb_lossguide: OOF0.961070659; test=False
{"utc": "2026-10-08T07:15:33.432501+00:00", "status": "RUNNING", "member": "zoo_xgb_d6", "fold": 0, "completed": [{"member": "xt_xt_d127_ss06", "fold": 0}, {"member": "xt_xt_d127_ss06", "fold": 1}, {"member": "xt_xt_d127_ss06", "fold": 2}, {"member": "xt_xt_d127_ss06", "fold": 3}, {"member": "xt_xt_d127_ss06", "fold": 4}, {"member": "xt_xt_d127_s1", "fold": 0}, {"member": "xt_xt_d127_s1", "fold": 1}, {"member": "xt_xt_d127_s1", "fold": 2}, {"member": "xt_xt_d127_s1", "fold": 3}, {"member": "xt_xt_d127_s1", "fold": 4}, {"member": "xt_xt_d255", "fold": 0}, {"member": "xt_xt_d255", "fold": 1}, {"member": "xt_xt_d255", "fold": 2}, {"member": "xt_xt_d255", "fold": 3}, {"member": "xt_xt_d255", "fold": 4}, {"member": "xt_xt_d127_bin63", "fold": 0}, {"member": "xt_xt_d127_bin63", "fold": 1}, {"member": "xt_xt_d127_bin63", "fold": 2}, {"member": "xt_xt_d127_bin63", "fold": 3}, {"member": "xt_xt_d127_bin63", "fold": 4}, {"member": "xt_xt_d127_cs05", "fold": 0}, {"member": "xt_xt_d127_cs05", "fold": 1}, {"member": "xt_xt_d127_cs05", "fold": 2}, {"member": "xt_xt_d127_cs05", "fold": 3}, {"member": "xt_xt_d127_cs05", "fold": 4}, {"member": "xt_xt_d63", "fold": 0}, {"member": "xt_xt_d63", "fold": 1}, {"member": "xt_xt_d63", "fold": 2}, {"member": "xt_xt_d63", "fold": 3}, {"member": "xt_xt_d63", "fold": 4}, {"member": "z3_cat_d8_s2", "fold": 0}, {"member": "z3_cat_d8_s2", "fold": 1}, {"member": "z3_cat_d8_s2", "fold": 2}, {"member": "z3_cat_d8_s2", "fold": 3}, {"member": "z3_cat_d8_s2", "fold": 4}, {"member": "prod5_xgb_full_primary", "fold": 0}, {"member": "prod5_xgb_full_primary", "fold": 1}, {"member": "prod5_xgb_full_primary", "fold": 2}, {"member": "prod5_xgb_full_primary", "fold": 3}, {"member": "prod5_xgb_full_primary", "fold": 4}, {"member": "xt_xgb_lossguide", "fold": 0}, {"member": "xt_xgb_lossguide", "fold": 1}, {"member": "xt_xgb_lossguide", "fold": 2}, {"member": "xt_xgb_lossguide", "fold": 3}, {"member": "xt_xgb_lossguide", "fold": 4}], "command": ["C:\\Users\\James\\airline_S6E10\\.venv\\Scripts\\python.exe", "-u", "scripts/replay_sol_classical.py", "--members", "zoo_xgb_d6", "--folds", "0", "--tag", "sol_clean_aux10_primary", "--resume-from", "sol_clean_aux10_threefold"]}
    [cache] view full: (699635, 237)
clean fold0: aux probability cache 5454f223e84b
certified reuse zoo_xgb_d6_f0
{"utc": "2026-10-08T07:15:45.926289+00:00", "status": "RUNNING", "member": "zoo_xgb_d6", "fold": 1, "completed": [{"member": "xt_xt_d127_ss06", "fold": 0}, {"member": "xt_xt_d127_ss06", "fold": 1}, {"member": "xt_xt_d127_ss06", "fold": 2}, {"member": "xt_xt_d127_ss06", "fold": 3}, {"member": "xt_xt_d127_ss06", "fold": 4}, {"member": "xt_xt_d127_s1", "fold": 0}, {"member": "xt_xt_d127_s1", "fold": 1}, {"member": "xt_xt_d127_s1", "fold": 2}, {"member": "xt_xt_d127_s1", "fold": 3}, {"member": "xt_xt_d127_s1", "fold": 4}, {"member": "xt_xt_d255", "fold": 0}, {"member": "xt_xt_d255", "fold": 1}, {"member": "xt_xt_d255", "fold": 2}, {"member": "xt_xt_d255", "fold": 3}, {"member": "xt_xt_d255", "fold": 4}, {"member": "xt_xt_d127_bin63", "fold": 0}, {"member": "xt_xt_d127_bin63", "fold": 1}, {"member": "xt_xt_d127_bin63", "fold": 2}, {"member": "xt_xt_d127_bin63", "fold": 3}, {"member": "xt_xt_d127_bin63", "fold": 4}, {"member": "xt_xt_d127_cs05", "fold": 0}, {"member": "xt_xt_d127_cs05", "fold": 1}, {"member": "xt_xt_d127_cs05", "fold": 2}, {"member": "xt_xt_d127_cs05", "fold": 3}, {"member": "xt_xt_d127_cs05", "fold": 4}, {"member": "xt_xt_d63", "fold": 0}, {"member": "xt_xt_d63", "fold": 1}, {"member": "xt_xt_d63", "fold": 2}, {"member": "xt_xt_d63", "fold": 3}, {"member": "xt_xt_d63", "fold": 4}, {"member": "z3_cat_d8_s2", "fold": 0}, {"member": "z3_cat_d8_s2", "fold": 1}, {"member": "z3_cat_d8_s2", "fold": 2}, {"member": "z3_cat_d8_s2", "fold": 3}, {"member": "z3_cat_d8_s2", "fold": 4}, {"member": "prod5_xgb_full_primary", "fold": 0}, {"member": "prod5_xgb_full_primary", "fold": 1}, {"member": "prod5_xgb_full_primary", "fold": 2}, {"member": "prod5_xgb_full_primary", "fold": 3}, {"member": "prod5_xgb_full_primary", "fold": 4}, {"member": "xt_xgb_lossguide", "fold": 0}, {"member": "xt_xgb_lossguide", "fold": 1}, {"member": "xt_xgb_lossguide", "fold": 2}, {"member": "xt_xgb_lossguide", "fold": 3}, {"member": "xt_xgb_lossguide", "fold": 4}, {"member": "zoo_xgb_d6", "fold": 0}], "command": ["C:\\Users\\James\\airline_S6E10\\.venv\\Scripts\\python.exe", "-u", "scripts/replay_sol_classical.py", "--members", "zoo_xgb_d6", "--folds", "1", "--tag", "sol_clean_aux10_primary", "--resume-from", "sol_clean_aux10_threefold"]}
    [cache] view full: (699635, 237)
clean fold1: aux probability cache b6962eddf3a5
certified reuse zoo_xgb_d6_f1
{"utc": "2026-10-08T07:15:58.457535+00:00", "status": "RUNNING", "member": "zoo_xgb_d6", "fold": 2, "completed": [{"member": "xt_xt_d127_ss06", "fold": 0}, {"member": "xt_xt_d127_ss06", "fold": 1}, {"member": "xt_xt_d127_ss06", "fold": 2}, {"member": "xt_xt_d127_ss06", "fold": 3}, {"member": "xt_xt_d127_ss06", "fold": 4}, {"member": "xt_xt_d127_s1", "fold": 0}, {"member": "xt_xt_d127_s1", "fold": 1}, {"member": "xt_xt_d127_s1", "fold": 2}, {"member": "xt_xt_d127_s1", "fold": 3}, {"member": "xt_xt_d127_s1", "fold": 4}, {"member": "xt_xt_d255", "fold": 0}, {"member": "xt_xt_d255", "fold": 1}, {"member": "xt_xt_d255", "fold": 2}, {"member": "xt_xt_d255", "fold": 3}, {"member": "xt_xt_d255", "fold": 4}, {"member": "xt_xt_d127_bin63", "fold": 0}, {"member": "xt_xt_d127_bin63", "fold": 1}, {"member": "xt_xt_d127_bin63", "fold": 2}, {"member": "xt_xt_d127_bin63", "fold": 3}, {"member": "xt_xt_d127_bin63", "fold": 4}, {"member": "xt_xt_d127_cs05", "fold": 0}, {"member": "xt_xt_d127_cs05", "fold": 1}, {"member": "xt_xt_d127_cs05", "fold": 2}, {"member": "xt_xt_d127_cs05", "fold": 3}, {"member": "xt_xt_d127_cs05", "fold": 4}, {"member": "xt_xt_d63", "fold": 0}, {"member": "xt_xt_d63", "fold": 1}, {"member": "xt_xt_d63", "fold": 2}, {"member": "xt_xt_d63", "fold": 3}, {"member": "xt_xt_d63", "fold": 4}, {"member": "z3_cat_d8_s2", "fold": 0}, {"member": "z3_cat_d8_s2", "fold": 1}, {"member": "z3_cat_d8_s2", "fold": 2}, {"member": "z3_cat_d8_s2", "fold": 3}, {"member": "z3_cat_d8_s2", "fold": 4}, {"member": "prod5_xgb_full_primary", "fold": 0}, {"member": "prod5_xgb_full_primary", "fold": 1}, {"member": "prod5_xgb_full_primary", "fold": 2}, {"member": "prod5_xgb_full_primary", "fold": 3}, {"member": "prod5_xgb_full_primary", "fold": 4}, {"member": "xt_xgb_lossguide", "fold": 0}, {"member": "xt_xgb_lossguide", "fold": 1}, {"member": "xt_xgb_lossguide", "fold": 2}, {"member": "xt_xgb_lossguide", "fold": 3}, {"member": "xt_xgb_lossguide", "fold": 4}, {"member": "zoo_xgb_d6", "fold": 0}, {"member": "zoo_xgb_d6", "fold": 1}], "command": ["C:\\Users\\James\\airline_S6E10\\.venv\\Scripts\\python.exe", "-u", "scripts/replay_sol_classical.py", "--members", "zoo_xgb_d6", "--folds", "2", "--tag", "sol_clean_aux10_primary", "--resume-from", "sol_clean_aux10_threefold"]}
    [cache] view full: (699635, 237)
clean fold2: aux probability cache 42a61b7165c8
certified reuse zoo_xgb_d6_f2
{"utc": "2026-10-08T07:16:11.109392+00:00", "status": "RUNNING", "member": "zoo_xgb_d6", "fold": 3, "completed": [{"member": "xt_xt_d127_ss06", "fold": 0}, {"member": "xt_xt_d127_ss06", "fold": 1}, {"member": "xt_xt_d127_ss06", "fold": 2}, {"member": "xt_xt_d127_ss06", "fold": 3}, {"member": "xt_xt_d127_ss06", "fold": 4}, {"member": "xt_xt_d127_s1", "fold": 0}, {"member": "xt_xt_d127_s1", "fold": 1}, {"member": "xt_xt_d127_s1", "fold": 2}, {"member": "xt_xt_d127_s1", "fold": 3}, {"member": "xt_xt_d127_s1", "fold": 4}, {"member": "xt_xt_d255", "fold": 0}, {"member": "xt_xt_d255", "fold": 1}, {"member": "xt_xt_d255", "fold": 2}, {"member": "xt_xt_d255", "fold": 3}, {"member": "xt_xt_d255", "fold": 4}, {"member": "xt_xt_d127_bin63", "fold": 0}, {"member": "xt_xt_d127_bin63", "fold": 1}, {"member": "xt_xt_d127_bin63", "fold": 2}, {"member": "xt_xt_d127_bin63", "fold": 3}, {"member": "xt_xt_d127_bin63", "fold": 4}, {"member": "xt_xt_d127_cs05", "fold": 0}, {"member": "xt_xt_d127_cs05", "fold": 1}, {"member": "xt_xt_d127_cs05", "fold": 2}, {"member": "xt_xt_d127_cs05", "fold": 3}, {"member": "xt_xt_d127_cs05", "fold": 4}, {"member": "xt_xt_d63", "fold": 0}, {"member": "xt_xt_d63", "fold": 1}, {"member": "xt_xt_d63", "fold": 2}, {"member": "xt_xt_d63", "fold": 3}, {"member": "xt_xt_d63", "fold": 4}, {"member": "z3_cat_d8_s2", "fold": 0}, {"member": "z3_cat_d8_s2", "fold": 1}, {"member": "z3_cat_d8_s2", "fold": 2}, {"member": "z3_cat_d8_s2", "fold": 3}, {"member": "z3_cat_d8_s2", "fold": 4}, {"member": "prod5_xgb_full_primary", "fold": 0}, {"member": "prod5_xgb_full_primary", "fold": 1}, {"member": "prod5_xgb_full_primary", "fold": 2}, {"member": "prod5_xgb_full_primary", "fold": 3}, {"member": "prod5_xgb_full_primary", "fold": 4}, {"member": "xt_xgb_lossguide", "fold": 0}, {"member": "xt_xgb_lossguide", "fold": 1}, {"member": "xt_xgb_lossguide", "fold": 2}, {"member": "xt_xgb_lossguide", "fold": 3}, {"member": "xt_xgb_lossguide", "fold": 4}, {"member": "zoo_xgb_d6", "fold": 0}, {"member": "zoo_xgb_d6", "fold": 1}, {"member": "zoo_xgb_d6", "fold": 2}], "command": ["C:\\Users\\James\\airline_S6E10\\.venv\\Scripts\\python.exe", "-u", "scripts/replay_sol_classical.py", "--members", "zoo_xgb_d6", "--folds", "3", "--tag", "sol_clean_aux10_primary", "--resume-from", "sol_clean_aux10_threefold"]}
    [cache] view full: (699635, 237)
clean fold3: aux probability cache dfd6a84b6372
zoo_xgb_d6_f3: AUC0.960236292; 569 trees; 8.1s
{"utc": "2026-10-08T07:16:31.711360+00:00", "status": "RUNNING", "member": "zoo_xgb_d6", "fold": 4, "completed": [{"member": "xt_xt_d127_ss06", "fold": 0}, {"member": "xt_xt_d127_ss06", "fold": 1}, {"member": "xt_xt_d127_ss06", "fold": 2}, {"member": "xt_xt_d127_ss06", "fold": 3}, {"member": "xt_xt_d127_ss06", "fold": 4}, {"member": "xt_xt_d127_s1", "fold": 0}, {"member": "xt_xt_d127_s1", "fold": 1}, {"member": "xt_xt_d127_s1", "fold": 2}, {"member": "xt_xt_d127_s1", "fold": 3}, {"member": "xt_xt_d127_s1", "fold": 4}, {"member": "xt_xt_d255", "fold": 0}, {"member": "xt_xt_d255", "fold": 1}, {"member": "xt_xt_d255", "fold": 2}, {"member": "xt_xt_d255", "fold": 3}, {"member": "xt_xt_d255", "fold": 4}, {"member": "xt_xt_d127_bin63", "fold": 0}, {"member": "xt_xt_d127_bin63", "fold": 1}, {"member": "xt_xt_d127_bin63", "fold": 2}, {"member": "xt_xt_d127_bin63", "fold": 3}, {"member": "xt_xt_d127_bin63", "fold": 4}, {"member": "xt_xt_d127_cs05", "fold": 0}, {"member": "xt_xt_d127_cs05", "fold": 1}, {"member": "xt_xt_d127_cs05", "fold": 2}, {"member": "xt_xt_d127_cs05", "fold": 3}, {"member": "xt_xt_d127_cs05", "fold": 4}, {"member": "xt_xt_d63", "fold": 0}, {"member": "xt_xt_d63", "fold": 1}, {"member": "xt_xt_d63", "fold": 2}, {"member": "xt_xt_d63", "fold": 3}, {"member": "xt_xt_d63", "fold": 4}, {"member": "z3_cat_d8_s2", "fold": 0}, {"member": "z3_cat_d8_s2", "fold": 1}, {"member": "z3_cat_d8_s2", "fold": 2}, {"member": "z3_cat_d8_s2", "fold": 3}, {"member": "z3_cat_d8_s2", "fold": 4}, {"member": "prod5_xgb_full_primary", "fold": 0}, {"member": "prod5_xgb_full_primary", "fold": 1}, {"member": "prod5_xgb_full_primary", "fold": 2}, {"member": "prod5_xgb_full_primary", "fold": 3}, {"member": "prod5_xgb_full_primary", "fold": 4}, {"member": "xt_xgb_lossguide", "fold": 0}, {"member": "xt_xgb_lossguide", "fold": 1}, {"member": "xt_xgb_lossguide", "fold": 2}, {"member": "xt_xgb_lossguide", "fold": 3}, {"member": "xt_xgb_lossguide", "fold": 4}, {"member": "zoo_xgb_d6", "fold": 0}, {"member": "zoo_xgb_d6", "fold": 1}, {"member": "zoo_xgb_d6", "fold": 2}, {"member": "zoo_xgb_d6", "fold": 3}], "command": ["C:\\Users\\James\\airline_S6E10\\.venv\\Scripts\\python.exe", "-u", "scripts/replay_sol_classical.py", "--members", "zoo_xgb_d6", "--folds", "4", "--tag", "sol_clean_aux10_primary", "--resume-from", "sol_clean_aux10_threefold"]}
    [cache] view full: (699635, 237)
clean fold4: aux probability cache 23b2d6be24dd
zoo_xgb_d6_f4: AUC0.961536175; 1094 trees; 11.2s
complete zoo_xgb_d6: OOF0.960943703; test=False
